<html>
<body>
<pre>
<h1>µVision Build Log</h1>
<h2>Tool Versions:</h2>
IDE-Version: µVision V5.39.0.0
Copyright (C) 2023 ARM Ltd and ARM Germany GmbH. All rights reserved.
License Information: Chia-hui Tung
Shandong University of Technology
User-based license: Keil MDK Community
Valid until: Jun 1 2033. Cached until: Feb 8 2024
 
Tool Versions:
Toolchain:       Keil MDK Community  Version: 5.39.0.0
Toolchain Path:  C:\Program Files\Arm\KeilMDK\Keil_v5\ARM\ARMCLANG\Bin
C Compiler:      ArmClang.exe V6.21
Assembler:       Armasm.exe V6.21
Linker/Locator:  ArmLink.exe V6.21
Library Manager: ArmAr.exe V6.21
Hex Converter:   FromElf.exe V6.21
CPU DLL:         SARMCM3.DLL V5.39.0.0
Dialog DLL:      DCM.DLL V1.17.5.0
Target DLL:      UL2CM3.DLL V1.164.9.0
Dialog DLL:      TCM.DLL V1.56.4.0
 
<h2>Project:</h2>
C:\UserFolder\XiaomiCloud\Work\Source\STM32_Projects\Template\MDK-ARM\Template.uvprojx
Project File Date:  02/01/2024

<h2>Output:</h2>
*** Using Compiler 'V6.21', folder: 'C:\Program Files\Arm\KeilMDK\Keil_v5\ARM\ARMCLANG\Bin'
Rebuild target 'Template'
compiling stm32f1xx_it.c...
compiling stm32f1xx_hal_msp.c...
compiling stm32f1xx_hal_gpio_ex.c...
compiling stm32f1xx_hal_timebase_tim.c...
compiling freertos.c...
compiling startup_main.cpp...
compiling main.c...
assembling startup_stm32f103xb.s...
compiling gpio.c...
compiling stm32f1xx_hal_rcc_ex.c...
compiling stm32f1xx_hal.c...
compiling stm32f1xx_hal_gpio.c...
compiling stm32f1xx_hal_cortex.c...
compiling stm32f1xx_hal_dma.c...
compiling stm32f1xx_hal_rcc.c...
compiling stm32f1xx_hal_pwr.c...
compiling stm32f1xx_hal_flash.c...
compiling stm32f1xx_hal_flash_ex.c...
compiling croutine.c...
compiling timers.c...
compiling system_stm32f1xx.c...
compiling list.c...
compiling event_groups.c...
compiling stm32f1xx_hal_exti.c...
compiling heap_4.c...
compiling port.c...
compiling stream_buffer.c...
compiling led_task.cpp...
compiling cmsis_os.c...
compiling queue.c...
compiling stm32f1xx_hal_tim_ex.c...
compiling tasks.c...
compiling bsp_delay.cpp...
compiling stm32f1xx_hal_tim.c...
linking...
Program Size: Code=8370 RO-data=322 RW-data=16 ZI-data=5720  
FromELF: creating hex file...
"Template\Template.axf" - 0 Error(s), 0 Warning(s).

<h2>Software Packages used:</h2>

Package Vendor: ARM
                http://www.keil.com/pack/ARM.CMSIS.5.9.0.pack
                ARM::CMSIS@5.9.0
                CMSIS (Common Microcontroller Software Interface Standard)
   * Component: CORE Version: 5.6.0

Package Vendor: Keil
                http://www.keil.com/pack/Keil.STM32F1xx_DFP.2.4.0.pack
                Keil::STM32F1xx_DFP@2.4.0
                STMicroelectronics STM32F1 Series Device Support, Drivers and Examples

<h2>Collection of Component include folders:</h2>
  ./RTE/_Template
  C:/Program Files/Arm/KeilMDK/Packs/ARM/CMSIS/5.9.0/CMSIS/Core/Include
  C:/Program Files/Arm/KeilMDK/Packs/Keil/STM32F1xx_DFP/2.4.0/Device/Include

<h2>Collection of Component Files used:</h2>

   * Component: ARM::CMSIS:CORE@5.6.0
Build Time Elapsed:  00:00:02
</pre>
</body>
</html>
