Component: Arm Compiler for Embedded 6.23 Tool: armlink [5f102400]

==============================================================================

Section Cross References

    startup_stm32f407xx.o(STACK) refers (Special) to heapauxi.o(.text) for __use_two_region_memory
    startup_stm32f407xx.o(HEAP) refers (Special) to heapauxi.o(.text) for __use_two_region_memory
    startup_stm32f407xx.o(RESET) refers (Special) to heapauxi.o(.text) for __use_two_region_memory
    startup_stm32f407xx.o(RESET) refers to startup_stm32f407xx.o(STACK) for __initial_sp
    startup_stm32f407xx.o(RESET) refers to startup_stm32f407xx.o(.text) for Reset_Handler
    startup_stm32f407xx.o(RESET) refers to stm32f4xx_it.o(.text.NMI_Handler) for NMI_Handler
    startup_stm32f407xx.o(RESET) refers to stm32f4xx_it.o(.text.HardFault_Handler) for HardFault_Handler
    startup_stm32f407xx.o(RESET) refers to stm32f4xx_it.o(.text.MemManage_Handler) for MemManage_Handler
    startup_stm32f407xx.o(RESET) refers to stm32f4xx_it.o(.text.BusFault_Handler) for BusFault_Handler
    startup_stm32f407xx.o(RESET) refers to stm32f4xx_it.o(.text.UsageFault_Handler) for UsageFault_Handler
    startup_stm32f407xx.o(RESET) refers to port.o(.text.SVC_Handler) for SVC_Handler
    startup_stm32f407xx.o(RESET) refers to stm32f4xx_it.o(.text.DebugMon_Handler) for DebugMon_Handler
    startup_stm32f407xx.o(RESET) refers to port.o(.text.PendSV_Handler) for PendSV_Handler
    startup_stm32f407xx.o(RESET) refers to port.o(.text.SysTick_Handler) for SysTick_Handler
    startup_stm32f407xx.o(RESET) refers to stm32f4xx_it.o(.text.I2C2_EV_IRQHandler) for I2C2_EV_IRQHandler
    startup_stm32f407xx.o(RESET) refers to stm32f4xx_it.o(.text.I2C2_ER_IRQHandler) for I2C2_ER_IRQHandler
    startup_stm32f407xx.o(RESET) refers to stm32f4xx_it.o(.text.TIM6_DAC_IRQHandler) for TIM6_DAC_IRQHandler
    startup_stm32f407xx.o(RESET) refers to stm32f4xx_it.o(.text.TIM7_IRQHandler) for TIM7_IRQHandler
    startup_stm32f407xx.o(.text) refers (Special) to heapauxi.o(.text) for __use_two_region_memory
    startup_stm32f407xx.o(.text) refers to system_stm32f4xx.o(.text.SystemInit) for SystemInit
    startup_stm32f407xx.o(.text) refers to __main.o(!!!main) for __main
    startup_stm32f407xx.o(.text) refers to startup_stm32f407xx.o(HEAP) for Heap_Mem
    startup_stm32f407xx.o(.text) refers to startup_stm32f407xx.o(STACK) for Stack_Mem
    main.o(.text.main) refers to stm32f4xx_hal.o(.text.HAL_Init) for HAL_Init
    main.o(.text.main) refers to main.o(.text.SystemClock_Config) for SystemClock_Config
    main.o(.text.main) refers to gpio.o(.text.MX_GPIO_Init) for MX_GPIO_Init
    main.o(.text.main) refers to i2c.o(.text.MX_I2C2_Init) for MX_I2C2_Init
    main.o(.text.main) refers to tim.o(.text.MX_TIM6_Init) for MX_TIM6_Init
    main.o(.text.main) refers to startup_main.o(.text.startup_main) for startup_main
    main.o(.text.main) refers to freertos.o(.text.MX_FREERTOS_Init) for MX_FREERTOS_Init
    main.o(.text.main) refers to cmsis_os.o(.text.osKernelStart) for osKernelStart
    main.o(.ARM.exidx.text.main) refers to main.o(.text.main) for [Anonymous Symbol]
    main.o(.text.SystemClock_Config) refers to rt_memclr_w.o(.text) for __aeabi_memclr4
    main.o(.text.SystemClock_Config) refers to stm32f4xx_hal_rcc.o(.text.HAL_RCC_OscConfig) for HAL_RCC_OscConfig
    main.o(.text.SystemClock_Config) refers to stm32f4xx_hal_rcc.o(.text.HAL_RCC_ClockConfig) for HAL_RCC_ClockConfig
    main.o(.ARM.exidx.text.SystemClock_Config) refers to main.o(.text.SystemClock_Config) for [Anonymous Symbol]
    main.o(.ARM.exidx.text.Error_Handler) refers to main.o(.text.Error_Handler) for [Anonymous Symbol]
    gpio.o(.ARM.exidx.text.MX_GPIO_Init) refers to gpio.o(.text.MX_GPIO_Init) for [Anonymous Symbol]
    freertos.o(.text.vApplicationGetIdleTaskMemory) refers to freertos.o(.bss.xIdleTaskTCBBuffer) for xIdleTaskTCBBuffer
    freertos.o(.text.vApplicationGetIdleTaskMemory) refers to freertos.o(.bss.xIdleStack) for xIdleStack
    freertos.o(.ARM.exidx.text.vApplicationGetIdleTaskMemory) refers to freertos.o(.text.vApplicationGetIdleTaskMemory) for [Anonymous Symbol]
    freertos.o(.text.MX_FREERTOS_Init) refers to cmsis_os.o(.text.osThreadCreate) for osThreadCreate
    freertos.o(.text.MX_FREERTOS_Init) refers to freertos.o(.bss.IMU_TASKHandle) for IMU_TASKHandle
    freertos.o(.text.MX_FREERTOS_Init) refers to freertos.o(.rodata.str1.1) for [Anonymous Symbol]
    freertos.o(.text.MX_FREERTOS_Init) refers to imu_task.o(.text.imu_task) for imu_task
    freertos.o(.ARM.exidx.text.MX_FREERTOS_Init) refers to freertos.o(.text.MX_FREERTOS_Init) for [Anonymous Symbol]
    freertos.o(.text.imu_task) refers to cmsis_os.o(.text.osDelay) for osDelay
    freertos.o(.ARM.exidx.text.imu_task) refers to freertos.o(.text.imu_task) for [Anonymous Symbol]
    i2c.o(.text.MX_I2C2_Init) refers to i2c.o(.bss.hi2c2) for hi2c2
    i2c.o(.text.MX_I2C2_Init) refers to stm32f4xx_hal_i2c.o(.text.HAL_I2C_Init) for HAL_I2C_Init
[...]
    I2C_MasterTransmit_BTF                   0x080026e5   Thumb Code   128  stm32f4xx_hal_i2c.o(.text.I2C_MasterTransmit_BTF)
    [Anonymous Symbol]                       0x080026e4   Section        0  stm32f4xx_hal_i2c.o(.text.I2C_MasterTransmit_BTF)
    I2C_MasterTransmit_TXE                   0x08002765   Thumb Code   176  stm32f4xx_hal_i2c.o(.text.I2C_MasterTransmit_TXE)
    [Anonymous Symbol]                       0x08002764   Section        0  stm32f4xx_hal_i2c.o(.text.I2C_MasterTransmit_TXE)
    I2C_MemoryTransmit_TXE_BTF               0x08002815   Thumb Code   172  stm32f4xx_hal_i2c.o(.text.I2C_MemoryTransmit_TXE_BTF)
    [Anonymous Symbol]                       0x08002814   Section        0  stm32f4xx_hal_i2c.o(.text.I2C_MemoryTransmit_TXE_BTF)
    I2C_RequestMemoryRead                    0x080028c1   Thumb Code   622  stm32f4xx_hal_i2c.o(.text.I2C_RequestMemoryRead)
    [Anonymous Symbol]                       0x080028c0   Section        0  stm32f4xx_hal_i2c.o(.text.I2C_RequestMemoryRead)
    I2C_RequestMemoryWrite                   0x08002b31   Thumb Code   496  stm32f4xx_hal_i2c.o(.text.I2C_RequestMemoryWrite)
    [Anonymous Symbol]                       0x08002b30   Section        0  stm32f4xx_hal_i2c.o(.text.I2C_RequestMemoryWrite)
    I2C_WaitOnBTFFlagUntilTimeout            0x08002d21   Thumb Code   116  stm32f4xx_hal_i2c.o(.text.I2C_WaitOnBTFFlagUntilTimeout)
    [Anonymous Symbol]                       0x08002d20   Section        0  stm32f4xx_hal_i2c.o(.text.I2C_WaitOnBTFFlagUntilTimeout)
    I2C_WaitOnFlagUntilTimeout               0x08002d95   Thumb Code   136  stm32f4xx_hal_i2c.o(.text.I2C_WaitOnFlagUntilTimeout)
    [Anonymous Symbol]                       0x08002d94   Section        0  stm32f4xx_hal_i2c.o(.text.I2C_WaitOnFlagUntilTimeout)
    I2C_WaitOnMasterAddressFlagUntilTimeout  0x08002e1d   Thumb Code   132  stm32f4xx_hal_i2c.o(.text.I2C_WaitOnMasterAddressFlagUntilTimeout)
    [Anonymous Symbol]                       0x08002e1c   Section        0  stm32f4xx_hal_i2c.o(.text.I2C_WaitOnMasterAddressFlagUntilTimeout)
    [Anonymous Symbol]                       0x08002ea0   Section        0  freertos.o(.text.MX_FREERTOS_Init)
    [Anonymous Symbol]                       0x08002ef0   Section        0  gpio.o(.text.MX_GPIO_Init)
    [Anonymous Symbol]                       0x08002f3c   Section        0  i2c.o(.text.MX_I2C2_Init)
    [Anonymous Symbol]                       0x08002f80   Section        0  tim.o(.text.MX_TIM6_Init)
    [Anonymous Symbol]                       0x08002fd4   Section        0  MahonyAHRS.o(.text.MahonyAHRSupdate)
    [Anonymous Symbol]                       0x080034d0   Section        0  MahonyAHRS.o(.text.MahonyAHRSupdateIMU)
    [Anonymous Symbol]                       0x0800381c   Section        0  stm32f4xx_it.o(.text.MemManage_Handler)
    [Anonymous Symbol]                       0x08003820   Section        0  stm32f4xx_it.o(.text.NMI_Handler)
    [Anonymous Symbol]                       0x08003830   Section        0  port.o(.text.PendSV_Handler)
    pxCurrentTCBConst                        0x08003890   Number         0  port.o(.text.PendSV_Handler)
    [Anonymous Symbol]                       0x080038a0   Section        0  port.o(.text.SVC_Handler)
    pxCurrentTCBConst2                       0x080038c0   Number         0  port.o(.text.SVC_Handler)
    [Anonymous Symbol]                       0x080038c4   Section        0  port.o(.text.SysTick_Handler)
    [Anonymous Symbol]                       0x080038f4   Section        0  main.o(.text.SystemClock_Config)
    [Anonymous Symbol]                       0x0800399c   Section        0  system_stm32f4xx.o(.text.SystemInit)
    [Anonymous Symbol]                       0x080039b0   Section        0  stm32f4xx_it.o(.text.TIM6_DAC_IRQHandler)
    [Anonymous Symbol]                       0x080039bc   Section        0  stm32f4xx_it.o(.text.TIM7_IRQHandler)
    [Anonymous Symbol]                       0x080039c8   Section        0  stm32f4xx_hal_tim.o(.text.TIM_Base_SetConfig)
    [Anonymous Symbol]                       0x08003afc   Section        0  stm32f4xx_it.o(.text.UsageFault_Handler)
    [Anonymous Symbol]                       0x08003b00   Section        0  mpu6050.o(.text._ZN7MPU605015I2C_Search_AddrEv)
    [Anonymous Symbol]                       0x08003b3c   Section        0  mpu6050.o(.text._ZN7MPU60503GET3AllEv)
    [Anonymous Symbol]                       0x08003c9c   Section        0  mpu6050.o(.text._ZN7MPU60503GET5EulerEv)
    [Anonymous Symbol]                       0x08003dd4   Section        0  mpu6050.o(.text._ZN7MPU60504InitEv)
    [Anonymous Symbol]                       0x08003e74   Section        0  imu_task.o(.text.imu_task)
    [Anonymous Symbol]                       0x08003eb8   Section        0  main.o(.text.main)
    [Anonymous Symbol]                       0x08003edc   Section        0  cmsis_os.o(.text.osDelay)
    [Anonymous Symbol]                       0x08003eec   Section        0  cmsis_os.o(.text.osDelayUntil)
    [Anonymous Symbol]                       0x08003efc   Section        0  cmsis_os.o(.text.osKernelStart)
    [Anonymous Symbol]                       0x08003f08   Section        0  cmsis_os.o(.text.osKernelSysTick)
    [Anonymous Symbol]                       0x08003f18   Section        0  cmsis_os.o(.text.osThreadCreate)
    prvAddNewTaskToReadyList                 0x08003f79   Thumb Code   282  tasks.o(.text.prvAddNewTaskToReadyList)
    [Anonymous Symbol]                       0x08003f78   Section        0  tasks.o(.text.prvAddNewTaskToReadyList)
    prvIdleTask                              0x08004095   Thumb Code   150  tasks.o(.text.prvIdleTask)
    [Anonymous Symbol]                       0x08004094   Section        0  tasks.o(.text.prvIdleTask)
    prvPortStartFirstTask                    0x0800412d   Thumb Code    34  port.o(.text.prvPortStartFirstTask)
    [Anonymous Symbol]                       0x0800412c   Section        0  port.o(.text.prvPortStartFirstTask)
    prvTaskExitError                         0x08004155   Thumb Code    50  port.o(.text.prvTaskExitError)
    [Anonymous Symbol]                       0x08004154   Section        0  port.o(.text.prvTaskExitError)
    [Anonymous Symbol]                       0x08004188   Section        0  heap_4.o(.text.pvPortMalloc)
    [Anonymous Symbol]                       0x08004328   Section        0  port.o(.text.pxPortInitialiseStack)
    [Anonymous Symbol]                       0x0800434c   Section        0  startup_main.o(.text.startup_main)
    [Anonymous Symbol]                       0x08004350   Section        0  list.o(.text.uxListRemove)
    [Anonymous Symbol]                       0x08004374   Section        0  freertos.o(.text.vApplicationGetIdleTaskMemory)
    [Anonymous Symbol]                       0x08004390   Section        0  list.o(.text.vListInitialise)
    [Anonymous Symbol]                       0x080043a8   Section        0  list.o(.text.vListInitialiseItem)
    [Anonymous Symbol]                       0x080043b0   Section        0  list.o(.text.vListInsert)
    [Anonymous Symbol]                       0x080043ec   Section        0  list.o(.text.vListInsertEnd)
    vPortEnableVFP                           0x08004409   Thumb Code    14  port.o(.text.vPortEnableVFP)
    [Anonymous Symbol]                       0x08004408   Section        0  port.o(.text.vPortEnableVFP)
    [Anonymous Symbol]                       0x0800441c   Section        0  port.o(.text.vPortEnterCritical)
    [Anonymous Symbol]                       0x08004464   Section        0  port.o(.text.vPortExitCritical)
    [Anonymous Symbol]                       0x08004494   Section        0  heap_4.o(.text.vPortFree)
    [Anonymous Symbol]                       0x0800456c   Section        0  port.o(.text.vPortSetupTimerInterrupt)
    [Anonymous Symbol]                       0x080045a0   Section        0  port.o(.text.vPortValidateInterruptPriority)
    [Anonymous Symbol]                       0x08004604   Section        0  tasks.o(.text.vTaskDelay)
    [Anonymous Symbol]                       0x080046c8   Section        0  tasks.o(.text.vTaskDelayUntil)
    [Anonymous Symbol]                       0x080047d4   Section        0  tasks.o(.text.vTaskStartScheduler)
    [Anonymous Symbol]                       0x08004854   Section        0  tasks.o(.text.vTaskSuspendAll)
    [Anonymous Symbol]                       0x08004864   Section        0  tasks.o(.text.vTaskSwitchContext)
    [Anonymous Symbol]                       0x080048ec   Section        0  port.o(.text.xPortStartScheduler)
    [Anonymous Symbol]                       0x08004a1c   Section        0  tasks.o(.text.xTaskCreate)
    [Anonymous Symbol]                       0x08004ad8   Section        0  tasks.o(.text.xTaskCreateStatic)
    [Anonymous Symbol]                       0x08004bc4   Section        0  tasks.o(.text.xTaskGetTickCount)
    [Anonymous Symbol]                       0x08004bd0   Section        0  tasks.o(.text.xTaskGetTickCountFromISR)
    [Anonymous Symbol]                       0x08004be4   Section        0  tasks.o(.text.xTaskIncrementTick)
    [Anonymous Symbol]                       0x08004d64   Section        0  tasks.o(.text.xTaskResumeAll)
    i.__ARM_fpclassifyf                      0x08004e9c   Section        0  fpclassifyf.o(i.__ARM_fpclassifyf)
    i.__hardfp_asinf                         0x08004ec4   Section        0  asinf.o(i.__hardfp_asinf)
    i.__hardfp_atan2f                        0x08004ff0   Section        0  atan2f.o(i.__hardfp_atan2f)
    i.__hardfp_sqrtf                         0x0800529c   Section        0  sqrtf.o(i.__hardfp_sqrtf)
    i.__mathlib_flt_infnan                   0x080052d6   Section        0  funder.o(i.__mathlib_flt_infnan)
    i.__mathlib_flt_infnan2                  0x080052dc   Section        0  funder.o(i.__mathlib_flt_infnan2)
    i.__mathlib_flt_invalid                  0x080052e4   Section        0  funder.o(i.__mathlib_flt_invalid)
    i.__mathlib_flt_underflow                0x080052f4   Section        0  funder.o(i.__mathlib_flt_underflow)
    i.sqrtf                                  0x08005304   Section        0  sqrtf.o(i.sqrtf)
    $v0                                      0x08005342   Number         0  fpinit.o(x$fpl$fpinit)
    x$fpl$fpinit                             0x08005342   Section       26  fpinit.o(x$fpl$fpinit)
    x$fpl$usenofp                            0x0800535c   Section        0  usenofp.o(x$fpl$usenofp)
    [Anonymous Symbol]                       0x08005374   Section        0  freertos.o(.rodata.str1.1)
    uxCriticalNesting                        0x20000018   Data           4  port.o(.data.uxCriticalNesting)
    [Anonymous Symbol]                       0x20000018   Section        0  port.o(.data.uxCriticalNesting)
    .bss                                     0x20000020   Section       96  libspace.o(.bss)
    pxDelayedTaskList                        0x200001d4   Data           4  tasks.o(.bss.pxDelayedTaskList)
    [Anonymous Symbol]                       0x200001d4   Section        0  tasks.o(.bss.pxDelayedTaskList)
    pxEnd                                    0x200001d8   Data           4  heap_4.o(.bss.pxEnd)
    [Anonymous Symbol]                       0x200001d8   Section        0  heap_4.o(.bss.pxEnd)
    pxOverflowDelayedTaskList                0x200001dc   Data           4  tasks.o(.bss.pxOverflowDelayedTaskList)
    [Anonymous Symbol]                       0x200001dc   Section        0  tasks.o(.bss.pxOverflowDelayedTaskList)
    pxReadyTasksLists                        0x200001e0   Data         140  tasks.o(.bss.pxReadyTasksLists)
    [Anonymous Symbol]                       0x200001e0   Section        0  tasks.o(.bss.pxReadyTasksLists)
    ucHeap                                   0x20000288   Data       15360  heap_4.o(.bss.ucHeap)
    [Anonymous Symbol]                       0x20000288   Section        0  heap_4.o(.bss.ucHeap)
    ucMaxSysCallPriority                     0x20003e88   Data           1  port.o(.bss.ucMaxSysCallPriority)
    [Anonymous Symbol]                       0x20003e88   Section        0  port.o(.bss.ucMaxSysCallPriority)
    ulMaxPRIGROUPValue                       0x20003e8c   Data           4  port.o(.bss.ulMaxPRIGROUPValue)
    [Anonymous Symbol]                       0x20003e8c   Section        0  port.o(.bss.ulMaxPRIGROUPValue)
    uxCurrentNumberOfTasks                   0x20003e94   Data           4  tasks.o(.bss.uxCurrentNumberOfTasks)
    [Anonymous Symbol]                       0x20003e94   Section        0  tasks.o(.bss.uxCurrentNumberOfTasks)
    uxDeletedTasksWaitingCleanUp             0x20003e98   Data           4  tasks.o(.bss.uxDeletedTasksWaitingCleanUp)
    [Anonymous Symbol]                       0x20003e98   Section        0  tasks.o(.bss.uxDeletedTasksWaitingCleanUp)
    uxSchedulerSuspended                     0x20003e9c   Data           4  tasks.o(.bss.uxSchedulerSuspended)
    [Anonymous Symbol]                       0x20003e9c   Section        0  tasks.o(.bss.uxSchedulerSuspended)
    uxTaskNumber                             0x20003ea0   Data           4  tasks.o(.bss.uxTaskNumber)
    [Anonymous Symbol]                       0x20003ea0   Section        0  tasks.o(.bss.uxTaskNumber)
    uxTopReadyPriority                       0x20003ea4   Data           4  tasks.o(.bss.uxTopReadyPriority)
    [Anonymous Symbol]                       0x20003ea4   Section        0  tasks.o(.bss.uxTopReadyPriority)
    xBlockAllocatedBit                       0x20003ea8   Data           1  heap_4.o(.bss.xBlockAllocatedBit)
    [Anonymous Symbol]                       0x20003ea8   Section        0  heap_4.o(.bss.xBlockAllocatedBit)
    xDelayedTaskList1                        0x20003eac   Data          20  tasks.o(.bss.xDelayedTaskList1)
    [Anonymous Symbol]                       0x20003eac   Section        0  tasks.o(.bss.xDelayedTaskList1)
    xDelayedTaskList2                        0x20003ec0   Data          20  tasks.o(.bss.xDelayedTaskList2)
    [Anonymous Symbol]                       0x20003ec0   Section        0  tasks.o(.bss.xDelayedTaskList2)
    xFreeBytesRemaining                      0x20003ed4   Data           4  heap_4.o(.bss.xFreeBytesRemaining)
    [Anonymous Symbol]                       0x20003ed4   Section        0  heap_4.o(.bss.xFreeBytesRemaining)
    xIdleStack                               0x20003ed8   Data         512  freertos.o(.bss.xIdleStack)
    [Anonymous Symbol]                       0x20003ed8   Section        0  freertos.o(.bss.xIdleStack)
    xIdleTaskHandle                          0x200040d8   Data           4  tasks.o(.bss.xIdleTaskHandle)
    [Anonymous Symbol]                       0x200040d8   Section        0  tasks.o(.bss.xIdleTaskHandle)
    xIdleTaskTCBBuffer                       0x200040dc   Data          84  freertos.o(.bss.xIdleTaskTCBBuffer)
    [Anonymous Symbol]                       0x200040dc   Section        0  freertos.o(.bss.xIdleTaskTCBBuffer)
    xMinimumEverFreeBytesRemaining           0x20004130   Data           4  heap_4.o(.bss.xMinimumEverFreeBytesRemaining)
    [Anonymous Symbol]                       0x20004130   Section        0  heap_4.o(.bss.xMinimumEverFreeBytesRemaining)
    xNextTaskUnblockTime                     0x20004134   Data           4  tasks.o(.bss.xNextTaskUnblockTime)
    [Anonymous Symbol]                       0x20004134   Section        0  tasks.o(.bss.xNextTaskUnblockTime)
    xNumOfOverflows                          0x20004138   Data           4  tasks.o(.bss.xNumOfOverflows)
    [Anonymous Symbol]                       0x20004138   Section        0  tasks.o(.bss.xNumOfOverflows)
    xNumberOfSuccessfulAllocations           0x2000413c   Data           4  heap_4.o(.bss.xNumberOfSuccessfulAllocations)
    [Anonymous Symbol]                       0x2000413c   Section        0  heap_4.o(.bss.xNumberOfSuccessfulAllocations)
    xNumberOfSuccessfulFrees                 0x20004140   Data           4  heap_4.o(.bss.xNumberOfSuccessfulFrees)
    [Anonymous Symbol]                       0x20004140   Section        0  heap_4.o(.bss.xNumberOfSuccessfulFrees)
    xPendedTicks                             0x20004144   Data           4  tasks.o(.bss.xPendedTicks)
    [Anonymous Symbol]                       0x20004144   Section        0  tasks.o(.bss.xPendedTicks)
    xPendingReadyList                        0x20004148   Data          20  tasks.o(.bss.xPendingReadyList)
    [Anonymous Symbol]                       0x20004148   Section        0  tasks.o(.bss.xPendingReadyList)
    xSchedulerRunning                        0x2000415c   Data           4  tasks.o(.bss.xSchedulerRunning)
    [Anonymous Symbol]                       0x2000415c   Section        0  tasks.o(.bss.xSchedulerRunning)
    xStart                                   0x20004160   Data           8  heap_4.o(.bss.xStart)
    [Anonymous Symbol]                       0x20004160   Section        0  heap_4.o(.bss.xStart)
    xSuspendedTaskList                       0x20004168   Data          20  tasks.o(.bss.xSuspendedTaskList)
    [Anonymous Symbol]                       0x20004168   Section        0  tasks.o(.bss.xSuspendedTaskList)
    xTasksWaitingTermination                 0x2000417c   Data          20  tasks.o(.bss.xTasksWaitingTermination)
    [Anonymous Symbol]                       0x2000417c   Section        0  tasks.o(.bss.xTasksWaitingTermination)
    xTickCount                               0x20004190   Data           4  tasks.o(.bss.xTickCount)
    [Anonymous Symbol]                       0x20004190   Section        0  tasks.o(.bss.xTickCount)
    xYieldPending                            0x20004194   Data           4  tasks.o(.bss.xYieldPending)
    [Anonymous Symbol]                       0x20004194   Section        0  tasks.o(.bss.xYieldPending)
    Heap_Mem                                 0x20004198   Data         512  startup_stm32f407xx.o(HEAP)
    HEAP                                     0x20004198   Section      512  startup_stm32f407xx.o(HEAP)
    Stack_Mem                                0x20004398   Data        1024  startup_stm32f407xx.o(STACK)
    STACK                                    0x20004398   Section     1024  startup_stm32f407xx.o(STACK)
    __initial_sp                             0x20004798   Data           0  startup_stm32f407xx.o(STACK)

    Global Symbols

    Symbol Name                              Value     Ov Type        Size  Object(Section)

    BuildAttributes$$THM_ISAv4$E$P$D$K$B$S$7EM$VFPi3$EXTD16$VFPS$VFMA$PE$A:L22UL41UL21$X:L11$S22US41US21$IEEE1$IW$~IW$USESV6$~STKCKD$USESV7$~SHL$OTIME$ROPI$IEEEX$EBA8$UX$STANDARDLIB$REQ8$EABIv2 0x00000000   Number         0  anon$$obj.o ABSOLUTE
    SHT$$ARM_EXIDX$$Base                      - Undefined Reference
    SHT$$ARM_EXIDX$$Limit                     - Undefined Reference
    __ARM_exceptions_init                     - Undefined Weak Reference
    __alloca_initialize                       - Undefined Weak Reference
    __arm_find_exidx_section                  - Undefined Weak Reference
    __arm_preinit_                            - Undefined Weak Reference
    __arm_relocate_pie_                       - Undefined Weak Reference
    __cpp_initialize__aeabi_                  - Undefined Weak Reference
    __cxa_finalize                            - Undefined Weak Reference
    __rt_locale                               - Undefined Weak Reference
    __sigvec_lookup                           - Undefined Weak Reference
    _atexit_init                              - Undefined Weak Reference
    _call_atexit_fns                          - Undefined Weak Reference
    _clock_init                               - Undefined Weak Reference
    _fp_trap_init                             - Undefined Weak Reference
    _fp_trap_shutdown                         - Undefined Weak Reference
    _get_lc_collate                           - Undefined Weak Reference
    _get_lc_ctype                             - Undefined Weak Reference
    _get_lc_monetary                          - Undefined Weak Reference
    _get_lc_numeric                           - Undefined Weak Reference
    _get_lc_time                              - Undefined Weak Reference
    _getenv_init                              - Undefined Weak Reference
    _handle_redirection                       - Undefined Weak Reference
    _init_alloc                               - Undefined Weak Reference
    _init_user_alloc                          - Undefined Weak Reference
    _initio                                   - Undefined Weak Reference
    _rand_init                                - Undefined Weak Reference
    _signal_finish                            - Undefined Weak Reference
    _signal_init                              - Undefined Weak Reference
    _terminate_alloc                          - Undefined Weak Reference
    _terminate_user_alloc                     - Undefined Weak Reference
    _terminateio                              - Undefined Weak Reference
    __Vectors_Size                           0x00000188   Number         0  startup_stm32f407xx.o ABSOLUTE
    __Vectors                                0x08000000   Data           4  startup_stm32f407xx.o(RESET)
    __Vectors_End                            0x08000188   Data           0  startup_stm32f407xx.o(RESET)
    __main                                   0x08000189   Thumb Code     8  __main.o(!!!main)
    __scatterload                            0x08000191   Thumb Code     0  __scatter.o(!!!scatter)
    __scatterload_rt2                        0x08000191   Thumb Code    84  __scatter.o(!!!scatter)
    __scatterload_rt2_thumb_only             0x08000191   Thumb Code     0  __scatter.o(!!!scatter)
    __scatterload_loop                       0x0800019b   Thumb Code     0  __scatter.o(!!!scatter)
    __scatterload_copy                       0x080001ed   Thumb Code    26  __scatter_copy.o(!!handler_copy)
    __scatterload_null                       0x08000209   Thumb Code     2  __scatter.o(!!handler_null)
    __scatterload_zeroinit                   0x0800020d   Thumb Code    28  __scatter_zi.o(!!handler_zi)
    __rt_lib_init                            0x08000229   Thumb Code     0  libinit.o(.ARM.Collect$$libinit$$00000000)
    __rt_lib_init_fp_1                       0x0800022b   Thumb Code     0  libinit2.o(.ARM.Collect$$libinit$$00000001)
    __rt_lib_init_alloca_1                   0x0800022f   Thumb Code     0  libinit2.o(.ARM.Collect$$libinit$$00000030)
    __rt_lib_init_argv_1                     0x0800022f   Thumb Code     0  libinit2.o(.ARM.Collect$$libinit$$0000002E)
    __rt_lib_init_atexit_1                   0x0800022f   Thumb Code     0  libinit2.o(.ARM.Collect$$libinit$$0000001D)
    __rt_lib_init_clock_1                    0x0800022f   Thumb Code     0  libinit2.o(.ARM.Collect$$libinit$$00000023)
    __rt_lib_init_cpp_1                      0x0800022f   Thumb Code     0  libinit2.o(.ARM.Collect$$libinit$$00000034)
    __rt_lib_init_exceptions_1               0x0800022f   Thumb Code     0  libinit2.o(.ARM.Collect$$libinit$$00000032)
    __rt_lib_init_fp_trap_1                  0x0800022f   Thumb Code     0  libinit2.o(.ARM.Collect$$libinit$$00000021)
    __rt_lib_init_getenv_1                   0x0800022f   Thumb Code     0  libinit2.o(.ARM.Collect$$libinit$$00000025)
    __rt_lib_init_heap_1                     0x0800022f   Thumb Code     0  libinit2.o(.ARM.Collect$$libinit$$0000000C)
    __rt_lib_init_lc_collate_1               0x0800022f   Thumb Code     0  libinit2.o(.ARM.Collect$$libinit$$00000013)
    __rt_lib_init_lc_ctype_1                 0x0800022f   Thumb Code     0  libinit2.o(.ARM.Collect$$libinit$$00000015)
    __rt_lib_init_lc_monetary_1              0x0800022f   Thumb Code     0  libinit2.o(.ARM.Collect$$libinit$$00000017)
    __rt_lib_init_lc_numeric_1               0x0800022f   Thumb Code     0  libinit2.o(.ARM.Collect$$libinit$$00000019)
    __rt_lib_init_lc_time_1                  0x0800022f   Thumb Code     0  libinit2.o(.ARM.Collect$$libinit$$0000001B)
    __rt_lib_init_preinit_1                  0x0800022f   Thumb Code     0  libinit2.o(.ARM.Collect$$libinit$$00000006)
    __rt_lib_init_rand_1                     0x0800022f   Thumb Code     0  libinit2.o(.ARM.Collect$$libinit$$00000010)
    __rt_lib_init_relocate_pie_1             0x0800022f   Thumb Code     0  libinit2.o(.ARM.Collect$$libinit$$00000004)
    __rt_lib_init_return                     0x0800022f   Thumb Code     0  libinit2.o(.ARM.Collect$$libinit$$00000035)
    __rt_lib_init_signal_1                   0x0800022f   Thumb Code     0  libinit2.o(.ARM.Collect$$libinit$$0000001F)
    __rt_lib_init_stdio_1                    0x0800022f   Thumb Code     0  libinit2.o(.ARM.Collect$$libinit$$00000027)
    __rt_lib_init_user_alloc_1               0x0800022f   Thumb Code     0  libinit2.o(.ARM.Collect$$libinit$$0000000E)
    __rt_lib_shutdown                        0x08000231   Thumb Code     0  libshutdown.o(.ARM.Collect$$libshutdown$$00000000)
    __rt_lib_shutdown_cpp_1                  0x08000233   Thumb Code     0  libshutdown2.o(.ARM.Collect$$libshutdown$$00000002)
    __rt_lib_shutdown_fp_trap_1              0x08000233   Thumb Code     0  libshutdown2.o(.ARM.Collect$$libshutdown$$00000007)
    __rt_lib_shutdown_heap_1                 0x08000233   Thumb Code     0  libshutdown2.o(.ARM.Collect$$libshutdown$$0000000F)
    __rt_lib_shutdown_return                 0x08000233   Thumb Code     0  libshutdown2.o(.ARM.Collect$$libshutdown$$00000010)
    __rt_lib_shutdown_signal_1               0x08000233   Thumb Code     0  libshutdown2.o(.ARM.Collect$$libshutdown$$0000000A)
    __rt_lib_shutdown_stdio_1                0x08000233   Thumb Code     0  libshutdown2.o(.ARM.Collect$$libshutdown$$00000004)
    __rt_lib_shutdown_user_alloc_1           0x08000233   Thumb Code     0  libshutdown2.o(.ARM.Collect$$libshutdown$$0000000C)
    __rt_entry                               0x08000235   Thumb Code     0  __rtentry.o(.ARM.Collect$$rtentry$$00000000)
    __rt_entry_presh_1                       0x08000235   Thumb Code     0  __rtentry2.o(.ARM.Collect$$rtentry$$00000002)
    __rt_entry_sh                            0x08000235   Thumb Code     0  __rtentry4.o(.ARM.Collect$$rtentry$$00000004)
    __rt_entry_li                            0x0800023b   Thumb Code     0  __rtentry2.o(.ARM.Collect$$rtentry$$0000000A)
    __rt_entry_postsh_1                      0x0800023b   Thumb Code     0  __rtentry2.o(.ARM.Collect$$rtentry$$00000009)
    __rt_entry_main                          0x0800023f   Thumb Code     0  __rtentry2.o(.ARM.Collect$$rtentry$$0000000D)
    __rt_entry_postli_1                      0x0800023f   Thumb Code     0  __rtentry2.o(.ARM.Collect$$rtentry$$0000000C)
    __rt_exit                                0x08000247   Thumb Code     0  rtexit.o(.ARM.Collect$$rtexit$$00000000)
    __rt_exit_ls                             0x08000249   Thumb Code     0  rtexit2.o(.ARM.Collect$$rtexit$$00000003)
    __rt_exit_prels_1                        0x08000249   Thumb Code     0  rtexit2.o(.ARM.Collect$$rtexit$$00000002)
    __rt_exit_exit                           0x0800024d   Thumb Code     0  rtexit2.o(.ARM.Collect$$rtexit$$00000004)
    Reset_Handler                            0x08000255   Thumb Code     8  startup_stm32f407xx.o(.text)
    ADC_IRQHandler                           0x0800026f   Thumb Code     0  startup_stm32f407xx.o(.text)
    CAN1_RX0_IRQHandler                      0x0800026f   Thumb Code     0  startup_stm32f407xx.o(.text)
    CAN1_RX1_IRQHandler                      0x0800026f   Thumb Code     0  startup_stm32f407xx.o(.text)
    CAN1_SCE_IRQHandler                      0x0800026f   Thumb Code     0  startup_stm32f407xx.o(.text)
    CAN1_TX_IRQHandler                       0x0800026f   Thumb Code     0  startup_stm32f407xx.o(.text)
    CAN2_RX0_IRQHandler                      0x0800026f   Thumb Code     0  startup_stm32f407xx.o(.text)
    CAN2_RX1_IRQHandler                      0x0800026f   Thumb Code     0  startup_stm32f407xx.o(.text)
    CAN2_SCE_IRQHandler                      0x0800026f   Thumb Code     0  startup_stm32f407xx.o(.text)
    CAN2_TX_IRQHandler                       0x0800026f   Thumb Code     0  startup_stm32f407xx.o(.text)
    DCMI_IRQHandler                          0x0800026f   Thumb Code     0  startup_stm32f407xx.o(.text)
    DMA1_Stream0_IRQHandler                  0x0800026f   Thumb Code     0  startup_stm32f407xx.o(.text)
    DMA1_Stream1_IRQHandler                  0x0800026f   Thumb Code     0  startup_stm32f407xx.o(.text)
    DMA1_Stream2_IRQHandler                  0x0800026f   Thumb Code     0  startup_stm32f407xx.o(.text)
    DMA1_Stream3_IRQHandler                  0x0800026f   Thumb Code     0  startup_stm32f407xx.o(.text)
    DMA1_Stream4_IRQHandler                  0x0800026f   Thumb Code     0  startup_stm32f407xx.o(.text)
    DMA1_Stream5_IRQHandler                  0x0800026f   Thumb Code     0  startup_stm32f407xx.o(.text)
    DMA1_Stream6_IRQHandler                  0x0800026f   Thumb Code     0  startup_stm32f407xx.o(.text)
    DMA1_Stream7_IRQHandler                  0x0800026f   Thumb Code     0  startup_stm32f407xx.o(.text)
    DMA2_Stream0_IRQHandler                  0x0800026f   Thumb Code     0  startup_stm32f407xx.o(.text)
    DMA2_Stream1_IRQHandler                  0x0800026f   Thumb Code     0  startup_stm32f407xx.o(.text)
    DMA2_Stream2_IRQHandler                  0x0800026f   Thumb Code     0  startup_stm32f407xx.o(.text)
    DMA2_Stream3_IRQHandler                  0x0800026f   Thumb Code     0  startup_stm32f407xx.o(.text)
    DMA2_Stream4_IRQHandler                  0x0800026f   Thumb Code     0  startup_stm32f407xx.o(.text)
    DMA2_Stream5_IRQHandler                  0x0800026f   Thumb Code     0  startup_stm32f407xx.o(.text)
    DMA2_Stream6_IRQHandler                  0x0800026f   Thumb Code     0  startup_stm32f407xx.o(.text)
    DMA2_Stream7_IRQHandler                  0x0800026f   Thumb Code     0  startup_stm32f407xx.o(.text)
    ETH_IRQHandler                           0x0800026f   Thumb Code     0  startup_stm32f407xx.o(.text)
    ETH_WKUP_IRQHandler                      0x0800026f   Thumb Code     0  startup_stm32f407xx.o(.text)
    EXTI0_IRQHandler                         0x0800026f   Thumb Code     0  startup_stm32f407xx.o(.text)
    EXTI15_10_IRQHandler                     0x0800026f   Thumb Code     0  startup_stm32f407xx.o(.text)
    EXTI1_IRQHandler                         0x0800026f   Thumb Code     0  startup_stm32f407xx.o(.text)
    EXTI2_IRQHandler                         0x0800026f   Thumb Code     0  startup_stm32f407xx.o(.text)
    EXTI3_IRQHandler                         0x0800026f   Thumb Code     0  startup_stm32f407xx.o(.text)
    EXTI4_IRQHandler                         0x0800026f   Thumb Code     0  startup_stm32f407xx.o(.text)
    EXTI9_5_IRQHandler                       0x0800026f   Thumb Code     0  startup_stm32f407xx.o(.text)
    FLASH_IRQHandler                         0x0800026f   Thumb Code     0  startup_stm32f407xx.o(.text)
    FMC_IRQHandler                           0x0800026f   Thumb Code     0  startup_stm32f407xx.o(.text)
    FPU_IRQHandler                           0x0800026f   Thumb Code     0  startup_stm32f407xx.o(.text)
    HASH_RNG_IRQHandler                      0x0800026f   Thumb Code     0  startup_stm32f407xx.o(.text)
    I2C1_ER_IRQHandler                       0x0800026f   Thumb Code     0  startup_stm32f407xx.o(.text)
    I2C1_EV_IRQHandler                       0x0800026f   Thumb Code     0  startup_stm32f407xx.o(.text)
    I2C3_ER_IRQHandler                       0x0800026f   Thumb Code     0  startup_stm32f407xx.o(.text)
    I2C3_EV_IRQHandler                       0x0800026f   Thumb Code     0  startup_stm32f407xx.o(.text)
    OTG_FS_IRQHandler                        0x0800026f   Thumb Code     0  startup_stm32f407xx.o(.text)
    OTG_FS_WKUP_IRQHandler                   0x0800026f   Thumb Code     0  startup_stm32f407xx.o(.text)
    OTG_HS_EP1_IN_IRQHandler                 0x0800026f   Thumb Code     0  startup_stm32f407xx.o(.text)
    OTG_HS_EP1_OUT_IRQHandler                0x0800026f   Thumb Code     0  startup_stm32f407xx.o(.text)
    OTG_HS_IRQHandler                        0x0800026f   Thumb Code     0  startup_stm32f407xx.o(.text)
    OTG_HS_WKUP_IRQHandler                   0x0800026f   Thumb Code     0  startup_stm32f407xx.o(.text)
    PVD_IRQHandler                           0x0800026f   Thumb Code     0  startup_stm32f407xx.o(.text)
    RCC_IRQHandler                           0x0800026f   Thumb Code     0  startup_stm32f407xx.o(.text)
    RTC_Alarm_IRQHandler                     0x0800026f   Thumb Code     0  startup_stm32f407xx.o(.text)
    RTC_WKUP_IRQHandler                      0x0800026f   Thumb Code     0  startup_stm32f407xx.o(.text)
    SDIO_IRQHandler                          0x0800026f   Thumb Code     0  startup_stm32f407xx.o(.text)
    SPI1_IRQHandler                          0x0800026f   Thumb Code     0  startup_stm32f407xx.o(.text)
    SPI2_IRQHandler                          0x0800026f   Thumb Code     0  startup_stm32f407xx.o(.text)
    SPI3_IRQHandler                          0x0800026f   Thumb Code     0  startup_stm32f407xx.o(.text)
    TAMP_STAMP_IRQHandler                    0x0800026f   Thumb Code     0  startup_stm32f407xx.o(.text)
    TIM1_BRK_TIM9_IRQHandler                 0x0800026f   Thumb Code     0  startup_stm32f407xx.o(.text)
    TIM1_CC_IRQHandler                       0x0800026f   Thumb Code     0  startup_stm32f407xx.o(.text)
    TIM1_TRG_COM_TIM11_IRQHandler            0x0800026f   Thumb Code     0  startup_stm32f407xx.o(.text)
    TIM1_UP_TIM10_IRQHandler                 0x0800026f   Thumb Code     0  startup_stm32f407xx.o(.text)
    TIM2_IRQHandler                          0x0800026f   Thumb Code     0  startup_stm32f407xx.o(.text)
    TIM3_IRQHandler                          0x0800026f   Thumb Code     0  startup_stm32f407xx.o(.text)
    TIM4_IRQHandler                          0x0800026f   Thumb Code     0  startup_stm32f407xx.o(.text)
    TIM5_IRQHandler                          0x0800026f   Thumb Code     0  startup_stm32f407xx.o(.text)
    TIM8_BRK_TIM12_IRQHandler                0x0800026f   Thumb Code     0  startup_stm32f407xx.o(.text)
    TIM8_CC_IRQHandler                       0x0800026f   Thumb Code     0  startup_stm32f407xx.o(.text)
    TIM8_TRG_COM_TIM14_IRQHandler            0x0800026f   Thumb Code     0  startup_stm32f407xx.o(.text)
    TIM8_UP_TIM13_IRQHandler                 0x0800026f   Thumb Code     0  startup_stm32f407xx.o(.text)
    UART4_IRQHandler                         0x0800026f   Thumb Code     0  startup_stm32f407xx.o(.text)
    UART5_IRQHandler                         0x0800026f   Thumb Code     0  startup_stm32f407xx.o(.text)
    USART1_IRQHandler                        0x0800026f   Thumb Code     0  startup_stm32f407xx.o(.text)
    USART2_IRQHandler                        0x0800026f   Thumb Code     0  startup_stm32f407xx.o(.text)
    USART3_IRQHandler                        0x0800026f   Thumb Code     0  startup_stm32f407xx.o(.text)
    USART6_IRQHandler                        0x0800026f   Thumb Code     0  startup_stm32f407xx.o(.text)
    WWDG_IRQHandler                          0x0800026f   Thumb Code     0  startup_stm32f407xx.o(.text)
    __user_initial_stackheap                 0x08000271   Thumb Code     0  startup_stm32f407xx.o(.text)
    __aeabi_uldivmod                         0x08000295   Thumb Code     0  lludivv7m.o(.text)
    _ll_udiv                                 0x08000295   Thumb Code   240  lludivv7m.o(.text)
    __aeabi_memclr4                          0x08000385   Thumb Code     0  rt_memclr_w.o(.text)
    __aeabi_memclr8                          0x08000385   Thumb Code     0  rt_memclr_w.o(.text)
    __rt_memclr_w                            0x08000385   Thumb Code     0  rt_memclr_w.o(.text)
    _memset_w                                0x08000389   Thumb Code    74  rt_memclr_w.o(.text)
    __use_two_region_memory                  0x080003d3   Thumb Code     2  heapauxi.o(.text)
    __rt_heap_escrow$2region                 0x080003d5   Thumb Code     2  heapauxi.o(.text)
    __rt_heap_expand$2region                 0x080003d7   Thumb Code     2  heapauxi.o(.text)
    __read_errno                             0x080003d9   Thumb Code    10  _rserrno.o(.text)
    __set_errno                              0x080003e3   Thumb Code    12  _rserrno.o(.text)
    _sys_exit                                0x080003f1   Thumb Code     8  sys_exit.o(.text)
    __aeabi_errno_addr                       0x080003fd   Thumb Code     8  rt_errno_addr_intlibspace.o(.text)
    __errno$intlibspace                      0x080003fd   Thumb Code     0  rt_errno_addr_intlibspace.o(.text)
    __rt_errno_addr$intlibspace              0x080003fd   Thumb Code     0  rt_errno_addr_intlibspace.o(.text)
    __user_libspace                          0x08000405   Thumb Code     8  libspace.o(.text)
    __user_perproc_libspace                  0x08000405   Thumb Code     0  libspace.o(.text)
    __user_perthread_libspace                0x08000405   Thumb Code     0  libspace.o(.text)
    __I$use$semihosting                      0x0800040d   Thumb Code     0  use_no_semi.o(.text)
    __use_no_semihosting_swi                 0x0800040d   Thumb Code     2  use_no_semi.o(.text)
    __semihosting_library_function           0x0800040f   Thumb Code     0  indicate_semi.o(.text)
    __user_setup_stackheap                   0x0800040f   Thumb Code    74  sys_stackheap_outer.o(.text)
    exit                                     0x08000459   Thumb Code    18  exit.o(.text)
    BusFault_Handler                         0x0800046d   Thumb Code     2  stm32f4xx_it.o(.text.BusFault_Handler)
    DebugMon_Handler                         0x08000471   Thumb Code     2  stm32f4xx_it.o(.text.DebugMon_Handler)
    Error_Handler                            0x08000475   Thumb Code     6  main.o(.text.Error_Handler)
    HAL_DMA_Abort_IT                         0x0800047d   Thumb Code    36  stm32f4xx_hal_dma.o(.text.HAL_DMA_Abort_IT)
    HAL_DMA_GetState                         0x080004a1   Thumb Code     6  stm32f4xx_hal_dma.o(.text.HAL_DMA_GetState)
    HAL_GPIO_Init                            0x080004a9   Thumb Code   404  stm32f4xx_hal_gpio.o(.text.HAL_GPIO_Init)
    HAL_GetTick                              0x0800063d   Thumb Code    12  stm32f4xx_hal.o(.text.HAL_GetTick)
    HAL_I2C_AbortCpltCallback                0x08000649   Thumb Code     2  stm32f4xx_hal_i2c.o(.text.HAL_I2C_AbortCpltCallback)
    HAL_I2C_AddrCallback                     0x0800064d   Thumb Code     2  stm32f4xx_hal_i2c.o(.text.HAL_I2C_AddrCallback)
    HAL_I2C_ER_IRQHandler                    0x08000651   Thumb Code   318  stm32f4xx_hal_i2c.o(.text.HAL_I2C_ER_IRQHandler)
    HAL_I2C_EV_IRQHandler                    0x08000791   Thumb Code  1440  stm32f4xx_hal_i2c.o(.text.HAL_I2C_EV_IRQHandler)
    HAL_I2C_ErrorCallback                    0x08000d31   Thumb Code     2  stm32f4xx_hal_i2c.o(.text.HAL_I2C_ErrorCallback)
    HAL_I2C_Init                             0x08000d35   Thumb Code   368  stm32f4xx_hal_i2c.o(.text.HAL_I2C_Init)
    HAL_I2C_IsDeviceReady                    0x08000ea5   Thumb Code   698  stm32f4xx_hal_i2c.o(.text.HAL_I2C_IsDeviceReady)
    HAL_I2C_ListenCpltCallback               0x08001161   Thumb Code     2  stm32f4xx_hal_i2c.o(.text.HAL_I2C_ListenCpltCallback)
    HAL_I2C_MasterRxCpltCallback             0x08001165   Thumb Code     2  stm32f4xx_hal_i2c.o(.text.HAL_I2C_MasterRxCpltCallback)
    HAL_I2C_MasterTxCpltCallback             0x08001169   Thumb Code     2  stm32f4xx_hal_i2c.o(.text.HAL_I2C_MasterTxCpltCallback)
    HAL_I2C_MemRxCpltCallback                0x0800116d   Thumb Code     2  stm32f4xx_hal_i2c.o(.text.HAL_I2C_MemRxCpltCallback)
    HAL_I2C_MemTxCpltCallback                0x08001171   Thumb Code     2  stm32f4xx_hal_i2c.o(.text.HAL_I2C_MemTxCpltCallback)
    HAL_I2C_Mem_Read                         0x08001175   Thumb Code   934  stm32f4xx_hal_i2c.o(.text.HAL_I2C_Mem_Read)
    HAL_I2C_Mem_Write                        0x0800151d   Thumb Code   438  stm32f4xx_hal_i2c.o(.text.HAL_I2C_Mem_Write)
    HAL_I2C_MspInit                          0x080016d5   Thumb Code   148  i2c.o(.text.HAL_I2C_MspInit)
    HAL_I2C_SlaveRxCpltCallback              0x08001769   Thumb Code     2  stm32f4xx_hal_i2c.o(.text.HAL_I2C_SlaveRxCpltCallback)
    HAL_I2C_SlaveTxCpltCallback              0x0800176d   Thumb Code     2  stm32f4xx_hal_i2c.o(.text.HAL_I2C_SlaveTxCpltCallback)
    HAL_IncTick                              0x08001771   Thumb Code    26  stm32f4xx_hal.o(.text.HAL_IncTick)
    HAL_Init                                 0x0800178d   Thumb Code    54  stm32f4xx_hal.o(.text.HAL_Init)
    HAL_InitTick                             0x080017c5   Thumb Code   180  stm32f4xx_hal_timebase_tim.o(.text.HAL_InitTick)
    HAL_MspInit                              0x08001879   Thumb Code    66  stm32f4xx_hal_msp.o(.text.HAL_MspInit)
    HAL_NVIC_EnableIRQ                       0x080018bd   Thumb Code    34  stm32f4xx_hal_cortex.o(.text.HAL_NVIC_EnableIRQ)
    HAL_NVIC_SetPriority                     0x080018e1   Thumb Code    86  stm32f4xx_hal_cortex.o(.text.HAL_NVIC_SetPriority)
    HAL_NVIC_SetPriorityGrouping             0x08001939   Thumb Code    32  stm32f4xx_hal_cortex.o(.text.HAL_NVIC_SetPriorityGrouping)
    HAL_RCC_ClockConfig                      0x08001959   Thumb Code   352  stm32f4xx_hal_rcc.o(.text.HAL_RCC_ClockConfig)
    HAL_RCC_GetClockConfig                   0x08001ab9   Thumb Code    62  stm32f4xx_hal_rcc.o(.text.HAL_RCC_GetClockConfig)
    HAL_RCC_GetPCLK1Freq                     0x08001af9   Thumb Code    38  stm32f4xx_hal_rcc.o(.text.HAL_RCC_GetPCLK1Freq)
    HAL_RCC_GetSysClockFreq                  0x08001b21   Thumb Code   106  stm32f4xx_hal_rcc.o(.text.HAL_RCC_GetSysClockFreq)
    HAL_RCC_OscConfig                        0x08001b8d   Thumb Code   860  stm32f4xx_hal_rcc.o(.text.HAL_RCC_OscConfig)
    HAL_TIMEx_BreakCallback                  0x08001ee9   Thumb Code     2  stm32f4xx_hal_tim_ex.o(.text.HAL_TIMEx_BreakCallback)
    HAL_TIMEx_CommutCallback                 0x08001eed   Thumb Code     2  stm32f4xx_hal_tim_ex.o(.text.HAL_TIMEx_CommutCallback)
    HAL_TIMEx_MasterConfigSynchronization    0x08001ef1   Thumb Code   188  stm32f4xx_hal_tim_ex.o(.text.HAL_TIMEx_MasterConfigSynchronization)
    HAL_TIM_Base_Init                        0x08001fad   Thumb Code    90  stm32f4xx_hal_tim.o(.text.HAL_TIM_Base_Init)
    HAL_TIM_Base_MspInit                     0x08002009   Thumb Code    72  tim.o(.text.HAL_TIM_Base_MspInit)
    HAL_TIM_Base_Start_IT                    0x08002051   Thumb Code   168  stm32f4xx_hal_tim.o(.text.HAL_TIM_Base_Start_IT)
    HAL_TIM_IC_CaptureCallback               0x080020f9   Thumb Code     2  stm32f4xx_hal_tim.o(.text.HAL_TIM_IC_CaptureCallback)
    HAL_TIM_IRQHandler                       0x080020fd   Thumb Code   330  stm32f4xx_hal_tim.o(.text.HAL_TIM_IRQHandler)
    HAL_TIM_OC_DelayElapsedCallback          0x08002249   Thumb Code     2  stm32f4xx_hal_tim.o(.text.HAL_TIM_OC_DelayElapsedCallback)
    HAL_TIM_PWM_PulseFinishedCallback        0x0800224d   Thumb Code     2  stm32f4xx_hal_tim.o(.text.HAL_TIM_PWM_PulseFinishedCallback)
    HAL_TIM_PeriodElapsedCallback            0x08002251   Thumb Code    46  imu_task.o(.text.HAL_TIM_PeriodElapsedCallback)
    HAL_TIM_TriggerCallback                  0x08002281   Thumb Code     2  stm32f4xx_hal_tim.o(.text.HAL_TIM_TriggerCallback)
    HardFault_Handler                        0x08002285   Thumb Code     2  stm32f4xx_it.o(.text.HardFault_Handler)
    I2C2_ER_IRQHandler                       0x08002289   Thumb Code    12  stm32f4xx_it.o(.text.I2C2_ER_IRQHandler)
    I2C2_EV_IRQHandler                       0x08002295   Thumb Code    12  stm32f4xx_it.o(.text.I2C2_EV_IRQHandler)
    MX_FREERTOS_Init                         0x08002ea1   Thumb Code    52  freertos.o(.text.MX_FREERTOS_Init)
    MX_GPIO_Init                             0x08002ef1   Thumb Code    76  gpio.o(.text.MX_GPIO_Init)
    MX_I2C2_Init                             0x08002f3d   Thumb Code    66  i2c.o(.text.MX_I2C2_Init)
    MX_TIM6_Init                             0x08002f81   Thumb Code    82  tim.o(.text.MX_TIM6_Init)
    MahonyAHRSupdate                         0x08002fd5   Thumb Code  1268  MahonyAHRS.o(.text.MahonyAHRSupdate)
    MahonyAHRSupdateIMU                      0x080034d1   Thumb Code   836  MahonyAHRS.o(.text.MahonyAHRSupdateIMU)
    MemManage_Handler                        0x0800381d   Thumb Code     2  stm32f4xx_it.o(.text.MemManage_Handler)
    NMI_Handler                              0x08003821   Thumb Code     2  stm32f4xx_it.o(.text.NMI_Handler)
    PendSV_Handler                           0x08003831   Thumb Code   100  port.o(.text.PendSV_Handler)
    SVC_Handler                              0x080038a1   Thumb Code    36  port.o(.text.SVC_Handler)
    SysTick_Handler                          0x080038c5   Thumb Code    46  port.o(.text.SysTick_Handler)
    SystemClock_Config                       0x080038f5   Thumb Code   166  main.o(.text.SystemClock_Config)
    SystemInit                               0x0800399d   Thumb Code    18  system_stm32f4xx.o(.text.SystemInit)
    TIM6_DAC_IRQHandler                      0x080039b1   Thumb Code    12  stm32f4xx_it.o(.text.TIM6_DAC_IRQHandler)
    TIM7_IRQHandler                          0x080039bd   Thumb Code    12  stm32f4xx_it.o(.text.TIM7_IRQHandler)
    TIM_Base_SetConfig                       0x080039c9   Thumb Code   308  stm32f4xx_hal_tim.o(.text.TIM_Base_SetConfig)
    UsageFault_Handler                       0x08003afd   Thumb Code     2  stm32f4xx_it.o(.text.UsageFault_Handler)
    MPU6050::I2C_Search_Addr()               0x08003b01   Thumb Code    58  mpu6050.o(.text._ZN7MPU605015I2C_Search_AddrEv)
    MPU6050::GET::All()                      0x08003b3d   Thumb Code   336  mpu6050.o(.text._ZN7MPU60503GET3AllEv)
    MPU6050::GET::Euler()                    0x08003c9d   Thumb Code   296  mpu6050.o(.text._ZN7MPU60503GET5EulerEv)
    MPU6050::Init()                          0x08003dd5   Thumb Code   160  mpu6050.o(.text._ZN7MPU60504InitEv)
    imu_task                                 0x08003e75   Thumb Code    66  imu_task.o(.text.imu_task)
    main                                     0x08003eb9   Thumb Code    34  main.o(.text.main)
    osDelay                                  0x08003edd   Thumb Code    16  cmsis_os.o(.text.osDelay)
    osDelayUntil                             0x08003eed   Thumb Code    16  cmsis_os.o(.text.osDelayUntil)
    osKernelStart                            0x08003efd   Thumb Code    10  cmsis_os.o(.text.osKernelStart)
    osKernelSysTick                          0x08003f09   Thumb Code    16  cmsis_os.o(.text.osKernelSysTick)
    osThreadCreate                           0x08003f19   Thumb Code    94  cmsis_os.o(.text.osThreadCreate)
    pvPortMalloc                             0x08004189   Thumb Code   416  heap_4.o(.text.pvPortMalloc)
    pxPortInitialiseStack                    0x08004329   Thumb Code    36  port.o(.text.pxPortInitialiseStack)
    startup_main                             0x0800434d   Thumb Code     2  startup_main.o(.text.startup_main)
    uxListRemove                             0x08004351   Thumb Code    36  list.o(.text.uxListRemove)
    vApplicationGetIdleTaskMemory            0x08004375   Thumb Code    26  freertos.o(.text.vApplicationGetIdleTaskMemory)
    vListInitialise                          0x08004391   Thumb Code    22  list.o(.text.vListInitialise)
    vListInitialiseItem                      0x080043a9   Thumb Code     6  list.o(.text.vListInitialiseItem)
    vListInsert                              0x080043b1   Thumb Code    58  list.o(.text.vListInsert)
    vListInsertEnd                           0x080043ed   Thumb Code    28  list.o(.text.vListInsertEnd)
    vPortEnterCritical                       0x0800441d   Thumb Code    70  port.o(.text.vPortEnterCritical)
    vPortExitCritical                        0x08004465   Thumb Code    46  port.o(.text.vPortExitCritical)
    vPortFree                                0x08004495   Thumb Code   214  heap_4.o(.text.vPortFree)
    vPortSetupTimerInterrupt                 0x0800456d   Thumb Code    52  port.o(.text.vPortSetupTimerInterrupt)
    vPortValidateInterruptPriority           0x080045a1   Thumb Code    98  port.o(.text.vPortValidateInterruptPriority)
    vTaskDelay                               0x08004605   Thumb Code   196  tasks.o(.text.vTaskDelay)
    vTaskDelayUntil                          0x080046c9   Thumb Code   266  tasks.o(.text.vTaskDelayUntil)
    vTaskStartScheduler                      0x080047d5   Thumb Code   120  tasks.o(.text.vTaskStartScheduler)
    vTaskSuspendAll                          0x08004855   Thumb Code    16  tasks.o(.text.vTaskSuspendAll)
    vTaskSwitchContext                       0x08004865   Thumb Code   134  tasks.o(.text.vTaskSwitchContext)
    xPortStartScheduler                      0x080048ed   Thumb Code   302  port.o(.text.xPortStartScheduler)
    xTaskCreate                              0x08004a1d   Thumb Code   188  tasks.o(.text.xTaskCreate)
    xTaskCreateStatic                        0x08004ad9   Thumb Code   236  tasks.o(.text.xTaskCreateStatic)
    xTaskGetTickCount                        0x08004bc5   Thumb Code    12  tasks.o(.text.xTaskGetTickCount)
    xTaskGetTickCountFromISR                 0x08004bd1   Thumb Code    18  tasks.o(.text.xTaskGetTickCountFromISR)
    xTaskIncrementTick                       0x08004be5   Thumb Code   384  tasks.o(.text.xTaskIncrementTick)
    xTaskResumeAll                           0x08004d65   Thumb Code   312  tasks.o(.text.xTaskResumeAll)
    __ARM_fpclassifyf                        0x08004e9d   Thumb Code    38  fpclassifyf.o(i.__ARM_fpclassifyf)
    __hardfp_asinf                           0x08004ec5   Thumb Code   258  asinf.o(i.__hardfp_asinf)
    __hardfp_atan2f                          0x08004ff1   Thumb Code   594  atan2f.o(i.__hardfp_atan2f)
    __hardfp_sqrtf                           0x0800529d   Thumb Code    58  sqrtf.o(i.__hardfp_sqrtf)
    __mathlib_flt_infnan                     0x080052d7   Thumb Code     6  funder.o(i.__mathlib_flt_infnan)
    __mathlib_flt_infnan2                    0x080052dd   Thumb Code     6  funder.o(i.__mathlib_flt_infnan2)
    __mathlib_flt_invalid                    0x080052e5   Thumb Code    10  funder.o(i.__mathlib_flt_invalid)
    __mathlib_flt_underflow                  0x080052f5   Thumb Code    10  funder.o(i.__mathlib_flt_underflow)
    sqrtf                                    0x08005305   Thumb Code    62  sqrtf.o(i.sqrtf)
    _fp_init                                 0x08005343   Thumb Code    26  fpinit.o(x$fpl$fpinit)
    __fplib_config_fpu_vfp                   0x0800535b   Thumb Code     0  fpinit.o(x$fpl$fpinit)
    __fplib_config_pureend_doubles           0x0800535b   Thumb Code     0  fpinit.o(x$fpl$fpinit)
    AHBPrescTable                            0x0800535c   Data          16  system_stm32f4xx.o(.rodata.AHBPrescTable)
    __I$use$fp                               0x0800535c   Number         0  usenofp.o(x$fpl$usenofp)
    APBPrescTable                            0x0800536c   Data           8  system_stm32f4xx.o(.rodata.APBPrescTable)
    Region$$Table$$Base                      0x08005380   Number         0  anon$$obj.o(Region$$Table)
    Region$$Table$$Limit                     0x080053a0   Number         0  anon$$obj.o(Region$$Table)
    SystemCoreClock                          0x20000000   Data           4  system_stm32f4xx.o(.data.SystemCoreClock)
    q0                                       0x20000004   Data           4  MahonyAHRS.o(.data.q0)
    twoKi                                    0x20000008   Data           4  MahonyAHRS.o(.data.twoKi)
    twoKp                                    0x2000000c   Data           4  MahonyAHRS.o(.data.twoKp)
    uwTickFreq                               0x20000010   Data           1  stm32f4xx_hal.o(.data.uwTickFreq)
    uwTickPrio                               0x20000014   Data           4  stm32f4xx_hal.o(.data.uwTickPrio)
    __libspace_start                         0x20000020   Data          96  libspace.o(.bss)
    I2C_Device_Addr                          0x20000080   Data           1  mpu6050.o(.bss.I2C_Device_Addr)
    __temporary_stack_top$libspace           0x20000080   Data           0  libspace.o(.bss)
    IMU_TASKHandle                           0x20000084   Data           4  freertos.o(.bss.IMU_TASKHandle)
    PreviousWakeTime                         0x20000088   Data           4  imu_task.o(.bss.PreviousWakeTime)
    gyro_bias_x                              0x2000008c   Data           4  mpu6050.o(.bss.gyro_bias_x)
    gyro_bias_y                              0x20000090   Data           4  mpu6050.o(.bss.gyro_bias_y)
    gyro_bias_z                              0x20000094   Data           4  mpu6050.o(.bss.gyro_bias_z)
    hi2c2                                    0x20000098   Data          84  i2c.o(.bss.hi2c2)
    htim6                                    0x200000ec   Data          72  tim.o(.bss.htim6)
    htim7                                    0x20000134   Data          72  stm32f4xx_hal_timebase_tim.o(.bss.htim7)
    integralFBx                              0x2000017c   Data           4  MahonyAHRS.o(.bss.integralFBx)
    integralFBy                              0x20000180   Data           4  MahonyAHRS.o(.bss.integralFBy)
    integralFBz                              0x20000184   Data           4  MahonyAHRS.o(.bss.integralFBz)
    mpu6050                                  0x20000188   Data          72  mpu6050.o(.bss.mpu6050)
    pxCurrentTCB                             0x200001d0   Data           4  tasks.o(.bss.pxCurrentTCB)
    q                                        0x2000026c   Data          16  MahonyAHRS.o(.bss.q)
    q1                                       0x2000027c   Data           4  MahonyAHRS.o(.bss.q1)
    q2                                       0x20000280   Data           4  MahonyAHRS.o(.bss.q2)
    q3                                       0x20000284   Data           4  MahonyAHRS.o(.bss.q3)
    uwTick                                   0x20003e90   Data           4  stm32f4xx_hal.o(.bss.uwTick)



==============================================================================

Memory Map of the image

  Image Entry point : 0x08000189

  Load Region LR_IROM1 (Base: 0x08000000, Size: 0x000053c0, Max: 0x00080000, ABSOLUTE)

    Execution Region ER_IROM1 (Exec base: 0x08000000, Load base: 0x08000000, Size: 0x000053a0, Max: 0x00080000, ABSOLUTE)

    Exec Addr    Load Addr    Size         Type   Attr      Idx    E Section Name        Object

    0x08000000   0x08000000   0x00000188   Data   RO            3    RESET               startup_stm32f407xx.o
    0x08000188   0x08000188   0x00000008   Code   RO         1572  * !!!main             c_w.l(__main.o)
    0x08000190   0x08000190   0x0000005c   Code   RO         1915    !!!scatter          c_w.l(__scatter.o)
    0x080001ec   0x080001ec   0x0000001a   Code   RO         1919    !!handler_copy      c_w.l(__scatter_copy.o)
    0x08000206   0x08000206   0x00000002   PAD
    0x08000208   0x08000208   0x00000002   Code   RO         1916    !!handler_null      c_w.l(__scatter.o)
    0x0800020a   0x0800020a   0x00000002   PAD
    0x0800020c   0x0800020c   0x0000001c   Code   RO         1921    !!handler_zi        c_w.l(__scatter_zi.o)
    0x08000228   0x08000228   0x00000002   Code   RO         1793    .ARM.Collect$$libinit$$00000000  c_w.l(libinit.o)
    0x0800022a   0x0800022a   0x00000004   Code   RO         1802    .ARM.Collect$$libinit$$00000001  c_w.l(libinit2.o)
    0x0800022e   0x0800022e   0x00000000   Code   RO         1805    .ARM.Collect$$libinit$$00000004  c_w.l(libinit2.o)
    0x0800022e   0x0800022e   0x00000000   Code   RO         1807    .ARM.Collect$$libinit$$00000006  c_w.l(libinit2.o)
    0x0800022e   0x0800022e   0x00000000   Code   RO         1810    .ARM.Collect$$libinit$$0000000C  c_w.l(libinit2.o)
    0x0800022e   0x0800022e   0x00000000   Code   RO         1812    .ARM.Collect$$libinit$$0000000E  c_w.l(libinit2.o)
    0x0800022e   0x0800022e   0x00000000   Code   RO         1814    .ARM.Collect$$libinit$$00000010  c_w.l(libinit2.o)
    0x0800022e   0x0800022e   0x00000000   Code   RO         1817    .ARM.Collect$$libinit$$00000013  c_w.l(libinit2.o)
    0x0800022e   0x0800022e   0x00000000   Code   RO         1819    .ARM.Collect$$libinit$$00000015  c_w.l(libinit2.o)
    0x0800022e   0x0800022e   0x00000000   Code   RO         1821    .ARM.Collect$$libinit$$00000017  c_w.l(libinit2.o)
    0x0800022e   0x0800022e   0x00000000   Code   RO         1823    .ARM.Collect$$libinit$$00000019  c_w.l(libinit2.o)
    0x0800022e   0x0800022e   0x00000000   Code   RO         1825    .ARM.Collect$$libinit$$0000001B  c_w.l(libinit2.o)
    0x0800022e   0x0800022e   0x00000000   Code   RO         1827    .ARM.Collect$$libinit$$0000001D  c_w.l(libinit2.o)
    0x0800022e   0x0800022e   0x00000000   Code   RO         1829    .ARM.Collect$$libinit$$0000001F  c_w.l(libinit2.o)
    0x0800022e   0x0800022e   0x00000000   Code   RO         1831    .ARM.Collect$$libinit$$00000021  c_w.l(libinit2.o)
    0x0800022e   0x0800022e   0x00000000   Code   RO         1833    .ARM.Collect$$libinit$$00000023  c_w.l(libinit2.o)
    0x0800022e   0x0800022e   0x00000000   Code   RO         1835    .ARM.Collect$$libinit$$00000025  c_w.l(libinit2.o)
    0x0800022e   0x0800022e   0x00000000   Code   RO         1837    .ARM.Collect$$libinit$$00000027  c_w.l(libinit2.o)
    0x0800022e   0x0800022e   0x00000000   Code   RO         1841    .ARM.Collect$$libinit$$0000002E  c_w.l(libinit2.o)
    0x0800022e   0x0800022e   0x00000000   Code   RO         1843    .ARM.Collect$$libinit$$00000030  c_w.l(libinit2.o)
    0x0800022e   0x0800022e   0x00000000   Code   RO         1845    .ARM.Collect$$libinit$$00000032  c_w.l(libinit2.o)
    0x0800022e   0x0800022e   0x00000000   Code   RO         1847    .ARM.Collect$$libinit$$00000034  c_w.l(libinit2.o)
    0x0800022e   0x0800022e   0x00000002   Code   RO         1848    .ARM.Collect$$libinit$$00000035  c_w.l(libinit2.o)
    0x08000230   0x08000230   0x00000002   Code   RO         1886    .ARM.Collect$$libshutdown$$00000000  c_w.l(libshutdown.o)
    0x08000232   0x08000232   0x00000000   Code   RO         1898    .ARM.Collect$$libshutdown$$00000002  c_w.l(libshutdown2.o)
    0x08000232   0x08000232   0x00000000   Code   RO         1900    .ARM.Collect$$libshutdown$$00000004  c_w.l(libshutdown2.o)
    0x08000232   0x08000232   0x00000000   Code   RO         1903    .ARM.Collect$$libshutdown$$00000007  c_w.l(libshutdown2.o)
    0x08000232   0x08000232   0x00000000   Code   RO         1906    .ARM.Collect$$libshutdown$$0000000A  c_w.l(libshutdown2.o)
    0x08000232   0x08000232   0x00000000   Code   RO         1908    .ARM.Collect$$libshutdown$$0000000C  c_w.l(libshutdown2.o)
    0x08000232   0x08000232   0x00000000   Code   RO         1911    .ARM.Collect$$libshutdown$$0000000F  c_w.l(libshutdown2.o)
    0x08000232   0x08000232   0x00000002   Code   RO         1912    .ARM.Collect$$libshutdown$$00000010  c_w.l(libshutdown2.o)
    0x08000234   0x08000234   0x00000000   Code   RO         1632    .ARM.Collect$$rtentry$$00000000  c_w.l(__rtentry.o)
    0x08000234   0x08000234   0x00000000   Code   RO         1742    .ARM.Collect$$rtentry$$00000002  c_w.l(__rtentry2.o)
    0x08000234   0x08000234   0x00000006   Code   RO         1754    .ARM.Collect$$rtentry$$00000004  c_w.l(__rtentry4.o)
    0x0800023a   0x0800023a   0x00000000   Code   RO         1744    .ARM.Collect$$rtentry$$00000009  c_w.l(__rtentry2.o)
    0x0800023a   0x0800023a   0x00000004   Code   RO         1745    .ARM.Collect$$rtentry$$0000000A  c_w.l(__rtentry2.o)
    0x0800023e   0x0800023e   0x00000000   Code   RO         1747    .ARM.Collect$$rtentry$$0000000C  c_w.l(__rtentry2.o)
    0x0800023e   0x0800023e   0x00000008   Code   RO         1748    .ARM.Collect$$rtentry$$0000000D  c_w.l(__rtentry2.o)
    0x08000246   0x08000246   0x00000002   Code   RO         1794    .ARM.Collect$$rtexit$$00000000  c_w.l(rtexit.o)
    0x08000248   0x08000248   0x00000000   Code   RO         1854    .ARM.Collect$$rtexit$$00000002  c_w.l(rtexit2.o)
    0x08000248   0x08000248   0x00000004   Code   RO         1855    .ARM.Collect$$rtexit$$00000003  c_w.l(rtexit2.o)
    0x0800024c   0x0800024c   0x00000006   Code   RO         1856    .ARM.Collect$$rtexit$$00000004  c_w.l(rtexit2.o)
    0x08000252   0x08000252   0x00000002   PAD
    0x08000254   0x08000254   0x00000040   Code   RO            4    .text               startup_stm32f407xx.o
    0x08000294   0x08000294   0x000000f0   Code   RO         1562    .text               c_w.l(lludivv7m.o)
    0x08000384   0x08000384   0x0000004e   Code   RO         1568    .text               c_w.l(rt_memclr_w.o)
    0x080003d2   0x080003d2   0x00000006   Code   RO         1570    .text               c_w.l(heapauxi.o)
    0x080003d8   0x080003d8   0x00000016   Code   RO         1637    .text               c_w.l(_rserrno.o)
    0x080003ee   0x080003ee   0x00000002   PAD
    0x080003f0   0x080003f0   0x0000000c   Code   RO         1737    .text               c_w.l(sys_exit.o)
    0x080003fc   0x080003fc   0x00000008   Code   RO         1761    .text               c_w.l(rt_errno_addr_intlibspace.o)
    0x08000404   0x08000404   0x00000008   Code   RO         1768    .text               c_w.l(libspace.o)
    0x0800040c   0x0800040c   0x00000002   Code   RO         1771    .text               c_w.l(use_no_semi.o)
    0x0800040e   0x0800040e   0x00000000   Code   RO         1773    .text               c_w.l(indicate_semi.o)
    0x0800040e   0x0800040e   0x0000004a   Code   RO         1774    .text               c_w.l(sys_stackheap_outer.o)
    0x08000458   0x08000458   0x00000012   Code   RO         1778    .text               c_w.l(exit.o)
    0x0800046a   0x0800046a   0x00000002   PAD
    0x0800046c   0x0800046c   0x00000002   Code   RO           87    .text.BusFault_Handler  stm32f4xx_it.o
    0x0800046e   0x0800046e   0x00000002   PAD
    0x08000470   0x08000470   0x00000002   Code   RO           91    .text.DebugMon_Handler  stm32f4xx_it.o
    0x08000472   0x08000472   0x00000002   PAD
    0x08000474   0x08000474   0x00000006   Code   RO           15    .text.Error_Handler  main.o
    0x0800047a   0x0800047a   0x00000002   PAD
    0x0800047c   0x0800047c   0x00000024   Code   RO          617    .text.HAL_DMA_Abort_IT  stm32f4xx_hal_dma.o
    0x080004a0   0x080004a0   0x00000006   Code   RO          627    .text.HAL_DMA_GetState  stm32f4xx_hal_dma.o
    0x080004a6   0x080004a6   0x00000002   PAD
    0x080004a8   0x080004a8   0x00000194   Code   RO          569    .text.HAL_GPIO_Init  stm32f4xx_hal_gpio.o
    0x0800063c   0x0800063c   0x0000000c   Code   RO          766    .text.HAL_GetTick   stm32f4xx_hal.o
    0x08000648   0x08000648   0x00000002   Code   RO          961    .text.HAL_I2C_AbortCpltCallback  stm32f4xx_hal_i2c.o
    0x0800064a   0x0800064a   0x00000002   PAD
    0x0800064c   0x0800064c   0x00000002   Code   RO          951    .text.HAL_I2C_AddrCallback  stm32f4xx_hal_i2c.o
    0x0800064e   0x0800064e   0x00000002   PAD
    0x08000650   0x08000650   0x0000013e   Code   RO          941    .text.HAL_I2C_ER_IRQHandler  stm32f4xx_hal_i2c.o
    0x0800078e   0x0800078e   0x00000002   PAD
    0x08000790   0x08000790   0x000005a0   Code   RO          929    .text.HAL_I2C_EV_IRQHandler  stm32f4xx_hal_i2c.o
    0x08000d30   0x08000d30   0x00000002   Code   RO          959    .text.HAL_I2C_ErrorCallback  stm32f4xx_hal_i2c.o
    0x08000d32   0x08000d32   0x00000002   PAD
    0x08000d34   0x08000d34   0x00000170   Code   RO          845    .text.HAL_I2C_Init  stm32f4xx_hal_i2c.o
    0x08000ea4   0x08000ea4   0x000002ba   Code   RO          901    .text.HAL_I2C_IsDeviceReady  stm32f4xx_hal_i2c.o
    0x0800115e   0x0800115e   0x00000002   PAD
    0x08001160   0x08001160   0x00000002   Code   RO          953    .text.HAL_I2C_ListenCpltCallback  stm32f4xx_hal_i2c.o
    0x08001162   0x08001162   0x00000002   PAD
    0x08001164   0x08001164   0x00000002   Code   RO          945    .text.HAL_I2C_MasterRxCpltCallback  stm32f4xx_hal_i2c.o
    0x08001166   0x08001166   0x00000002   PAD
    0x08001168   0x08001168   0x00000002   Code   RO          943    .text.HAL_I2C_MasterTxCpltCallback  stm32f4xx_hal_i2c.o
    0x0800116a   0x0800116a   0x00000002   PAD
    0x0800116c   0x0800116c   0x00000002   Code   RO          957    .text.HAL_I2C_MemRxCpltCallback  stm32f4xx_hal_i2c.o
    0x0800116e   0x0800116e   0x00000002   PAD
    0x08001170   0x08001170   0x00000002   Code   RO          955    .text.HAL_I2C_MemTxCpltCallback  stm32f4xx_hal_i2c.o
    0x08001172   0x08001172   0x00000002   PAD
    0x08001174   0x08001174   0x000003a6   Code   RO          889    .text.HAL_I2C_Mem_Read  stm32f4xx_hal_i2c.o
    0x0800151a   0x0800151a   0x00000002   PAD
    0x0800151c   0x0800151c   0x000001b6   Code   RO          885    .text.HAL_I2C_Mem_Write  stm32f4xx_hal_i2c.o
    0x080016d2   0x080016d2   0x00000002   PAD
    0x080016d4   0x080016d4   0x00000094   Code   RO           53    .text.HAL_I2C_MspInit  i2c.o
    0x08001768   0x08001768   0x00000002   Code   RO          949    .text.HAL_I2C_SlaveRxCpltCallback  stm32f4xx_hal_i2c.o
    0x0800176a   0x0800176a   0x00000002   PAD
    0x0800176c   0x0800176c   0x00000002   Code   RO          947    .text.HAL_I2C_SlaveTxCpltCallback  stm32f4xx_hal_i2c.o
    0x0800176e   0x0800176e   0x00000002   PAD
    0x08001770   0x08001770   0x0000001a   Code   RO          764    .text.HAL_IncTick   stm32f4xx_hal.o
    0x0800178a   0x0800178a   0x00000002   PAD
    0x0800178c   0x0800178c   0x00000036   Code   RO          754    .text.HAL_Init      stm32f4xx_hal.o
    0x080017c2   0x080017c2   0x00000002   PAD
    0x080017c4   0x080017c4   0x000000b4   Code   RO          117    .text.HAL_InitTick  stm32f4xx_hal_timebase_tim.o
    0x08001878   0x08001878   0x00000042   Code   RO          108    .text.HAL_MspInit   stm32f4xx_hal_msp.o
    0x080018ba   0x080018ba   0x00000002   PAD
    0x080018bc   0x080018bc   0x00000022   Code   RO          706    .text.HAL_NVIC_EnableIRQ  stm32f4xx_hal_cortex.o
    0x080018de   0x080018de   0x00000002   PAD
    0x080018e0   0x080018e0   0x00000056   Code   RO          704    .text.HAL_NVIC_SetPriority  stm32f4xx_hal_cortex.o
    0x08001936   0x08001936   0x00000002   PAD
    0x08001938   0x08001938   0x00000020   Code   RO          702    .text.HAL_NVIC_SetPriorityGrouping  stm32f4xx_hal_cortex.o
    0x08001958   0x08001958   0x00000160   Code   RO          463    .text.HAL_RCC_ClockConfig  stm32f4xx_hal_rcc.o
    0x08001ab8   0x08001ab8   0x0000003e   Code   RO          481    .text.HAL_RCC_GetClockConfig  stm32f4xx_hal_rcc.o
    0x08001af6   0x08001af6   0x00000002   PAD
    0x08001af8   0x08001af8   0x00000026   Code   RO          475    .text.HAL_RCC_GetPCLK1Freq  stm32f4xx_hal_rcc.o
    0x08001b1e   0x08001b1e   0x00000002   PAD
    0x08001b20   0x08001b20   0x0000006a   Code   RO          465    .text.HAL_RCC_GetSysClockFreq  stm32f4xx_hal_rcc.o
    0x08001b8a   0x08001b8a   0x00000002   PAD
    0x08001b8c   0x08001b8c   0x0000035c   Code   RO          461    .text.HAL_RCC_OscConfig  stm32f4xx_hal_rcc.o
    0x08001ee8   0x08001ee8   0x00000002   Code   RO          445    .text.HAL_TIMEx_BreakCallback  stm32f4xx_hal_tim_ex.o
    0x08001eea   0x08001eea   0x00000002   PAD
    0x08001eec   0x08001eec   0x00000002   Code   RO          441    .text.HAL_TIMEx_CommutCallback  stm32f4xx_hal_tim_ex.o
    0x08001eee   0x08001eee   0x00000002   PAD
    0x08001ef0   0x08001ef0   0x000000bc   Code   RO          435    .text.HAL_TIMEx_MasterConfigSynchronization  stm32f4xx_hal_tim_ex.o
    0x08001fac   0x08001fac   0x0000005a   Code   RO          140    .text.HAL_TIM_Base_Init  stm32f4xx_hal_tim.o
    0x08002006   0x08002006   0x00000002   PAD
    0x08002008   0x08002008   0x00000048   Code   RO           68    .text.HAL_TIM_Base_MspInit  tim.o
    0x08002050   0x08002050   0x000000a8   Code   RO          154    .text.HAL_TIM_Base_Start_IT  stm32f4xx_hal_tim.o
    0x080020f8   0x080020f8   0x00000002   Code   RO          276    .text.HAL_TIM_IC_CaptureCallback  stm32f4xx_hal_tim.o
    0x080020fa   0x080020fa   0x00000002   PAD
    0x080020fc   0x080020fc   0x0000014a   Code   RO          274    .text.HAL_TIM_IRQHandler  stm32f4xx_hal_tim.o
    0x08002246   0x08002246   0x00000002   PAD
    0x08002248   0x08002248   0x00000002   Code   RO          278    .text.HAL_TIM_OC_DelayElapsedCallback  stm32f4xx_hal_tim.o
    0x0800224a   0x0800224a   0x00000002   PAD
    0x0800224c   0x0800224c   0x00000002   Code   RO          280    .text.HAL_TIM_PWM_PulseFinishedCallback  stm32f4xx_hal_tim.o
    0x0800224e   0x0800224e   0x00000002   PAD
    0x08002250   0x08002250   0x0000002e   Code   RO         1517    .text.HAL_TIM_PeriodElapsedCallback  imu_task.o
    0x0800227e   0x0800227e   0x00000002   PAD
    0x08002280   0x08002280   0x00000002   Code   RO          284    .text.HAL_TIM_TriggerCallback  stm32f4xx_hal_tim.o
    0x08002282   0x08002282   0x00000002   PAD
    0x08002284   0x08002284   0x00000002   Code   RO           83    .text.HardFault_Handler  stm32f4xx_it.o
    0x08002286   0x08002286   0x00000002   PAD
    0x08002288   0x08002288   0x0000000c   Code   RO           95    .text.I2C2_ER_IRQHandler  stm32f4xx_it.o
    0x08002294   0x08002294   0x0000000c   Code   RO           93    .text.I2C2_EV_IRQHandler  stm32f4xx_it.o
    0x080022a0   0x080022a0   0x000000e4   Code   RO          915    .text.I2C_DMAAbort  stm32f4xx_hal_i2c.o
    0x08002384   0x08002384   0x0000015a   Code   RO          927    .text.I2C_ITError   stm32f4xx_hal_i2c.o
    0x080024de   0x080024de   0x00000002   PAD
    0x080024e0   0x080024e0   0x000000f2   Code   RO          939    .text.I2C_MasterReceive_BTF  stm32f4xx_hal_i2c.o
    0x080025d2   0x080025d2   0x00000002   PAD
    0x080025d4   0x080025d4   0x0000010e   Code   RO          937    .text.I2C_MasterReceive_RXNE  stm32f4xx_hal_i2c.o
    0x080026e2   0x080026e2   0x00000002   PAD
    0x080026e4   0x080026e4   0x00000080   Code   RO          933    .text.I2C_MasterTransmit_BTF  stm32f4xx_hal_i2c.o
    0x08002764   0x08002764   0x000000b0   Code   RO          931    .text.I2C_MasterTransmit_TXE  stm32f4xx_hal_i2c.o
    0x08002814   0x08002814   0x000000ac   Code   RO          935    .text.I2C_MemoryTransmit_TXE_BTF  stm32f4xx_hal_i2c.o
    0x080028c0   0x080028c0   0x0000026e   Code   RO          891    .text.I2C_RequestMemoryRead  stm32f4xx_hal_i2c.o
    0x08002b2e   0x08002b2e   0x00000002   PAD
    0x08002b30   0x08002b30   0x000001f0   Code   RO          887    .text.I2C_RequestMemoryWrite  stm32f4xx_hal_i2c.o
    0x08002d20   0x08002d20   0x00000074   Code   RO          857    .text.I2C_WaitOnBTFFlagUntilTimeout  stm32f4xx_hal_i2c.o
    0x08002d94   0x08002d94   0x00000088   Code   RO          855    .text.I2C_WaitOnFlagUntilTimeout  stm32f4xx_hal_i2c.o
    0x08002e1c   0x08002e1c   0x00000084   Code   RO          969    .text.I2C_WaitOnMasterAddressFlagUntilTimeout  stm32f4xx_hal_i2c.o
    0x08002ea0   0x08002ea0   0x00000050   Code   RO           35    .text.MX_FREERTOS_Init  freertos.o
    0x08002ef0   0x08002ef0   0x0000004c   Code   RO           25    .text.MX_GPIO_Init  gpio.o
    0x08002f3c   0x08002f3c   0x00000042   Code   RO           51    .text.MX_I2C2_Init  i2c.o
    0x08002f7e   0x08002f7e   0x00000002   PAD
    0x08002f80   0x08002f80   0x00000052   Code   RO           66    .text.MX_TIM6_Init  tim.o
    0x08002fd2   0x08002fd2   0x00000002   PAD
    0x08002fd4   0x08002fd4   0x000004fc   Code   RO         1465    .text.MahonyAHRSupdate  MahonyAHRS.o
    0x080034d0   0x080034d0   0x0000034c   Code   RO         1467    .text.MahonyAHRSupdateIMU  MahonyAHRS.o
    0x0800381c   0x0800381c   0x00000002   Code   RO           85    .text.MemManage_Handler  stm32f4xx_it.o
    0x0800381e   0x0800381e   0x00000002   PAD
    0x08003820   0x08003820   0x00000002   Code   RO           81    .text.NMI_Handler   stm32f4xx_it.o
    0x08003822   0x08003822   0x0000000e   PAD
    0x08003830   0x08003830   0x00000064   Code   RO         1427    .text.PendSV_Handler  port.o
    0x08003894   0x08003894   0x0000000c   PAD
    0x080038a0   0x080038a0   0x00000024   Code   RO         1411    .text.SVC_Handler   port.o
    0x080038c4   0x080038c4   0x0000002e   Code   RO         1429    .text.SysTick_Handler  port.o
    0x080038f2   0x080038f2   0x00000002   PAD
    0x080038f4   0x080038f4   0x000000a6   Code   RO           13    .text.SystemClock_Config  main.o
    0x0800399a   0x0800399a   0x00000002   PAD
    0x0800399c   0x0800399c   0x00000012   Code   RO          980    .text.SystemInit    system_stm32f4xx.o
    0x080039ae   0x080039ae   0x00000002   PAD
    0x080039b0   0x080039b0   0x0000000c   Code   RO           97    .text.TIM6_DAC_IRQHandler  stm32f4xx_it.o
    0x080039bc   0x080039bc   0x0000000c   Code   RO           99    .text.TIM7_IRQHandler  stm32f4xx_it.o
    0x080039c8   0x080039c8   0x00000134   Code   RO          144    .text.TIM_Base_SetConfig  stm32f4xx_hal_tim.o
    0x08003afc   0x08003afc   0x00000002   Code   RO           89    .text.UsageFault_Handler  stm32f4xx_it.o
    0x08003afe   0x08003afe   0x00000002   PAD
    0x08003b00   0x08003b00   0x0000003a   Code   RO         1528    .text._ZN7MPU605015I2C_Search_AddrEv  mpu6050.o
    0x08003b3a   0x08003b3a   0x00000002   PAD
    0x08003b3c   0x08003b3c   0x00000160   Code   RO         1542    .text._ZN7MPU60503GET3AllEv  mpu6050.o
    0x08003c9c   0x08003c9c   0x00000138   Code   RO         1538    .text._ZN7MPU60503GET5EulerEv  mpu6050.o
    0x08003dd4   0x08003dd4   0x000000a0   Code   RO         1530    .text._ZN7MPU60504InitEv  mpu6050.o
    0x08003e74   0x08003e74   0x00000042   Code   RO         1515    .text.imu_task      imu_task.o
    0x08003eb6   0x08003eb6   0x00000002   PAD
    0x08003eb8   0x08003eb8   0x00000022   Code   RO           11    .text.main          main.o
    0x08003eda   0x08003eda   0x00000002   PAD
    0x08003edc   0x08003edc   0x00000010   Code   RO         1283    .text.osDelay       cmsis_os.o
    0x08003eec   0x08003eec   0x00000010   Code   RO         1349    .text.osDelayUntil  cmsis_os.o
    0x08003efc   0x08003efc   0x0000000a   Code   RO         1265    .text.osKernelStart  cmsis_os.o
    0x08003f06   0x08003f06   0x00000002   PAD
    0x08003f08   0x08003f08   0x00000010   Code   RO         1269    .text.osKernelSysTick  cmsis_os.o
    0x08003f18   0x08003f18   0x0000005e   Code   RO         1271    .text.osThreadCreate  cmsis_os.o
    0x08003f76   0x08003f76   0x00000002   PAD
    0x08003f78   0x08003f78   0x0000011a   Code   RO         1143    .text.prvAddNewTaskToReadyList  tasks.o
    0x08004092   0x08004092   0x00000002   PAD
    0x08004094   0x08004094   0x00000096   Code   RO         1175    .text.prvIdleTask   tasks.o
    0x0800412a   0x0800412a   0x00000002   PAD
    0x0800412c   0x0800412c   0x00000028   Code   RO         1419    .text.prvPortStartFirstTask  port.o
    0x08004154   0x08004154   0x00000032   Code   RO         1409    .text.prvTaskExitError  port.o
    0x08004186   0x08004186   0x00000002   PAD
    0x08004188   0x08004188   0x000001a0   Code   RO         1379    .text.pvPortMalloc  heap_4.o
    0x08004328   0x08004328   0x00000024   Code   RO         1407    .text.pxPortInitialiseStack  port.o
    0x0800434c   0x0800434c   0x00000002   Code   RO          132    .text.startup_main  startup_main.o
    0x0800434e   0x0800434e   0x00000002   PAD
    0x08004350   0x08004350   0x00000024   Code   RO         1032    .text.uxListRemove  list.o
    0x08004374   0x08004374   0x0000001a   Code   RO           33    .text.vApplicationGetIdleTaskMemory  freertos.o
    0x0800438e   0x0800438e   0x00000002   PAD
    0x08004390   0x08004390   0x00000016   Code   RO         1024    .text.vListInitialise  list.o
    0x080043a6   0x080043a6   0x00000002   PAD
    0x080043a8   0x080043a8   0x00000006   Code   RO         1026    .text.vListInitialiseItem  list.o
    0x080043ae   0x080043ae   0x00000002   PAD
    0x080043b0   0x080043b0   0x0000003a   Code   RO         1030    .text.vListInsert   list.o
    0x080043ea   0x080043ea   0x00000002   PAD
    0x080043ec   0x080043ec   0x0000001c   Code   RO         1028    .text.vListInsertEnd  list.o
    0x08004408   0x08004408   0x00000014   Code   RO         1417    .text.vPortEnableVFP  port.o
    0x0800441c   0x0800441c   0x00000046   Code   RO         1423    .text.vPortEnterCritical  port.o
    0x08004462   0x08004462   0x00000002   PAD
    0x08004464   0x08004464   0x0000002e   Code   RO         1425    .text.vPortExitCritical  port.o
    0x08004492   0x08004492   0x00000002   PAD
    0x08004494   0x08004494   0x000000d6   Code   RO         1381    .text.vPortFree     heap_4.o
    0x0800456a   0x0800456a   0x00000002   PAD
    0x0800456c   0x0800456c   0x00000034   Code   RO         1415    .text.vPortSetupTimerInterrupt  port.o
    0x080045a0   0x080045a0   0x00000062   Code   RO         1431    .text.vPortValidateInterruptPriority  port.o
    0x08004602   0x08004602   0x00000002   PAD
    0x08004604   0x08004604   0x000000c4   Code   RO         1157    .text.vTaskDelay    tasks.o
    0x080046c8   0x080046c8   0x0000010a   Code   RO         1149    .text.vTaskDelayUntil  tasks.o
    0x080047d2   0x080047d2   0x00000002   PAD
    0x080047d4   0x080047d4   0x00000080   Code   RO         1173    .text.vTaskStartScheduler  tasks.o
    0x08004854   0x08004854   0x00000010   Code   RO         1151    .text.vTaskSuspendAll  tasks.o
    0x08004864   0x08004864   0x00000086   Code   RO         1167    .text.vTaskSwitchContext  tasks.o
    0x080048ea   0x080048ea   0x00000002   PAD
    0x080048ec   0x080048ec   0x0000012e   Code   RO         1413    .text.xPortStartScheduler  port.o
    0x08004a1a   0x08004a1a   0x00000002   PAD
    0x08004a1c   0x08004a1c   0x000000bc   Code   RO         1145    .text.xTaskCreate   tasks.o
    0x08004ad8   0x08004ad8   0x000000ec   Code   RO         1141    .text.xTaskCreateStatic  tasks.o
    0x08004bc4   0x08004bc4   0x0000000c   Code   RO         1181    .text.xTaskGetTickCount  tasks.o
    0x08004bd0   0x08004bd0   0x00000012   Code   RO         1183    .text.xTaskGetTickCountFromISR  tasks.o
    0x08004be2   0x08004be2   0x00000002   PAD
    0x08004be4   0x08004be4   0x00000180   Code   RO         1179    .text.xTaskIncrementTick  tasks.o
    0x08004d64   0x08004d64   0x00000138   Code   RO         1155    .text.xTaskResumeAll  tasks.o
    0x08004e9c   0x08004e9c   0x00000026   Code   RO         1721    i.__ARM_fpclassifyf  m_wm.l(fpclassifyf.o)
    0x08004ec2   0x08004ec2   0x00000002   PAD
    0x08004ec4   0x08004ec4   0x0000012c   Code   RO         1614    i.__hardfp_asinf    m_wm.l(asinf.o)
    0x08004ff0   0x08004ff0   0x000002ac   Code   RO         1620    i.__hardfp_atan2f   m_wm.l(atan2f.o)
    0x0800529c   0x0800529c   0x0000003a   Code   RO         1626    i.__hardfp_sqrtf    m_wm.l(sqrtf.o)
    0x080052d6   0x080052d6   0x00000006   Code   RO         1724    i.__mathlib_flt_infnan  m_wm.l(funder.o)
    0x080052dc   0x080052dc   0x00000006   Code   RO         1725    i.__mathlib_flt_infnan2  m_wm.l(funder.o)
    0x080052e2   0x080052e2   0x00000002   PAD
    0x080052e4   0x080052e4   0x00000010   Code   RO         1726    i.__mathlib_flt_invalid  m_wm.l(funder.o)
    0x080052f4   0x080052f4   0x00000010   Code   RO         1729    i.__mathlib_flt_underflow  m_wm.l(funder.o)
    0x08005304   0x08005304   0x0000003e   Code   RO         1628    i.sqrtf             m_wm.l(sqrtf.o)
    0x08005342   0x08005342   0x0000001a   Code   RO         1864    x$fpl$fpinit        fz_wm.l(fpinit.o)
    0x0800535c   0x0800535c   0x00000000   Code   RO         1645    x$fpl$usenofp       fz_wm.l(usenofp.o)
    0x0800535c   0x0800535c   0x00000010   Data   RO          985    .rodata.AHBPrescTable  system_stm32f4xx.o
    0x0800536c   0x0800536c   0x00000008   Data   RO          986    .rodata.APBPrescTable  system_stm32f4xx.o
    0x08005374   0x08005374   0x00000009   Data   RO           41    .rodata.str1.1      freertos.o
    0x0800537d   0x0800537d   0x00000003   PAD
    0x08005380   0x08005380   0x00000020   Data   RO         1914    Region$$Table       anon$$obj.o


    Execution Region RW_IRAM1 (Exec base: 0x20000000, Load base: 0x080053a0, Size: 0x00004798, Max: 0x0001c000, ABSOLUTE)

    Exec Addr    Load Addr    Size         Type   Attr      Idx    E Section Name        Object

    0x20000000   0x080053a0   0x00000004   Data   RW          984    .data.SystemCoreClock  system_stm32f4xx.o
    0x20000004   0x080053a4   0x00000004   Data   RW         1473    .data.q0            MahonyAHRS.o
    0x20000008   0x080053a8   0x00000004   Data   RW         1472    .data.twoKi         MahonyAHRS.o
    0x2000000c   0x080053ac   0x00000004   Data   RW         1471    .data.twoKp         MahonyAHRS.o
    0x20000010   0x080053b0   0x00000001   Data   RW          809    .data.uwTickFreq    stm32f4xx_hal.o
    0x20000011   0x080053b1   0x00000003   PAD
    0x20000014   0x080053b4   0x00000004   Data   RW          808    .data.uwTickPrio    stm32f4xx_hal.o
    0x20000018   0x080053b8   0x00000004   Data   RW         1435    .data.uxCriticalNesting  port.o
    0x2000001c   0x080053bc   0x00000004   PAD
    0x20000020        -       0x00000060   Zero   RW         1769    .bss                c_w.l(libspace.o)
    0x20000080        -       0x00000001   Zero   RW         1548    .bss.I2C_Device_Addr  mpu6050.o
    0x20000081   0x080053bc   0x00000003   PAD
    0x20000084        -       0x00000004   Zero   RW           42    .bss.IMU_TASKHandle  freertos.o
    0x20000088        -       0x00000004   Zero   RW         1519    .bss.PreviousWakeTime  imu_task.o
    0x2000008c        -       0x00000004   Zero   RW         1550    .bss.gyro_bias_x    mpu6050.o
    0x20000090        -       0x00000004   Zero   RW         1551    .bss.gyro_bias_y    mpu6050.o
    0x20000094        -       0x00000004   Zero   RW         1552    .bss.gyro_bias_z    mpu6050.o
    0x20000098        -       0x00000054   Zero   RW           57    .bss.hi2c2          i2c.o
    0x200000ec        -       0x00000048   Zero   RW           72    .bss.htim6          tim.o
    0x20000134        -       0x00000048   Zero   RW          123    .bss.htim7          stm32f4xx_hal_timebase_tim.o
    0x2000017c        -       0x00000004   Zero   RW         1477    .bss.integralFBx    MahonyAHRS.o
    0x20000180        -       0x00000004   Zero   RW         1478    .bss.integralFBy    MahonyAHRS.o
    0x20000184        -       0x00000004   Zero   RW         1479    .bss.integralFBz    MahonyAHRS.o
    0x20000188        -       0x00000048   Zero   RW         1549    .bss.mpu6050        mpu6050.o
    0x200001d0        -       0x00000004   Zero   RW         1235    .bss.pxCurrentTCB   tasks.o
    0x200001d4        -       0x00000004   Zero   RW         1251    .bss.pxDelayedTaskList  tasks.o
    0x200001d8        -       0x00000004   Zero   RW         1391    .bss.pxEnd          heap_4.o
    0x200001dc        -       0x00000004   Zero   RW         1252    .bss.pxOverflowDelayedTaskList  tasks.o
    0x200001e0        -       0x0000008c   Zero   RW         1236    .bss.pxReadyTasksLists  tasks.o
    0x2000026c        -       0x00000010   Zero   RW         1480    .bss.q              MahonyAHRS.o
    0x2000027c        -       0x00000004   Zero   RW         1474    .bss.q1             MahonyAHRS.o
    0x20000280        -       0x00000004   Zero   RW         1475    .bss.q2             MahonyAHRS.o
    0x20000284        -       0x00000004   Zero   RW         1476    .bss.q3             MahonyAHRS.o
    0x20000288        -       0x00003c00   Zero   RW         1398    .bss.ucHeap         heap_4.o
    0x20003e88        -       0x00000001   Zero   RW         1433    .bss.ucMaxSysCallPriority  port.o
    0x20003e89   0x080053bc   0x00000003   PAD
    0x20003e8c        -       0x00000004   Zero   RW         1434    .bss.ulMaxPRIGROUPValue  port.o
    0x20003e90        -       0x00000004   Zero   RW          810    .bss.uwTick         stm32f4xx_hal.o
    0x20003e94        -       0x00000004   Zero   RW         1241    .bss.uxCurrentNumberOfTasks  tasks.o
    0x20003e98        -       0x00000004   Zero   RW         1240    .bss.uxDeletedTasksWaitingCleanUp  tasks.o
    0x20003e9c        -       0x00000004   Zero   RW         1243    .bss.uxSchedulerSuspended  tasks.o
    0x20003ea0        -       0x00000004   Zero   RW         1238    .bss.uxTaskNumber   tasks.o
    0x20003ea4        -       0x00000004   Zero   RW         1237    .bss.uxTopReadyPriority  tasks.o
    0x20003ea8        -       0x00000001   Zero   RW         1392    .bss.xBlockAllocatedBit  heap_4.o
    0x20003ea9   0x080053bc   0x00000003   PAD
    0x20003eac        -       0x00000014   Zero   RW         1254    .bss.xDelayedTaskList1  tasks.o
    0x20003ec0        -       0x00000014   Zero   RW         1255    .bss.xDelayedTaskList2  tasks.o
    0x20003ed4        -       0x00000004   Zero   RW         1393    .bss.xFreeBytesRemaining  heap_4.o
    0x20003ed8        -       0x00000200   Zero   RW           40    .bss.xIdleStack     freertos.o
    0x200040d8        -       0x00000004   Zero   RW         1247    .bss.xIdleTaskHandle  tasks.o
    0x200040dc        -       0x00000054   Zero   RW           39    .bss.xIdleTaskTCBBuffer  freertos.o
    0x20004130        -       0x00000004   Zero   RW         1395    .bss.xMinimumEverFreeBytesRemaining  heap_4.o
    0x20004134        -       0x00000004   Zero   RW         1248    .bss.xNextTaskUnblockTime  tasks.o
    0x20004138        -       0x00000004   Zero   RW         1253    .bss.xNumOfOverflows  tasks.o
    0x2000413c        -       0x00000004   Zero   RW         1396    .bss.xNumberOfSuccessfulAllocations  heap_4.o
    0x20004140        -       0x00000004   Zero   RW         1397    .bss.xNumberOfSuccessfulFrees  heap_4.o
    0x20004144        -       0x00000004   Zero   RW         1250    .bss.xPendedTicks   tasks.o
    0x20004148        -       0x00000014   Zero   RW         1246    .bss.xPendingReadyList  tasks.o
    0x2000415c        -       0x00000004   Zero   RW         1242    .bss.xSchedulerRunning  tasks.o
    0x20004160        -       0x00000008   Zero   RW         1394    .bss.xStart         heap_4.o
    0x20004168        -       0x00000014   Zero   RW         1245    .bss.xSuspendedTaskList  tasks.o
    0x2000417c        -       0x00000014   Zero   RW         1239    .bss.xTasksWaitingTermination  tasks.o
    0x20004190        -       0x00000004   Zero   RW         1244    .bss.xTickCount     tasks.o
    0x20004194        -       0x00000004   Zero   RW         1249    .bss.xYieldPending  tasks.o
    0x20004198        -       0x00000200   Zero   RW            2    HEAP                startup_stm32f407xx.o
    0x20004398        -       0x00000400   Zero   RW            1    STACK               startup_stm32f407xx.o


    Execution Region RW_IRAM2 (Exec base: 0x2001c000, Load base: 0x080053c0, Size: 0x00000000, Max: 0x00004000, ABSOLUTE)

    **** No section assigned to this execution region ****


==============================================================================

Image component sizes


      Code (inc. data)   RO Data    RW Data    ZI Data      Debug   Object Name

      2120         16          0         12         40      18572   MahonyAHRS.o
       152          0          0          0          0      22694   cmsis_os.o
       106         28          9          0        600       3592   freertos.o
        76          0          0          0          0       1750   gpio.o
       630          0          0          0      15389       5521   heap_4.o
       214          0          0          0         84       7634   i2c.o
       112          0          0          0          4       4762   imu_task.o
       150          0          0          0          0       2596   list.o
       206          0          0          0          0       4002   main.o
       882         32          0          0         85      18798   mpu6050.o
       896         16          0          4          5       4583   port.o
         2          0          0          0          0       1806   startup_main.o
        64         26        392          0       1536       1044   startup_stm32f407xx.o
        92          0          0          5          4       7758   stm32f4xx_hal.o
       152          0          0          0          0      11180   stm32f4xx_hal_cortex.o
        42          0          0          0          0      10118   stm32f4xx_hal_dma.o
       404          0          0          0          0       5481   stm32f4xx_hal_gpio.o
      7280         16          0          0          0      48470   stm32f4xx_hal_i2c.o
        66          0          0          0          0       3906   stm32f4xx_hal_msp.o
      1418          4          0          0          0       7856   stm32f4xx_hal_rcc.o
       904          0          0          0          0      58357   stm32f4xx_hal_tim.o
       192          0          0          0          0      22622   stm32f4xx_hal_tim_ex.o
       180          0          0          0         72       7654   stm32f4xx_hal_timebase_tim.o
        60          0          0          0          0       6252   stm32f4xx_it.o
        18          0         24          4          0       3083   system_stm32f4xx.o
      2322          8          0          0        300      28903   tasks.o
       154          0          0          0         72       7394   tim.o

    ----------------------------------------------------------------------
     19056        158        460         28      18204     326388   Object Totals
         0          0         32          0          0          0   (incl. Generated)
       162         12          3          3         13          0   (incl. Padding)

    ----------------------------------------------------------------------

      Code (inc. data)   RO Data    RW Data    ZI Data      Debug   Library Member Name

         8          0          0          0          0         68   __main.o
         0          0          0          0          0          0   __rtentry.o
        12          0          0          0          0          0   __rtentry2.o
         6          0          0          0          0          0   __rtentry4.o
        94          8          0          0          0          0   __scatter.o
        26          0          0          0          0          0   __scatter_copy.o
        28          0          0          0          0          0   __scatter_zi.o
        22          0          0          0          0        100   _rserrno.o
        18          0          0          0          0         80   exit.o
         6          0          0          0          0        152   heapauxi.o
         0          0          0          0          0          0   indicate_semi.o
         2          0          0          0          0          0   libinit.o
         6          0          0          0          0          0   libinit2.o
         2          0          0          0          0          0   libshutdown.o
         2          0          0          0          0          0   libshutdown2.o
         8          4          0          0         96         68   libspace.o
       240          0          0          0          0        100   lludivv7m.o
         8          4          0          0          0         68   rt_errno_addr_intlibspace.o
        78          0          0          0          0         80   rt_memclr_w.o
         2          0          0          0          0          0   rtexit.o
        10          0          0          0          0          0   rtexit2.o
        12          4          0          0          0         68   sys_exit.o
        74          0          0          0          0         80   sys_stackheap_outer.o
         2          0          0          0          0         68   use_no_semi.o
        26          0          0          0          0        116   fpinit.o
         0          0          0          0          0          0   usenofp.o
       300         42          0          0          0        176   asinf.o
       684         90          0          0          0        208   atan2f.o
        38          0          0          0          0        116   fpclassifyf.o
        44         12          0          0          0        464   funder.o
       120          0          0          0          0        272   sqrtf.o

    ----------------------------------------------------------------------
      1892        164          0          0         96       2284   Library Totals
        14          0          0          0          0          0   (incl. Padding)

    ----------------------------------------------------------------------

      Code (inc. data)   RO Data    RW Data    ZI Data      Debug   Library Name

       666         20          0          0         96        932   c_w.l
        26          0          0          0          0        116   fz_wm.l
      1186        144          0          0          0       1236   m_wm.l

    ----------------------------------------------------------------------
      1892        164          0          0         96       2284   Library Totals

    ----------------------------------------------------------------------

==============================================================================


      Code (inc. data)   RO Data    RW Data    ZI Data      Debug   

     20948        322        460         28      18300     327076   Grand Totals
     20948        322        460         28      18300     327076   ELF Image Totals
     20948        322        460         28          0          0   ROM Totals

==============================================================================

    Total RO  Size (Code + RO Data)                21408 (  20.91kB)
    Total RW  Size (RW Data + ZI Data)             18328 (  17.90kB)
    Total ROM Size (Code + RO Data + RW Data)      21436 (  20.93kB)

==============================================================================

