Component: Arm Compiler for Embedded 6.22 Tool: armlink [5ee90200]

==============================================================================

Section Cross References

    startup_stm32f407xx.o(STACK) refers (Special) to heapauxi.o(.text) for __use_two_region_memory
    startup_stm32f407xx.o(HEAP) refers (Special) to heapauxi.o(.text) for __use_two_region_memory
    startup_stm32f407xx.o(RESET) refers (Special) to heapauxi.o(.text) for __use_two_region_memory
    startup_stm32f407xx.o(RESET) refers to startup_stm32f407xx.o(STACK) for __initial_sp
    startup_stm32f407xx.o(RESET) refers to startup_stm32f407xx.o(.text) for Reset_Handler
    startup_stm32f407xx.o(RESET) refers to stm32f4xx_it.o(.text.NMI_Handler) for NMI_Handler
    startup_stm32f407xx.o(RESET) refers to stm32f4xx_it.o(.text.HardFault_Handler) for HardFault_Handler
    startup_stm32f407xx.o(RESET) refers to stm32f4xx_it.o(.text.MemManage_Handler) for MemManage_Handler
    startup_stm32f407xx.o(RESET) refers to stm32f4xx_it.o(.text.BusFault_Handler) for BusFault_Handler
    startup_stm32f407xx.o(RESET) refers to stm32f4xx_it.o(.text.UsageFault_Handler) for UsageFault_Handler
    startup_stm32f407xx.o(RESET) refers to port.o(.text.SVC_Handler) for SVC_Handler
    startup_stm32f407xx.o(RESET) refers to stm32f4xx_it.o(.text.DebugMon_Handler) for DebugMon_Handler
    startup_stm32f407xx.o(RESET) refers to port.o(.text.PendSV_Handler) for PendSV_Handler
    startup_stm32f407xx.o(RESET) refers to cmsis_os2.o(.text.SysTick_Handler) for SysTick_Handler
    startup_stm32f407xx.o(RESET) refers to stm32f4xx_it.o(.text.DMA1_Stream1_IRQHandler) for DMA1_Stream1_IRQHandler
    startup_stm32f407xx.o(RESET) refers to stm32f4xx_it.o(.text.CAN1_RX0_IRQHandler) for CAN1_RX0_IRQHandler
    startup_stm32f407xx.o(RESET) refers to remote_control.o(.text.USART3_IRQHandler) for USART3_IRQHandler
    startup_stm32f407xx.o(RESET) refers to stm32f4xx_it.o(.text.TIM7_IRQHandler) for TIM7_IRQHandler
    startup_stm32f407xx.o(RESET) refers to stm32f4xx_it.o(.text.CAN2_RX0_IRQHandler) for CAN2_RX0_IRQHandler
    startup_stm32f407xx.o(.text) refers (Special) to heapauxi.o(.text) for __use_two_region_memory
    startup_stm32f407xx.o(.text) refers to system_stm32f4xx.o(.text.SystemInit) for SystemInit
    startup_stm32f407xx.o(.text) refers to __main.o(!!!main) for __main
    startup_stm32f407xx.o(.text) refers to startup_stm32f407xx.o(HEAP) for Heap_Mem
    startup_stm32f407xx.o(.text) refers to startup_stm32f407xx.o(STACK) for Stack_Mem
    startup_main.o(.ARM.exidx.text.startup_main) refers to startup_main.o(.text.startup_main) for [Anonymous Symbol]
    main.o(.text.main) refers to stm32f4xx_hal.o(.text.HAL_Init) for HAL_Init
    main.o(.text.main) refers to main.o(.text.SystemClock_Config) for SystemClock_Config
    main.o(.text.main) refers to gpio.o(.text.MX_GPIO_Init) for MX_GPIO_Init
    main.o(.text.main) refers to dma.o(.text.MX_DMA_Init) for MX_DMA_Init
    main.o(.text.main) refers to can.o(.text.MX_CAN1_Init) for MX_CAN1_Init
    main.o(.text.main) refers to can.o(.text.MX_CAN2_Init) for MX_CAN2_Init
    main.o(.text.main) refers to usart.o(.text.MX_USART3_UART_Init) for MX_USART3_UART_Init
    main.o(.text.main) refers to cmsis_os2.o(.text.osKernelInitialize) for osKernelInitialize
    main.o(.text.main) refers to freertos.o(.text.MX_FREERTOS_Init) for MX_FREERTOS_Init
    main.o(.text.main) refers to cmsis_os2.o(.text.osKernelStart) for osKernelStart
    main.o(.ARM.exidx.text.main) refers to main.o(.text.main) for [Anonymous Symbol]
    main.o(.text.SystemClock_Config) refers to rt_memclr_w.o(.text) for __aeabi_memclr4
    main.o(.text.SystemClock_Config) refers to stm32f4xx_hal_rcc.o(.text.HAL_RCC_OscConfig) for HAL_RCC_OscConfig
    main.o(.text.SystemClock_Config) refers to stm32f4xx_hal_rcc.o(.text.HAL_RCC_ClockConfig) for HAL_RCC_ClockConfig
    main.o(.ARM.exidx.text.SystemClock_Config) refers to main.o(.text.SystemClock_Config) for [Anonymous Symbol]
    main.o(.ARM.exidx.text.Error_Handler) refers to main.o(.text.Error_Handler) for [Anonymous Symbol]
    main.o(.text.HAL_TIM_PeriodElapsedCallback) refers to stm32f4xx_hal.o(.text.HAL_IncTick) for HAL_IncTick
    main.o(.ARM.exidx.text.HAL_TIM_PeriodElapsedCallback) refers to main.o(.text.HAL_TIM_PeriodElapsedCallback) for [Anonymous Symbol]
    gpio.o(.ARM.exidx.text.MX_GPIO_Init) refers to gpio.o(.text.MX_GPIO_Init) for [Anonymous Symbol]
    freertos.o(.text.MX_FREERTOS_Init) refers to chassis_task.o(.text.chassis_task) for chassis_task
    freertos.o(.text.MX_FREERTOS_Init) refers to freertos.o(.rodata.CHASSIS_TASK_attributes) for CHASSIS_TASK_attributes
    freertos.o(.text.MX_FREERTOS_Init) refers to cmsis_os2.o(.text.osThreadNew) for osThreadNew
    freertos.o(.text.MX_FREERTOS_Init) refers to freertos.o(.bss.CHASSIS_TASKHandle) for CHASSIS_TASKHandle
    freertos.o(.ARM.exidx.text.MX_FREERTOS_Init) refers to freertos.o(.text.MX_FREERTOS_Init) for [Anonymous Symbol]
[...]
    _get_lc_collate                           - Undefined Weak Reference
    _get_lc_ctype                             - Undefined Weak Reference
    _get_lc_monetary                          - Undefined Weak Reference
    _get_lc_numeric                           - Undefined Weak Reference
    _get_lc_time                              - Undefined Weak Reference
    _getenv_init                              - Undefined Weak Reference
    _handle_redirection                       - Undefined Weak Reference
    _init_alloc                               - Undefined Weak Reference
    _init_user_alloc                          - Undefined Weak Reference
    _initio                                   - Undefined Weak Reference
    _rand_init                                - Undefined Weak Reference
    _signal_finish                            - Undefined Weak Reference
    _signal_init                              - Undefined Weak Reference
    _terminate_alloc                          - Undefined Weak Reference
    _terminate_user_alloc                     - Undefined Weak Reference
    _terminateio                              - Undefined Weak Reference
    __Vectors_Size                           0x00000188   Number         0  startup_stm32f407xx.o ABSOLUTE
    __Vectors                                0x08000000   Data           4  startup_stm32f407xx.o(RESET)
    __Vectors_End                            0x08000188   Data           0  startup_stm32f407xx.o(RESET)
    __main                                   0x08000189   Thumb Code     8  __main.o(!!!main)
    __scatterload                            0x08000191   Thumb Code     0  __scatter.o(!!!scatter)
    __scatterload_rt2                        0x08000191   Thumb Code    84  __scatter.o(!!!scatter)
    __scatterload_rt2_thumb_only             0x08000191   Thumb Code     0  __scatter.o(!!!scatter)
    __scatterload_loop                       0x0800019b   Thumb Code     0  __scatter.o(!!!scatter)
    __scatterload_copy                       0x080001ed   Thumb Code    26  __scatter_copy.o(!!handler_copy)
    __scatterload_null                       0x08000209   Thumb Code     2  __scatter.o(!!handler_null)
    __scatterload_zeroinit                   0x0800020d   Thumb Code    28  __scatter_zi.o(!!handler_zi)
    __rt_lib_init                            0x08000229   Thumb Code     0  libinit.o(.ARM.Collect$$libinit$$00000000)
    __rt_lib_init_fp_1                       0x0800022b   Thumb Code     0  libinit2.o(.ARM.Collect$$libinit$$00000001)
    __rt_lib_init_alloca_1                   0x0800022f   Thumb Code     0  libinit2.o(.ARM.Collect$$libinit$$00000030)
    __rt_lib_init_argv_1                     0x0800022f   Thumb Code     0  libinit2.o(.ARM.Collect$$libinit$$0000002E)
    __rt_lib_init_atexit_1                   0x0800022f   Thumb Code     0  libinit2.o(.ARM.Collect$$libinit$$0000001D)
    __rt_lib_init_clock_1                    0x0800022f   Thumb Code     0  libinit2.o(.ARM.Collect$$libinit$$00000023)
    __rt_lib_init_cpp_2                      0x0800022f   Thumb Code     0  libinit2.o(.ARM.Collect$$libinit$$00000033)
    __rt_lib_init_exceptions_1               0x0800022f   Thumb Code     0  libinit2.o(.ARM.Collect$$libinit$$00000032)
    __rt_lib_init_fp_trap_1                  0x0800022f   Thumb Code     0  libinit2.o(.ARM.Collect$$libinit$$00000021)
    __rt_lib_init_getenv_1                   0x0800022f   Thumb Code     0  libinit2.o(.ARM.Collect$$libinit$$00000025)
    __rt_lib_init_heap_1                     0x0800022f   Thumb Code     0  libinit2.o(.ARM.Collect$$libinit$$0000000C)
    __rt_lib_init_lc_collate_1               0x0800022f   Thumb Code     0  libinit2.o(.ARM.Collect$$libinit$$00000013)
    __rt_lib_init_lc_ctype_1                 0x0800022f   Thumb Code     0  libinit2.o(.ARM.Collect$$libinit$$00000015)
    __rt_lib_init_lc_monetary_1              0x0800022f   Thumb Code     0  libinit2.o(.ARM.Collect$$libinit$$00000017)
    __rt_lib_init_lc_numeric_1               0x0800022f   Thumb Code     0  libinit2.o(.ARM.Collect$$libinit$$00000019)
    __rt_lib_init_lc_time_1                  0x0800022f   Thumb Code     0  libinit2.o(.ARM.Collect$$libinit$$0000001B)
    __rt_lib_init_preinit_1                  0x0800022f   Thumb Code     0  libinit2.o(.ARM.Collect$$libinit$$00000006)
    __rt_lib_init_rand_1                     0x0800022f   Thumb Code     0  libinit2.o(.ARM.Collect$$libinit$$00000010)
    __rt_lib_init_relocate_pie_1             0x0800022f   Thumb Code     0  libinit2.o(.ARM.Collect$$libinit$$00000004)
    __rt_lib_init_signal_1                   0x0800022f   Thumb Code     0  libinit2.o(.ARM.Collect$$libinit$$0000001F)
    __rt_lib_init_stdio_1                    0x0800022f   Thumb Code     0  libinit2.o(.ARM.Collect$$libinit$$00000027)
    __rt_lib_init_user_alloc_1               0x0800022f   Thumb Code     0  libinit2.o(.ARM.Collect$$libinit$$0000000E)
    __rt_lib_init_cpp_1                      0x08000233   Thumb Code     0  libinit2.o(.ARM.Collect$$libinit$$00000034)
    __rt_lib_init_return                     0x08000233   Thumb Code     0  libinit2.o(.ARM.Collect$$libinit$$00000035)
    __rt_lib_shutdown                        0x08000235   Thumb Code     0  libshutdown.o(.ARM.Collect$$libshutdown$$00000000)
    __rt_lib_shutdown_cpp_1                  0x08000237   Thumb Code     0  libshutdown2.o(.ARM.Collect$$libshutdown$$00000002)
    __rt_lib_shutdown_fp_trap_1              0x08000237   Thumb Code     0  libshutdown2.o(.ARM.Collect$$libshutdown$$00000007)
    __rt_lib_shutdown_heap_1                 0x08000237   Thumb Code     0  libshutdown2.o(.ARM.Collect$$libshutdown$$0000000F)
    __rt_lib_shutdown_return                 0x08000237   Thumb Code     0  libshutdown2.o(.ARM.Collect$$libshutdown$$00000010)
    __rt_lib_shutdown_signal_1               0x08000237   Thumb Code     0  libshutdown2.o(.ARM.Collect$$libshutdown$$0000000A)
    __rt_lib_shutdown_stdio_1                0x08000237   Thumb Code     0  libshutdown2.o(.ARM.Collect$$libshutdown$$00000004)
    __rt_lib_shutdown_user_alloc_1           0x08000237   Thumb Code     0  libshutdown2.o(.ARM.Collect$$libshutdown$$0000000C)
    __rt_entry                               0x08000239   Thumb Code     0  __rtentry.o(.ARM.Collect$$rtentry$$00000000)
    __rt_entry_presh_1                       0x08000239   Thumb Code     0  __rtentry2.o(.ARM.Collect$$rtentry$$00000002)
    __rt_entry_sh                            0x08000239   Thumb Code     0  __rtentry4.o(.ARM.Collect$$rtentry$$00000004)
    __rt_entry_li                            0x0800023f   Thumb Code     0  __rtentry2.o(.ARM.Collect$$rtentry$$0000000A)
    __rt_entry_postsh_1                      0x0800023f   Thumb Code     0  __rtentry2.o(.ARM.Collect$$rtentry$$00000009)
    __rt_entry_main                          0x08000243   Thumb Code     0  __rtentry2.o(.ARM.Collect$$rtentry$$0000000D)
    __rt_entry_postli_1                      0x08000243   Thumb Code     0  __rtentry2.o(.ARM.Collect$$rtentry$$0000000C)
    __rt_exit                                0x0800024b   Thumb Code     0  rtexit.o(.ARM.Collect$$rtexit$$00000000)
    __rt_exit_ls                             0x0800024d   Thumb Code     0  rtexit2.o(.ARM.Collect$$rtexit$$00000003)
    __rt_exit_prels_1                        0x0800024d   Thumb Code     0  rtexit2.o(.ARM.Collect$$rtexit$$00000002)
    __rt_exit_exit                           0x08000251   Thumb Code     0  rtexit2.o(.ARM.Collect$$rtexit$$00000004)
    Reset_Handler                            0x08000259   Thumb Code     8  startup_stm32f407xx.o(.text)
    ADC_IRQHandler                           0x08000273   Thumb Code     0  startup_stm32f407xx.o(.text)
    CAN1_RX1_IRQHandler                      0x08000273   Thumb Code     0  startup_stm32f407xx.o(.text)
    CAN1_SCE_IRQHandler                      0x08000273   Thumb Code     0  startup_stm32f407xx.o(.text)
    CAN1_TX_IRQHandler                       0x08000273   Thumb Code     0  startup_stm32f407xx.o(.text)
    CAN2_RX1_IRQHandler                      0x08000273   Thumb Code     0  startup_stm32f407xx.o(.text)
    CAN2_SCE_IRQHandler                      0x08000273   Thumb Code     0  startup_stm32f407xx.o(.text)
    CAN2_TX_IRQHandler                       0x08000273   Thumb Code     0  startup_stm32f407xx.o(.text)
    DCMI_IRQHandler                          0x08000273   Thumb Code     0  startup_stm32f407xx.o(.text)
    DMA1_Stream0_IRQHandler                  0x08000273   Thumb Code     0  startup_stm32f407xx.o(.text)
    DMA1_Stream2_IRQHandler                  0x08000273   Thumb Code     0  startup_stm32f407xx.o(.text)
    DMA1_Stream3_IRQHandler                  0x08000273   Thumb Code     0  startup_stm32f407xx.o(.text)
    DMA1_Stream4_IRQHandler                  0x08000273   Thumb Code     0  startup_stm32f407xx.o(.text)
    DMA1_Stream5_IRQHandler                  0x08000273   Thumb Code     0  startup_stm32f407xx.o(.text)
    DMA1_Stream6_IRQHandler                  0x08000273   Thumb Code     0  startup_stm32f407xx.o(.text)
    DMA1_Stream7_IRQHandler                  0x08000273   Thumb Code     0  startup_stm32f407xx.o(.text)
    DMA2_Stream0_IRQHandler                  0x08000273   Thumb Code     0  startup_stm32f407xx.o(.text)
    DMA2_Stream1_IRQHandler                  0x08000273   Thumb Code     0  startup_stm32f407xx.o(.text)
    DMA2_Stream2_IRQHandler                  0x08000273   Thumb Code     0  startup_stm32f407xx.o(.text)
    DMA2_Stream3_IRQHandler                  0x08000273   Thumb Code     0  startup_stm32f407xx.o(.text)
    DMA2_Stream4_IRQHandler                  0x08000273   Thumb Code     0  startup_stm32f407xx.o(.text)
    DMA2_Stream5_IRQHandler                  0x08000273   Thumb Code     0  startup_stm32f407xx.o(.text)
    DMA2_Stream6_IRQHandler                  0x08000273   Thumb Code     0  startup_stm32f407xx.o(.text)
    DMA2_Stream7_IRQHandler                  0x08000273   Thumb Code     0  startup_stm32f407xx.o(.text)
    ETH_IRQHandler                           0x08000273   Thumb Code     0  startup_stm32f407xx.o(.text)
    ETH_WKUP_IRQHandler                      0x08000273   Thumb Code     0  startup_stm32f407xx.o(.text)
    EXTI0_IRQHandler                         0x08000273   Thumb Code     0  startup_stm32f407xx.o(.text)
    EXTI15_10_IRQHandler                     0x08000273   Thumb Code     0  startup_stm32f407xx.o(.text)
    EXTI1_IRQHandler                         0x08000273   Thumb Code     0  startup_stm32f407xx.o(.text)
    EXTI2_IRQHandler                         0x08000273   Thumb Code     0  startup_stm32f407xx.o(.text)
    EXTI3_IRQHandler                         0x08000273   Thumb Code     0  startup_stm32f407xx.o(.text)
    EXTI4_IRQHandler                         0x08000273   Thumb Code     0  startup_stm32f407xx.o(.text)
    EXTI9_5_IRQHandler                       0x08000273   Thumb Code     0  startup_stm32f407xx.o(.text)
    FLASH_IRQHandler                         0x08000273   Thumb Code     0  startup_stm32f407xx.o(.text)
    FMC_IRQHandler                           0x08000273   Thumb Code     0  startup_stm32f407xx.o(.text)
    FPU_IRQHandler                           0x08000273   Thumb Code     0  startup_stm32f407xx.o(.text)
    HASH_RNG_IRQHandler                      0x08000273   Thumb Code     0  startup_stm32f407xx.o(.text)
    I2C1_ER_IRQHandler                       0x08000273   Thumb Code     0  startup_stm32f407xx.o(.text)
    I2C1_EV_IRQHandler                       0x08000273   Thumb Code     0  startup_stm32f407xx.o(.text)
    I2C2_ER_IRQHandler                       0x08000273   Thumb Code     0  startup_stm32f407xx.o(.text)
    I2C2_EV_IRQHandler                       0x08000273   Thumb Code     0  startup_stm32f407xx.o(.text)
    I2C3_ER_IRQHandler                       0x08000273   Thumb Code     0  startup_stm32f407xx.o(.text)
    I2C3_EV_IRQHandler                       0x08000273   Thumb Code     0  startup_stm32f407xx.o(.text)
    OTG_FS_IRQHandler                        0x08000273   Thumb Code     0  startup_stm32f407xx.o(.text)
    OTG_FS_WKUP_IRQHandler                   0x08000273   Thumb Code     0  startup_stm32f407xx.o(.text)
    OTG_HS_EP1_IN_IRQHandler                 0x08000273   Thumb Code     0  startup_stm32f407xx.o(.text)
    OTG_HS_EP1_OUT_IRQHandler                0x08000273   Thumb Code     0  startup_stm32f407xx.o(.text)
    OTG_HS_IRQHandler                        0x08000273   Thumb Code     0  startup_stm32f407xx.o(.text)
    OTG_HS_WKUP_IRQHandler                   0x08000273   Thumb Code     0  startup_stm32f407xx.o(.text)
    PVD_IRQHandler                           0x08000273   Thumb Code     0  startup_stm32f407xx.o(.text)
    RCC_IRQHandler                           0x08000273   Thumb Code     0  startup_stm32f407xx.o(.text)
    RTC_Alarm_IRQHandler                     0x08000273   Thumb Code     0  startup_stm32f407xx.o(.text)
    RTC_WKUP_IRQHandler                      0x08000273   Thumb Code     0  startup_stm32f407xx.o(.text)
    SDIO_IRQHandler                          0x08000273   Thumb Code     0  startup_stm32f407xx.o(.text)
    SPI1_IRQHandler                          0x08000273   Thumb Code     0  startup_stm32f407xx.o(.text)
    SPI2_IRQHandler                          0x08000273   Thumb Code     0  startup_stm32f407xx.o(.text)
    SPI3_IRQHandler                          0x08000273   Thumb Code     0  startup_stm32f407xx.o(.text)
    TAMP_STAMP_IRQHandler                    0x08000273   Thumb Code     0  startup_stm32f407xx.o(.text)
    TIM1_BRK_TIM9_IRQHandler                 0x08000273   Thumb Code     0  startup_stm32f407xx.o(.text)
    TIM1_CC_IRQHandler                       0x08000273   Thumb Code     0  startup_stm32f407xx.o(.text)
    TIM1_TRG_COM_TIM11_IRQHandler            0x08000273   Thumb Code     0  startup_stm32f407xx.o(.text)
    TIM1_UP_TIM10_IRQHandler                 0x08000273   Thumb Code     0  startup_stm32f407xx.o(.text)
    TIM2_IRQHandler                          0x08000273   Thumb Code     0  startup_stm32f407xx.o(.text)
    TIM3_IRQHandler                          0x08000273   Thumb Code     0  startup_stm32f407xx.o(.text)
    TIM4_IRQHandler                          0x08000273   Thumb Code     0  startup_stm32f407xx.o(.text)
    TIM5_IRQHandler                          0x08000273   Thumb Code     0  startup_stm32f407xx.o(.text)
    TIM6_DAC_IRQHandler                      0x08000273   Thumb Code     0  startup_stm32f407xx.o(.text)
    TIM8_BRK_TIM12_IRQHandler                0x08000273   Thumb Code     0  startup_stm32f407xx.o(.text)
    TIM8_CC_IRQHandler                       0x08000273   Thumb Code     0  startup_stm32f407xx.o(.text)
    TIM8_TRG_COM_TIM14_IRQHandler            0x08000273   Thumb Code     0  startup_stm32f407xx.o(.text)
    TIM8_UP_TIM13_IRQHandler                 0x08000273   Thumb Code     0  startup_stm32f407xx.o(.text)
    UART4_IRQHandler                         0x08000273   Thumb Code     0  startup_stm32f407xx.o(.text)
    UART5_IRQHandler                         0x08000273   Thumb Code     0  startup_stm32f407xx.o(.text)
    USART1_IRQHandler                        0x08000273   Thumb Code     0  startup_stm32f407xx.o(.text)
    USART2_IRQHandler                        0x08000273   Thumb Code     0  startup_stm32f407xx.o(.text)
    USART6_IRQHandler                        0x08000273   Thumb Code     0  startup_stm32f407xx.o(.text)
    WWDG_IRQHandler                          0x08000273   Thumb Code     0  startup_stm32f407xx.o(.text)
    __user_initial_stackheap                 0x08000275   Thumb Code     0  startup_stm32f407xx.o(.text)
    __aeabi_uldivmod                         0x08000299   Thumb Code     0  lludivv7m.o(.text)
    _ll_udiv                                 0x08000299   Thumb Code   240  lludivv7m.o(.text)
    __aeabi_memcpy                           0x08000389   Thumb Code     0  rt_memcpy_v6.o(.text)
    __rt_memcpy                              0x08000389   Thumb Code   138  rt_memcpy_v6.o(.text)
    _memcpy_lastbytes                        0x080003ef   Thumb Code     0  rt_memcpy_v6.o(.text)
    __aeabi_memset4                          0x08000413   Thumb Code    16  aeabi_memset4.o(.text)
    __aeabi_memset8                          0x08000413   Thumb Code     0  aeabi_memset4.o(.text)
    __aeabi_memclr4                          0x08000423   Thumb Code     0  rt_memclr_w.o(.text)
    __aeabi_memclr8                          0x08000423   Thumb Code     0  rt_memclr_w.o(.text)
    __rt_memclr_w                            0x08000423   Thumb Code     0  rt_memclr_w.o(.text)
    _memset_w                                0x08000427   Thumb Code    74  rt_memclr_w.o(.text)
    __use_two_region_memory                  0x08000471   Thumb Code     2  heapauxi.o(.text)
    __rt_heap_escrow$2region                 0x08000473   Thumb Code     2  heapauxi.o(.text)
    __rt_heap_expand$2region                 0x08000475   Thumb Code     2  heapauxi.o(.text)
    __cpp_initialize__aeabi_                 0x08000479   Thumb Code    36  init_aeabi.o(.text)
    __read_errno                             0x080004a5   Thumb Code    10  _rserrno.o(.text)
    __set_errno                              0x080004af   Thumb Code    12  _rserrno.o(.text)
    __aeabi_memcpy4                          0x080004bb   Thumb Code     0  rt_memcpy_w.o(.text)
    __aeabi_memcpy8                          0x080004bb   Thumb Code     0  rt_memcpy_w.o(.text)
    __rt_memcpy_w                            0x080004bb   Thumb Code   100  rt_memcpy_w.o(.text)
    _memcpy_lastbytes_aligned                0x08000503   Thumb Code     0  rt_memcpy_w.o(.text)
    __aeabi_errno_addr                       0x08000521   Thumb Code     8  rt_errno_addr_intlibspace.o(.text)
    __errno$intlibspace                      0x08000521   Thumb Code     0  rt_errno_addr_intlibspace.o(.text)
    __rt_errno_addr$intlibspace              0x08000521   Thumb Code     0  rt_errno_addr_intlibspace.o(.text)
    __user_libspace                          0x08000529   Thumb Code     8  libspace.o(.text)
    __user_perproc_libspace                  0x08000529   Thumb Code     0  libspace.o(.text)
    __user_perthread_libspace                0x08000529   Thumb Code     0  libspace.o(.text)
    __user_setup_stackheap                   0x08000531   Thumb Code    74  sys_stackheap_outer.o(.text)
    exit                                     0x0800057b   Thumb Code    18  exit.o(.text)
    _sys_exit                                0x0800058d   Thumb Code     8  sys_exit.o(.text)
    __I$use$semihosting                      0x08000599   Thumb Code     0  use_no_semi.o(.text)
    __use_no_semihosting_swi                 0x08000599   Thumb Code     2  use_no_semi.o(.text)
    __semihosting_library_function           0x0800059b   Thumb Code     0  indicate_semi.o(.text)
    BusFault_Handler                         0x0800059d   Thumb Code     2  stm32f4xx_it.o(.text.BusFault_Handler)
    CAN1_RX0_IRQHandler                      0x080005a1   Thumb Code    12  stm32f4xx_it.o(.text.CAN1_RX0_IRQHandler)
    CAN2_RX0_IRQHandler                      0x080005ad   Thumb Code    12  stm32f4xx_it.o(.text.CAN2_RX0_IRQHandler)
    Chassis_Loop_Out                         0x080005b9   Thumb Code   332  chassis_api.o(.text.Chassis_Loop_Out)
    Chassis_Sports_Calc                      0x08000715   Thumb Code    36  chassis_api.o(.text.Chassis_Sports_Calc)
    DMA1_Stream1_IRQHandler                  0x08000739   Thumb Code    12  stm32f4xx_it.o(.text.DMA1_Stream1_IRQHandler)
    DebugMon_Handler                         0x08000745   Thumb Code     2  stm32f4xx_it.o(.text.DebugMon_Handler)
    Drive_Motor_Calc                         0x08000749   Thumb Code   582  swerve.o(.text.Drive_Motor_Calc)
    Error_Handler                            0x08000991   Thumb Code     6  main.o(.text.Error_Handler)
    HAL_CAN_AddTxMessage                     0x08000999   Thumb Code   164  stm32f4xx_hal_can.o(.text.HAL_CAN_AddTxMessage)
    HAL_CAN_ErrorCallback                    0x08000a3d   Thumb Code     2  stm32f4xx_hal_can.o(.text.HAL_CAN_ErrorCallback)
    HAL_CAN_GetRxMessage                     0x08000a41   Thumb Code   302  stm32f4xx_hal_can.o(.text.HAL_CAN_GetRxMessage)
    HAL_CAN_IRQHandler                       0x08000b71   Thumb Code   606  stm32f4xx_hal_can.o(.text.HAL_CAN_IRQHandler)
    HAL_CAN_Init                             0x08000dd1   Thumb Code   244  stm32f4xx_hal_can.o(.text.HAL_CAN_Init)
    HAL_CAN_MspInit                          0x08000ec5   Thumb Code   286  can.o(.text.HAL_CAN_MspInit)
    HAL_CAN_RxFifo0FullCallback              0x08000fe5   Thumb Code     2  stm32f4xx_hal_can.o(.text.HAL_CAN_RxFifo0FullCallback)
    HAL_CAN_RxFifo0MsgPendingCallback        0x08000fe9   Thumb Code   494  can_receive.o(.text.HAL_CAN_RxFifo0MsgPendingCallback)
    HAL_CAN_RxFifo1FullCallback              0x080011d9   Thumb Code     2  stm32f4xx_hal_can.o(.text.HAL_CAN_RxFifo1FullCallback)
    HAL_CAN_RxFifo1MsgPendingCallback        0x080011dd   Thumb Code     2  stm32f4xx_hal_can.o(.text.HAL_CAN_RxFifo1MsgPendingCallback)
    HAL_CAN_SleepCallback                    0x080011e1   Thumb Code     2  stm32f4xx_hal_can.o(.text.HAL_CAN_SleepCallback)
    HAL_CAN_TxMailbox0AbortCallback          0x080011e5   Thumb Code     2  stm32f4xx_hal_can.o(.text.HAL_CAN_TxMailbox0AbortCallback)
    HAL_CAN_TxMailbox0CompleteCallback       0x080011e9   Thumb Code     2  stm32f4xx_hal_can.o(.text.HAL_CAN_TxMailbox0CompleteCallback)
    HAL_CAN_TxMailbox1AbortCallback          0x080011ed   Thumb Code     2  stm32f4xx_hal_can.o(.text.HAL_CAN_TxMailbox1AbortCallback)
    HAL_CAN_TxMailbox1CompleteCallback       0x080011f1   Thumb Code     2  stm32f4xx_hal_can.o(.text.HAL_CAN_TxMailbox1CompleteCallback)
    HAL_CAN_TxMailbox2AbortCallback          0x080011f5   Thumb Code     2  stm32f4xx_hal_can.o(.text.HAL_CAN_TxMailbox2AbortCallback)
    HAL_CAN_TxMailbox2CompleteCallback       0x080011f9   Thumb Code     2  stm32f4xx_hal_can.o(.text.HAL_CAN_TxMailbox2CompleteCallback)
    HAL_CAN_WakeUpFromRxMsgCallback          0x080011fd   Thumb Code     2  stm32f4xx_hal_can.o(.text.HAL_CAN_WakeUpFromRxMsgCallback)
    HAL_DMA_IRQHandler                       0x08001201   Thumb Code   452  stm32f4xx_hal_dma.o(.text.HAL_DMA_IRQHandler)
    HAL_DMA_Init                             0x080013c5   Thumb Code   354  stm32f4xx_hal_dma.o(.text.HAL_DMA_Init)
    HAL_GPIO_Init                            0x08001529   Thumb Code   414  stm32f4xx_hal_gpio.o(.text.HAL_GPIO_Init)
    HAL_GetTick                              0x080016c9   Thumb Code    12  stm32f4xx_hal.o(.text.HAL_GetTick)
    HAL_IncTick                              0x080016d5   Thumb Code    26  stm32f4xx_hal.o(.text.HAL_IncTick)
    HAL_Init                                 0x080016f1   Thumb Code    54  stm32f4xx_hal.o(.text.HAL_Init)
    HAL_InitTick                             0x08001729   Thumb Code   178  stm32f4xx_hal_timebase_tim.o(.text.HAL_InitTick)
    HAL_MspInit                              0x080017dd   Thumb Code    66  stm32f4xx_hal_msp.o(.text.HAL_MspInit)
    HAL_NVIC_EnableIRQ                       0x08001821   Thumb Code    34  stm32f4xx_hal_cortex.o(.text.HAL_NVIC_EnableIRQ)
    HAL_NVIC_SetPriority                     0x08001845   Thumb Code    86  stm32f4xx_hal_cortex.o(.text.HAL_NVIC_SetPriority)
    HAL_NVIC_SetPriorityGrouping             0x0800189d   Thumb Code    32  stm32f4xx_hal_cortex.o(.text.HAL_NVIC_SetPriorityGrouping)
    HAL_RCC_ClockConfig                      0x080018bd   Thumb Code   356  stm32f4xx_hal_rcc.o(.text.HAL_RCC_ClockConfig)
    HAL_RCC_GetClockConfig                   0x08001a21   Thumb Code    62  stm32f4xx_hal_rcc.o(.text.HAL_RCC_GetClockConfig)
    HAL_RCC_GetPCLK1Freq                     0x08001a61   Thumb Code    38  stm32f4xx_hal_rcc.o(.text.HAL_RCC_GetPCLK1Freq)
    HAL_RCC_GetPCLK2Freq                     0x08001a89   Thumb Code    38  stm32f4xx_hal_rcc.o(.text.HAL_RCC_GetPCLK2Freq)
    HAL_RCC_GetSysClockFreq                  0x08001ab1   Thumb Code   108  stm32f4xx_hal_rcc.o(.text.HAL_RCC_GetSysClockFreq)
    HAL_RCC_OscConfig                        0x08001b1d   Thumb Code   940  stm32f4xx_hal_rcc.o(.text.HAL_RCC_OscConfig)
    HAL_TIMEx_BreakCallback                  0x08001ec9   Thumb Code     2  stm32f4xx_hal_tim_ex.o(.text.HAL_TIMEx_BreakCallback)
    HAL_TIMEx_CommutCallback                 0x08001ecd   Thumb Code     2  stm32f4xx_hal_tim_ex.o(.text.HAL_TIMEx_CommutCallback)
    HAL_TIM_Base_Init                        0x08001ed1   Thumb Code    90  stm32f4xx_hal_tim.o(.text.HAL_TIM_Base_Init)
    HAL_TIM_Base_MspInit                     0x08001f2d   Thumb Code     2  stm32f4xx_hal_tim.o(.text.HAL_TIM_Base_MspInit)
    HAL_TIM_Base_Start_IT                    0x08001f31   Thumb Code   170  stm32f4xx_hal_tim.o(.text.HAL_TIM_Base_Start_IT)
    HAL_TIM_IC_CaptureCallback               0x08001fdd   Thumb Code     2  stm32f4xx_hal_tim.o(.text.HAL_TIM_IC_CaptureCallback)
    HAL_TIM_IRQHandler                       0x08001fe1   Thumb Code   334  stm32f4xx_hal_tim.o(.text.HAL_TIM_IRQHandler)
    HAL_TIM_OC_DelayElapsedCallback          0x08002131   Thumb Code     2  stm32f4xx_hal_tim.o(.text.HAL_TIM_OC_DelayElapsedCallback)
    HAL_TIM_PWM_PulseFinishedCallback        0x08002135   Thumb Code     2  stm32f4xx_hal_tim.o(.text.HAL_TIM_PWM_PulseFinishedCallback)
    HAL_TIM_PeriodElapsedCallback            0x08002139   Thumb Code    20  main.o(.text.HAL_TIM_PeriodElapsedCallback)
    HAL_TIM_TriggerCallback                  0x0800214d   Thumb Code     2  stm32f4xx_hal_tim.o(.text.HAL_TIM_TriggerCallback)
    HAL_UART_Init                            0x08002151   Thumb Code    96  stm32f4xx_hal_uart.o(.text.HAL_UART_Init)
    HAL_UART_MspInit                         0x080021b1   Thumb Code   198  usart.o(.text.HAL_UART_MspInit)
    HardFault_Handler                        0x08002279   Thumb Code     2  stm32f4xx_it.o(.text.HardFault_Handler)
    MX_CAN1_Init                             0x0800227d   Thumb Code    64  can.o(.text.MX_CAN1_Init)
    MX_CAN2_Init                             0x080022bd   Thumb Code    64  can.o(.text.MX_CAN2_Init)
    MX_DMA_Init                              0x080022fd   Thumb Code    56  dma.o(.text.MX_DMA_Init)
    MX_FREERTOS_Init                         0x08002335   Thumb Code    36  freertos.o(.text.MX_FREERTOS_Init)
    MX_GPIO_Init                             0x08002359   Thumb Code    76  gpio.o(.text.MX_GPIO_Init)
    MX_USART3_UART_Init                      0x080023a5   Thumb Code    64  usart.o(.text.MX_USART3_UART_Init)
    MemManage_Handler                        0x080023e5   Thumb Code     2  stm32f4xx_it.o(.text.MemManage_Handler)
    Min_Angle_Calc                           0x080023e9   Thumb Code   236  swerve.o(.text.Min_Angle_Calc)
    Multi_Round_Support                      0x080024dd   Thumb Code   376  swerve.o(.text.Multi_Round_Support)
    NMI_Handler                              0x08002661   Thumb Code     2  stm32f4xx_it.o(.text.NMI_Handler)
    Non_Syn_Wheel_Support                    0x08002669   Thumb Code   272  swerve.o(.text.Non_Syn_Wheel_Support)
    PendSV_Handler                           0x08002781   Thumb Code   100  port.o(.text.PendSV_Handler)
    Remote_Control_Chassis_Mode              0x080027e5   Thumb Code   164  chassis_api.o(.text.Remote_Control_Chassis_Mode)
    Remote_Control_Chassis_Set_Mode          0x08002891   Thumb Code    44  chassis_api.o(.text.Remote_Control_Chassis_Set_Mode)
    Robot_Orientation_Analysis               0x080028bd   Thumb Code     2  chassis_api.o(.text.Robot_Orientation_Analysis)
    SVC_Handler                              0x080028c1   Thumb Code    36  port.o(.text.SVC_Handler)
    Swerve_Motor_Calc                        0x080028e9   Thumb Code   384  swerve.o(.text.Swerve_Motor_Calc)
    SysTick_Handler                          0x08002a71   Thumb Code    30  cmsis_os2.o(.text.SysTick_Handler)
    SystemClock_Config                       0x08002a91   Thumb Code   168  main.o(.text.SystemClock_Config)
    SystemInit                               0x08002b39   Thumb Code    18  system_stm32f4xx.o(.text.SystemInit)
    TIM7_IRQHandler                          0x08002b4d   Thumb Code    12  stm32f4xx_it.o(.text.TIM7_IRQHandler)
    TIM_Base_SetConfig                       0x08002b59   Thumb Code   324  stm32f4xx_hal_tim.o(.text.TIM_Base_SetConfig)
    USART3_IRQHandler                        0x08002d85   Thumb Code   502  remote_control.o(.text.USART3_IRQHandler)
    UsageFault_Handler                       0x08002f7d   Thumb Code     2  stm32f4xx_it.o(.text.UsageFault_Handler)
    PID_Controller::All_Device_Init()        0x08002fb9   Thumb Code   944  pid_user.o(.text._ZN14PID_Controller15All_Device_InitEv)
    PID_Controller::CORE::PID_Calc(pid_type_def*, float, float) 0x0800338d   Thumb Code   328  pid.o(.text._ZN14PID_Controller4CORE8PID_CalcEP12pid_type_defff)
    PID_Controller::CORE::PID_Init(pid_type_def*, unsigned char, float const*, float, float) 0x080034d9   Thumb Code    48  pid.o(.text._ZN14PID_Controller4CORE8PID_InitEP12pid_type_defhPKfff)
    PID_Controller::CAN_MOTOR::CAN1_Velocity_Realize(float, int) 0x08003509   Thumb Code    70  pid_user.o(.text._ZN14PID_Controller9CAN_MOTOR21CAN1_Velocity_RealizeEfi)
    PID_Controller::CAN_MOTOR::CAN1_VP_Dual_Loop_Realize(float, int) 0x08003551   Thumb Code   108  pid_user.o(.text._ZN14PID_Controller9CAN_MOTOR25CAN1_VP_Dual_Loop_RealizeEfi)
    CAN_BUS::CMD::CAN1_Front(short, short, short, short) 0x080035bd   Thumb Code    88  can_receive.o(.text._ZN7CAN_BUS3CMD10CAN1_FrontEssss)
    CAN_BUS::CMD::CAN1_Behind(short, short, short, short) 0x08003615   Thumb Code    88  can_receive.o(.text._ZN7CAN_BUS3CMD11CAN1_BehindEssss)
    chassis_task                             0x0800366d   Thumb Code    72  chassis_task.o(.text.chassis_task)
    main                                     0x080036b5   Thumb Code    42  main.o(.text.main)
    osDelay                                  0x080036e1   Thumb Code    32  cmsis_os2.o(.text.osDelay)
    osKernelInitialize                       0x08003701   Thumb Code    40  cmsis_os2.o(.text.osKernelInitialize)
    osKernelStart                            0x08003729   Thumb Code    60  cmsis_os2.o(.text.osKernelStart)
    osThreadNew                              0x08003765   Thumb Code   148  cmsis_os2.o(.text.osThreadNew)
    pvPortMalloc                             0x08004069   Thumb Code   496  heap_4.o(.text.pvPortMalloc)
    pxPortInitialiseStack                    0x08004259   Thumb Code    36  port.o(.text.pxPortInitialiseStack)
    uxListRemove                             0x0800427d   Thumb Code    34  list.o(.text.uxListRemove)
    vApplicationGetIdleTaskMemory            0x080042a1   Thumb Code    26  cmsis_os2.o(.text.vApplicationGetIdleTaskMemory)
    vApplicationGetTimerTaskMemory           0x080042bd   Thumb Code    28  cmsis_os2.o(.text.vApplicationGetTimerTaskMemory)
    vListInitialise                          0x080042d9   Thumb Code    22  list.o(.text.vListInitialise)
    vListInitialiseItem                      0x080042f1   Thumb Code     6  list.o(.text.vListInitialiseItem)
    vListInsert                              0x080042f9   Thumb Code    98  list.o(.text.vListInsert)
    vListInsertEnd                           0x0800435d   Thumb Code    26  list.o(.text.vListInsertEnd)
    vPortEnterCritical                       0x0800438d   Thumb Code    70  port.o(.text.vPortEnterCritical)
    vPortExitCritical                        0x080043d5   Thumb Code    46  port.o(.text.vPortExitCritical)
    vPortFree                                0x08004405   Thumb Code   212  heap_4.o(.text.vPortFree)
    vPortSetupTimerInterrupt                 0x080044d9   Thumb Code    52  port.o(.text.vPortSetupTimerInterrupt)
    vQueueAddToRegistry                      0x0800450d   Thumb Code    88  queue.o(.text.vQueueAddToRegistry)
    vQueueWaitForMessageRestricted           0x08004565   Thumb Code    82  queue.o(.text.vQueueWaitForMessageRestricted)
    vTaskDelay                               0x080045b9   Thumb Code   128  tasks.o(.text.vTaskDelay)
    vTaskInternalSetTimeOutState             0x08004639   Thumb Code    18  tasks.o(.text.vTaskInternalSetTimeOutState)
    vTaskMissedYield                         0x0800464d   Thumb Code    14  tasks.o(.text.vTaskMissedYield)
    vTaskPlaceOnEventList                    0x0800465d   Thumb Code   116  tasks.o(.text.vTaskPlaceOnEventList)
    vTaskPlaceOnEventListRestricted          0x080046d1   Thumb Code   122  tasks.o(.text.vTaskPlaceOnEventListRestricted)
    vTaskStartScheduler                      0x0800474d   Thumb Code   232  tasks.o(.text.vTaskStartScheduler)
    vTaskSuspendAll                          0x0800483d   Thumb Code    16  tasks.o(.text.vTaskSuspendAll)
    vTaskSwitchContext                       0x0800484d   Thumb Code   204  tasks.o(.text.vTaskSwitchContext)
    xPortStartScheduler                      0x08004919   Thumb Code   392  port.o(.text.xPortStartScheduler)
    xPortSysTickHandler                      0x08004aa1   Thumb Code    46  port.o(.text.xPortSysTickHandler)
    xQueueGenericCreateStatic                0x08004ad1   Thumb Code   218  queue.o(.text.xQueueGenericCreateStatic)
    xQueueGenericSend                        0x08004bad   Thumb Code   704  queue.o(.text.xQueueGenericSend)
    xQueueReceive                            0x08004e6d   Thumb Code   574  queue.o(.text.xQueueReceive)
    xTaskCheckForTimeOut                     0x080050ad   Thumb Code   154  tasks.o(.text.xTaskCheckForTimeOut)
    xTaskCreate                              0x08005149   Thumb Code    96  tasks.o(.text.xTaskCreate)
    xTaskCreateStatic                        0x080051a9   Thumb Code   118  tasks.o(.text.xTaskCreateStatic)
    xTaskGetSchedulerState                   0x08005221   Thumb Code    30  tasks.o(.text.xTaskGetSchedulerState)
    xTaskGetTickCount                        0x08005241   Thumb Code    12  tasks.o(.text.xTaskGetTickCount)
    xTaskIncrementTick                       0x0800524d   Thumb Code   260  tasks.o(.text.xTaskIncrementTick)
    xTaskPriorityDisinherit                  0x08005351   Thumb Code   142  tasks.o(.text.xTaskPriorityDisinherit)
    xTaskRemoveFromEventList                 0x080053e1   Thumb Code   114  tasks.o(.text.xTaskRemoveFromEventList)
    xTaskResumeAll                           0x08005455   Thumb Code   238  tasks.o(.text.xTaskResumeAll)
    xTimerCreateTimerTask                    0x08005545   Thumb Code   172  timers.o(.text.xTimerCreateTimerTask)
    __ARM_fpclassify                         0x080055f9   Thumb Code    48  fpclassify.o(i.__ARM_fpclassify)
    __ARM_fpclassifyf                        0x08005629   Thumb Code    38  fpclassifyf.o(i.__ARM_fpclassifyf)
    __hardfp_atan2f                          0x08005651   Thumb Code   594  atan2f.o(i.__hardfp_atan2f)
    __hardfp_cosf                            0x080058fd   Thumb Code   280  cosf.o(i.__hardfp_cosf)
    __hardfp_pow                             0x08005a51   Thumb Code  3088  pow.o(i.__hardfp_pow)
    __hardfp_sqrt                            0x080066b1   Thumb Code   122  sqrt.o(i.__hardfp_sqrt)
    __kernel_poly                            0x0800672b   Thumb Code   248  poly.o(i.__kernel_poly)
    __mathlib_dbl_divzero                    0x08006829   Thumb Code    28  dunder.o(i.__mathlib_dbl_divzero)
    __mathlib_dbl_infnan2                    0x08006859   Thumb Code    20  dunder.o(i.__mathlib_dbl_infnan2)
    __mathlib_dbl_invalid                    0x08006871   Thumb Code    24  dunder.o(i.__mathlib_dbl_invalid)
    __mathlib_dbl_overflow                   0x08006891   Thumb Code    24  dunder.o(i.__mathlib_dbl_overflow)
    __mathlib_dbl_underflow                  0x080068b1   Thumb Code    24  dunder.o(i.__mathlib_dbl_underflow)
    __mathlib_flt_infnan                     0x080068d1   Thumb Code     6  funder.o(i.__mathlib_flt_infnan)
    __mathlib_flt_infnan2                    0x080068d7   Thumb Code     6  funder.o(i.__mathlib_flt_infnan2)
    __mathlib_flt_invalid                    0x080068dd   Thumb Code    10  funder.o(i.__mathlib_flt_invalid)
    __mathlib_flt_underflow                  0x080068ed   Thumb Code    10  funder.o(i.__mathlib_flt_underflow)
    __mathlib_rredf2                         0x080068fd   Thumb Code   316  rredf.o(i.__mathlib_rredf2)
    fabs                                     0x08006a51   Thumb Code    24  fabs.o(i.fabs)
    sqrt                                     0x08006a69   Thumb Code   110  sqrt.o(i.sqrt)
    __aeabi_dneg                             0x08006ad7   Thumb Code     0  basic.o(x$fpl$basic)
    _dneg                                    0x08006ad7   Thumb Code     6  basic.o(x$fpl$basic)
    __aeabi_fneg                             0x08006add   Thumb Code     0  basic.o(x$fpl$basic)
    _fneg                                    0x08006add   Thumb Code     6  basic.o(x$fpl$basic)
    _dabs                                    0x08006ae3   Thumb Code     6  basic.o(x$fpl$basic)
    _fabs                                    0x08006ae9   Thumb Code     6  basic.o(x$fpl$basic)
    __aeabi_d2f                              0x08006af1   Thumb Code     0  d2f.o(x$fpl$d2f)
    _d2f                                     0x08006af1   Thumb Code    98  d2f.o(x$fpl$d2f)
    __aeabi_dadd                             0x08006b55   Thumb Code     0  daddsub_clz.o(x$fpl$dadd)
    _dadd                                    0x08006b55   Thumb Code   332  daddsub_clz.o(x$fpl$dadd)
    __fpl_dcheck_NaN1                        0x08006ca5   Thumb Code    10  dcheck1.o(x$fpl$dcheck1)
    __fpl_dcmp_Inf                           0x08006cb5   Thumb Code    24  dcmpi.o(x$fpl$dcmpinf)
    __aeabi_ddiv                             0x08006ccd   Thumb Code     0  ddiv.o(x$fpl$ddiv)
    _ddiv                                    0x08006ccd   Thumb Code   560  ddiv.o(x$fpl$ddiv)
    __aeabi_i2d                              0x08006f85   Thumb Code     0  dflt_clz.o(x$fpl$dflt)
    _dflt                                    0x08006f85   Thumb Code    46  dflt_clz.o(x$fpl$dflt)
    __aeabi_cdcmple                          0x08006fb5   Thumb Code     0  dleqf.o(x$fpl$dleqf)
    _dcmple                                  0x08006fb5   Thumb Code   120  dleqf.o(x$fpl$dleqf)
    __fpl_dcmple_InfNaN                      0x08007017   Thumb Code     0  dleqf.o(x$fpl$dleqf)
    __aeabi_dmul                             0x0800702d   Thumb Code     0  dmul.o(x$fpl$dmul)
    _dmul                                    0x0800702d   Thumb Code   332  dmul.o(x$fpl$dmul)
    __fpl_dnaninf                            0x08007181   Thumb Code   156  dnaninf.o(x$fpl$dnaninf)
    __fpl_dretinf                            0x0800721d   Thumb Code    12  dretinf.o(x$fpl$dretinf)
    __aeabi_cdrcmple                         0x08007229   Thumb Code     0  drleqf.o(x$fpl$drleqf)
    _drcmple                                 0x08007229   Thumb Code   108  drleqf.o(x$fpl$drleqf)
    __aeabi_drsub                            0x08007295   Thumb Code     0  daddsub_clz.o(x$fpl$drsb)
    _drsb                                    0x08007295   Thumb Code    22  daddsub_clz.o(x$fpl$drsb)
    _dsqrt                                   0x080072ad   Thumb Code   404  dsqrt_umaal.o(x$fpl$dsqrt)
    __aeabi_dsub                             0x08007445   Thumb Code     0  daddsub_clz.o(x$fpl$dsub)
    _dsub                                    0x08007445   Thumb Code   472  daddsub_clz.o(x$fpl$dsub)
    __aeabi_f2d                              0x08007621   Thumb Code     0  f2d.o(x$fpl$f2d)
    _f2d                                     0x08007621   Thumb Code    86  f2d.o(x$fpl$f2d)
    __fpl_fnaninf                            0x08007677   Thumb Code   140  fnaninf.o(x$fpl$fnaninf)
    _fp_init                                 0x08007703   Thumb Code    26  fpinit.o(x$fpl$fpinit)
    __fplib_config_fpu_vfp                   0x0800771b   Thumb Code     0  fpinit.o(x$fpl$fpinit)
    __fplib_config_pureend_doubles           0x0800771b   Thumb Code     0  fpinit.o(x$fpl$fpinit)
    __fpl_fretinf                            0x0800771d   Thumb Code    10  fretinf.o(x$fpl$fretinf)
    __fpl_return_NaN                         0x08007727   Thumb Code   100  retnan.o(x$fpl$retnan)
    __ARM_scalbn                             0x0800778b   Thumb Code    92  scalbn.o(x$fpl$scalbn)
    __fpl_cmpreturn                          0x080077e7   Thumb Code    48  trapv.o(x$fpl$trapveneer)
    __I$use$fp                               0x08007816   Number         0  usenofp.o(x$fpl$usenofp)
    __mathlib_zero                           0x080078a0   Data           8  qnan.o(.constdata)
    AHBPrescTable                            0x080078c8   Data          16  system_stm32f4xx.o(.rodata.AHBPrescTable)
    APBPrescTable                            0x080078d8   Data           8  system_stm32f4xx.o(.rodata.APBPrescTable)
    CHASSIS_TASK_attributes                  0x080078e0   Data          36  freertos.o(.rodata.CHASSIS_TASK_attributes)
    Region$$Table$$Base                      0x08007920   Number         0  anon$$obj.o(Region$$Table)
    Region$$Table$$Limit                     0x08007940   Number         0  anon$$obj.o(Region$$Table)
    SHT$$INIT_ARRAY$$Base                    0x08007940   Number         0  swerve.o(.init_array)
    SHT$$INIT_ARRAY$$Limit                   0x08007944   Number         0  init_aeabi.o(.init_array)
    uwTickFreq                               0x20000000   Data           1  stm32f4xx_hal.o(.data..L_MergedGlobals)
    uwTickPrio                               0x20000004   Data           4  stm32f4xx_hal.o(.data..L_MergedGlobals)
    motor_speed_3508_pid                     0x20000008   Data          12  pid_user.o(.data..L_MergedGlobals)
    motor_position_3508_pid                  0x20000014   Data          12  pid_user.o(.data..L_MergedGlobals)
    motor_speed_2006_pid                     0x20000020   Data          12  pid_user.o(.data..L_MergedGlobals)
    motor_position_2006_pid                  0x2000002c   Data          12  pid_user.o(.data..L_MergedGlobals)
    motor_yaw_pid                            0x20000038   Data          12  pid_user.o(.data..L_MergedGlobals)
    motor_pos_x_pid                          0x20000044   Data          12  pid_user.o(.data..L_MergedGlobals)
    motor_pos_y_pid                          0x20000050   Data          12  pid_user.o(.data..L_MergedGlobals)
    L                                        0x2000005c   Data           4  swerve.o(.data..L_MergedGlobals)
    W                                        0x20000060   Data           4  swerve.o(.data..L_MergedGlobals)
    SystemCoreClock                          0x20000064   Data           4  system_stm32f4xx.o(.data.SystemCoreClock)
    actChassis                               0x20000068   Data           1  chassis_task.o(.data.actChassis)
    __libspace_start                         0x20000070   Data          96  libspace.o(.bss)
    __temporary_stack_top$libspace           0x200000d0   Data           0  libspace.o(.bss)
    pxCurrentTCB                             0x200000d0   Data           4  tasks.o(.bss..L_MergedGlobals)
    rc_ctrl                                  0x200001ac   Data          22  remote_control.o(.bss..L_MergedGlobals)
    CHASSIS_TASKHandle                       0x20000244   Data           4  freertos.o(.bss.CHASSIS_TASKHandle)
    R                                        0x20000250   Data           4  swerve.o(.bss.R)
    can_bus                                  0x20000254   Data         452  can_receive.o(.bss.can_bus)
    chassisOri                               0x20000418   Data         128  chassis_task.o(.bss.chassisOri)
    hcan1                                    0x20000498   Data          40  can.o(.bss.hcan1)
    hcan2                                    0x200004c0   Data          40  can.o(.bss.hcan2)
    hdma_usart3_rx                           0x200004e8   Data          96  usart.o(.bss.hdma_usart3_rx)
    htim7                                    0x20000548   Data          72  stm32f4xx_hal_timebase_tim.o(.bss.htim7)
    huart3                                   0x20000590   Data          72  usart.o(.bss.huart3)
    pid_controller                           0x200005d8   Data           3  pid_user.o(.bss.pid_controller)
    pid_pos_1                                0x200005dc   Data         576  pid_user.o(.bss.pid_pos_1)
    pid_pos_2                                0x2000081c   Data         576  pid_user.o(.bss.pid_pos_2)
    pid_pos_x                                0x20000a5c   Data          72  pid_user.o(.bss.pid_pos_x)
    pid_pos_y                                0x20000aa4   Data          72  pid_user.o(.bss.pid_pos_y)
    pid_v_1                                  0x20000aec   Data         576  pid_user.o(.bss.pid_v_1)
    pid_v_2                                  0x20000d2c   Data         576  pid_user.o(.bss.pid_v_2)
    pid_yaw                                  0x20000f6c   Data          72  pid_user.o(.bss.pid_yaw)
    uwTick                                   0x20005104   Data           4  stm32f4xx_hal.o(.bss.uwTick)
    xQueueRegistry                           0x200057c0   Data          64  queue.o(.bss.xQueueRegistry)



==============================================================================

Memory Map of the image

  Image Entry point : 0x08000189

  Load Region LR_IROM1 (Base: 0x08000000, Size: 0x000079b8, Max: 0x00080000, ABSOLUTE)

    Execution Region ER_IROM1 (Exec base: 0x08000000, Load base: 0x08000000, Size: 0x00007944, Max: 0x00080000, ABSOLUTE)

    Exec Addr    Load Addr    Size         Type   Attr      Idx    E Section Name        Object

    0x08000000   0x08000000   0x00000188   Data   RO            3    RESET               startup_stm32f407xx.o
    0x08000188   0x08000188   0x00000008   Code   RO         1855  * !!!main             c_w.l(__main.o)
    0x08000190   0x08000190   0x0000005c   Code   RO         2167    !!!scatter          c_w.l(__scatter.o)
    0x080001ec   0x080001ec   0x0000001a   Code   RO         2171    !!handler_copy      c_w.l(__scatter_copy.o)
    0x08000206   0x08000206   0x00000002   PAD
    0x08000208   0x08000208   0x00000002   Code   RO         2168    !!handler_null      c_w.l(__scatter.o)
    0x0800020a   0x0800020a   0x00000002   PAD
    0x0800020c   0x0800020c   0x0000001c   Code   RO         2173    !!handler_zi        c_w.l(__scatter_zi.o)
    0x08000228   0x08000228   0x00000002   Code   RO         2081    .ARM.Collect$$libinit$$00000000  c_w.l(libinit.o)
    0x0800022a   0x0800022a   0x00000004   Code   RO         1909    .ARM.Collect$$libinit$$00000001  c_w.l(libinit2.o)
    0x0800022e   0x0800022e   0x00000000   Code   RO         1912    .ARM.Collect$$libinit$$00000004  c_w.l(libinit2.o)
    0x0800022e   0x0800022e   0x00000000   Code   RO         1914    .ARM.Collect$$libinit$$00000006  c_w.l(libinit2.o)
    0x0800022e   0x0800022e   0x00000000   Code   RO         1917    .ARM.Collect$$libinit$$0000000C  c_w.l(libinit2.o)
    0x0800022e   0x0800022e   0x00000000   Code   RO         1919    .ARM.Collect$$libinit$$0000000E  c_w.l(libinit2.o)
    0x0800022e   0x0800022e   0x00000000   Code   RO         1921    .ARM.Collect$$libinit$$00000010  c_w.l(libinit2.o)
    0x0800022e   0x0800022e   0x00000000   Code   RO         1924    .ARM.Collect$$libinit$$00000013  c_w.l(libinit2.o)
    0x0800022e   0x0800022e   0x00000000   Code   RO         1926    .ARM.Collect$$libinit$$00000015  c_w.l(libinit2.o)
    0x0800022e   0x0800022e   0x00000000   Code   RO         1928    .ARM.Collect$$libinit$$00000017  c_w.l(libinit2.o)
    0x0800022e   0x0800022e   0x00000000   Code   RO         1930    .ARM.Collect$$libinit$$00000019  c_w.l(libinit2.o)
    0x0800022e   0x0800022e   0x00000000   Code   RO         1932    .ARM.Collect$$libinit$$0000001B  c_w.l(libinit2.o)
    0x0800022e   0x0800022e   0x00000000   Code   RO         1934    .ARM.Collect$$libinit$$0000001D  c_w.l(libinit2.o)
    0x0800022e   0x0800022e   0x00000000   Code   RO         1936    .ARM.Collect$$libinit$$0000001F  c_w.l(libinit2.o)
    0x0800022e   0x0800022e   0x00000000   Code   RO         1938    .ARM.Collect$$libinit$$00000021  c_w.l(libinit2.o)
    0x0800022e   0x0800022e   0x00000000   Code   RO         1940    .ARM.Collect$$libinit$$00000023  c_w.l(libinit2.o)
    0x0800022e   0x0800022e   0x00000000   Code   RO         1942    .ARM.Collect$$libinit$$00000025  c_w.l(libinit2.o)
    0x0800022e   0x0800022e   0x00000000   Code   RO         1944    .ARM.Collect$$libinit$$00000027  c_w.l(libinit2.o)
    0x0800022e   0x0800022e   0x00000000   Code   RO         1948    .ARM.Collect$$libinit$$0000002E  c_w.l(libinit2.o)
    0x0800022e   0x0800022e   0x00000000   Code   RO         1950    .ARM.Collect$$libinit$$00000030  c_w.l(libinit2.o)
    0x0800022e   0x0800022e   0x00000000   Code   RO         1952    .ARM.Collect$$libinit$$00000032  c_w.l(libinit2.o)
    0x0800022e   0x0800022e   0x00000004   Code   RO         1953    .ARM.Collect$$libinit$$00000033  c_w.l(libinit2.o)
    0x08000232   0x08000232   0x00000000   Code   RO         1954    .ARM.Collect$$libinit$$00000034  c_w.l(libinit2.o)
    0x08000232   0x08000232   0x00000002   Code   RO         1955    .ARM.Collect$$libinit$$00000035  c_w.l(libinit2.o)
    0x08000234   0x08000234   0x00000002   Code   RO         2134    .ARM.Collect$$libshutdown$$00000000  c_w.l(libshutdown.o)
    0x08000236   0x08000236   0x00000000   Code   RO         2150    .ARM.Collect$$libshutdown$$00000002  c_w.l(libshutdown2.o)
    0x08000236   0x08000236   0x00000000   Code   RO         2152    .ARM.Collect$$libshutdown$$00000004  c_w.l(libshutdown2.o)
    0x08000236   0x08000236   0x00000000   Code   RO         2155    .ARM.Collect$$libshutdown$$00000007  c_w.l(libshutdown2.o)
    0x08000236   0x08000236   0x00000000   Code   RO         2158    .ARM.Collect$$libshutdown$$0000000A  c_w.l(libshutdown2.o)
    0x08000236   0x08000236   0x00000000   Code   RO         2160    .ARM.Collect$$libshutdown$$0000000C  c_w.l(libshutdown2.o)
    0x08000236   0x08000236   0x00000000   Code   RO         2163    .ARM.Collect$$libshutdown$$0000000F  c_w.l(libshutdown2.o)
    0x08000236   0x08000236   0x00000002   Code   RO         2164    .ARM.Collect$$libshutdown$$00000010  c_w.l(libshutdown2.o)
    0x08000238   0x08000238   0x00000000   Code   RO         1900    .ARM.Collect$$rtentry$$00000000  c_w.l(__rtentry.o)
    0x08000238   0x08000238   0x00000000   Code   RO         2032    .ARM.Collect$$rtentry$$00000002  c_w.l(__rtentry2.o)
    0x08000238   0x08000238   0x00000006   Code   RO         2044    .ARM.Collect$$rtentry$$00000004  c_w.l(__rtentry4.o)
    0x0800023e   0x0800023e   0x00000000   Code   RO         2034    .ARM.Collect$$rtentry$$00000009  c_w.l(__rtentry2.o)
    0x0800023e   0x0800023e   0x00000004   Code   RO         2035    .ARM.Collect$$rtentry$$0000000A  c_w.l(__rtentry2.o)
    0x08000242   0x08000242   0x00000000   Code   RO         2037    .ARM.Collect$$rtentry$$0000000C  c_w.l(__rtentry2.o)
    0x08000242   0x08000242   0x00000008   Code   RO         2038    .ARM.Collect$$rtentry$$0000000D  c_w.l(__rtentry2.o)
    0x0800024a   0x0800024a   0x00000002   Code   RO         2090    .ARM.Collect$$rtexit$$00000000  c_w.l(rtexit.o)
    0x0800024c   0x0800024c   0x00000000   Code   RO         2114    .ARM.Collect$$rtexit$$00000002  c_w.l(rtexit2.o)
    0x0800024c   0x0800024c   0x00000004   Code   RO         2115    .ARM.Collect$$rtexit$$00000003  c_w.l(rtexit2.o)
    0x08000250   0x08000250   0x00000006   Code   RO         2116    .ARM.Collect$$rtexit$$00000004  c_w.l(rtexit2.o)
    0x08000256   0x08000256   0x00000002   PAD
    0x08000258   0x08000258   0x00000040   Code   RO            4    .text               startup_stm32f407xx.o
    0x08000298   0x08000298   0x000000f0   Code   RO         1841    .text               c_w.l(lludivv7m.o)
    0x08000388   0x08000388   0x0000008a   Code   RO         1843    .text               c_w.l(rt_memcpy_v6.o)
    0x08000412   0x08000412   0x00000010   Code   RO         1847    .text               c_w.l(aeabi_memset4.o)
    0x08000422   0x08000422   0x0000004e   Code   RO         1851    .text               c_w.l(rt_memclr_w.o)
    0x08000470   0x08000470   0x00000006   Code   RO         1853    .text               c_w.l(heapauxi.o)
    0x08000476   0x08000476   0x00000002   PAD
    0x08000478   0x08000478   0x0000002c   Code   RO         1860    .text               c_w.l(init_aeabi.o)
    0x080004a4   0x080004a4   0x00000016   Code   RO         1905    .text               c_w.l(_rserrno.o)
    0x080004ba   0x080004ba   0x00000064   Code   RO         1907    .text               c_w.l(rt_memcpy_w.o)
    0x0800051e   0x0800051e   0x00000002   PAD
    0x08000520   0x08000520   0x00000008   Code   RO         2051    .text               c_w.l(rt_errno_addr_intlibspace.o)
    0x08000528   0x08000528   0x00000008   Code   RO         2061    .text               c_w.l(libspace.o)
    0x08000530   0x08000530   0x0000004a   Code   RO         2064    .text               c_w.l(sys_stackheap_outer.o)
    0x0800057a   0x0800057a   0x00000012   Code   RO         2066    .text               c_w.l(exit.o)
    0x0800058c   0x0800058c   0x0000000c   Code   RO         2106    .text               c_w.l(sys_exit.o)
    0x08000598   0x08000598   0x00000002   Code   RO         2110    .text               c_w.l(use_no_semi.o)
    0x0800059a   0x0800059a   0x00000000   Code   RO         2112    .text               c_w.l(indicate_semi.o)
    0x0800059a   0x0800059a   0x00000002   PAD
    0x0800059c   0x0800059c   0x00000002   Code   RO          109    .text.BusFault_Handler  stm32f4xx_it.o
    0x0800059e   0x0800059e   0x00000002   PAD
    0x080005a0   0x080005a0   0x0000000c   Code   RO          117    .text.CAN1_RX0_IRQHandler  stm32f4xx_it.o
    0x080005ac   0x080005ac   0x0000000c   Code   RO          121    .text.CAN2_RX0_IRQHandler  stm32f4xx_it.o
    0x080005b8   0x080005b8   0x0000015c   Code   RO         1676    .text.Chassis_Loop_Out  chassis_api.o
    0x08000714   0x08000714   0x00000024   Code   RO         1674    .text.Chassis_Sports_Calc  chassis_api.o
    0x08000738   0x08000738   0x0000000c   Code   RO          115    .text.DMA1_Stream1_IRQHandler  stm32f4xx_it.o
    0x08000744   0x08000744   0x00000002   Code   RO          113    .text.DebugMon_Handler  stm32f4xx_it.o
    0x08000746   0x08000746   0x00000002   PAD
    0x08000748   0x08000748   0x00000246   Code   RO         1765    .text.Drive_Motor_Calc  swerve.o
    0x0800098e   0x0800098e   0x00000002   PAD
    0x08000990   0x08000990   0x00000006   Code   RO           23    .text.Error_Handler  main.o
    0x08000996   0x08000996   0x00000002   PAD
    0x08000998   0x08000998   0x000000a4   Code   RO          493    .text.HAL_CAN_AddTxMessage  stm32f4xx_hal_can.o
    0x08000a3c   0x08000a3c   0x00000002   Code   RO          537    .text.HAL_CAN_ErrorCallback  stm32f4xx_hal_can.o
    0x08000a3e   0x08000a3e   0x00000002   PAD
    0x08000a40   0x08000a40   0x0000012e   Code   RO          503    .text.HAL_CAN_GetRxMessage  stm32f4xx_hal_can.o
    0x08000b6e   0x08000b6e   0x00000002   PAD
    0x08000b70   0x08000b70   0x0000025e   Code   RO          511    .text.HAL_CAN_IRQHandler  stm32f4xx_hal_can.o
    0x08000dce   0x08000dce   0x00000002   PAD
    0x08000dd0   0x08000dd0   0x000000f4   Code   RO          473    .text.HAL_CAN_Init  stm32f4xx_hal_can.o
    0x08000ec4   0x08000ec4   0x0000011e   Code   RO           63    .text.HAL_CAN_MspInit  can.o
    0x08000fe2   0x08000fe2   0x00000002   PAD
    0x08000fe4   0x08000fe4   0x00000002   Code   RO          525    .text.HAL_CAN_RxFifo0FullCallback  stm32f4xx_hal_can.o
    0x08000fe6   0x08000fe6   0x00000002   PAD
    0x08000fe8   0x08000fe8   0x000001ee   Code   RO         1651    .text.HAL_CAN_RxFifo0MsgPendingCallback  can_receive.o
    0x080011d6   0x080011d6   0x00000002   PAD
    0x080011d8   0x080011d8   0x00000002   Code   RO          529    .text.HAL_CAN_RxFifo1FullCallback  stm32f4xx_hal_can.o
    0x080011da   0x080011da   0x00000002   PAD
    0x080011dc   0x080011dc   0x00000002   Code   RO          531    .text.HAL_CAN_RxFifo1MsgPendingCallback  stm32f4xx_hal_can.o
    0x080011de   0x080011de   0x00000002   PAD
    0x080011e0   0x080011e0   0x00000002   Code   RO          533    .text.HAL_CAN_SleepCallback  stm32f4xx_hal_can.o
    0x080011e2   0x080011e2   0x00000002   PAD
    0x080011e4   0x080011e4   0x00000002   Code   RO          515    .text.HAL_CAN_TxMailbox0AbortCallback  stm32f4xx_hal_can.o
    0x080011e6   0x080011e6   0x00000002   PAD
    0x080011e8   0x080011e8   0x00000002   Code   RO          513    .text.HAL_CAN_TxMailbox0CompleteCallback  stm32f4xx_hal_can.o
    0x080011ea   0x080011ea   0x00000002   PAD
    0x080011ec   0x080011ec   0x00000002   Code   RO          519    .text.HAL_CAN_TxMailbox1AbortCallback  stm32f4xx_hal_can.o
    0x080011ee   0x080011ee   0x00000002   PAD
    0x080011f0   0x080011f0   0x00000002   Code   RO          517    .text.HAL_CAN_TxMailbox1CompleteCallback  stm32f4xx_hal_can.o
    0x080011f2   0x080011f2   0x00000002   PAD
    0x080011f4   0x080011f4   0x00000002   Code   RO          523    .text.HAL_CAN_TxMailbox2AbortCallback  stm32f4xx_hal_can.o
    0x080011f6   0x080011f6   0x00000002   PAD
    0x080011f8   0x080011f8   0x00000002   Code   RO          521    .text.HAL_CAN_TxMailbox2CompleteCallback  stm32f4xx_hal_can.o
    0x080011fa   0x080011fa   0x00000002   PAD
    0x080011fc   0x080011fc   0x00000002   Code   RO          535    .text.HAL_CAN_WakeUpFromRxMsgCallback  stm32f4xx_hal_can.o
    0x080011fe   0x080011fe   0x00000002   PAD
    0x08001200   0x08001200   0x000001c4   Code   RO          715    .text.HAL_DMA_IRQHandler  stm32f4xx_hal_dma.o
    0x080013c4   0x080013c4   0x00000162   Code   RO          701    .text.HAL_DMA_Init  stm32f4xx_hal_dma.o
    0x08001526   0x08001526   0x00000002   PAD
    0x08001528   0x08001528   0x0000019e   Code   RO          663    .text.HAL_GPIO_Init  stm32f4xx_hal_gpio.o
    0x080016c6   0x080016c6   0x00000002   PAD
    0x080016c8   0x080016c8   0x0000000c   Code   RO          860    .text.HAL_GetTick   stm32f4xx_hal.o
    0x080016d4   0x080016d4   0x0000001a   Code   RO          858    .text.HAL_IncTick   stm32f4xx_hal.o
    0x080016ee   0x080016ee   0x00000002   PAD
    0x080016f0   0x080016f0   0x00000036   Code   RO          848    .text.HAL_Init      stm32f4xx_hal.o
    0x08001726   0x08001726   0x00000002   PAD
    0x08001728   0x08001728   0x000000b2   Code   RO          139    .text.HAL_InitTick  stm32f4xx_hal_timebase_tim.o
    0x080017da   0x080017da   0x00000002   PAD
    0x080017dc   0x080017dc   0x00000042   Code   RO          130    .text.HAL_MspInit   stm32f4xx_hal_msp.o
    0x0800181e   0x0800181e   0x00000002   PAD
    0x08001820   0x08001820   0x00000022   Code   RO          800    .text.HAL_NVIC_EnableIRQ  stm32f4xx_hal_cortex.o
    0x08001842   0x08001842   0x00000002   PAD
    0x08001844   0x08001844   0x00000056   Code   RO          798    .text.HAL_NVIC_SetPriority  stm32f4xx_hal_cortex.o
    0x0800189a   0x0800189a   0x00000002   PAD
    0x0800189c   0x0800189c   0x00000020   Code   RO          796    .text.HAL_NVIC_SetPriorityGrouping  stm32f4xx_hal_cortex.o
    0x080018bc   0x080018bc   0x00000164   Code   RO          557    .text.HAL_RCC_ClockConfig  stm32f4xx_hal_rcc.o
    0x08001a20   0x08001a20   0x0000003e   Code   RO          575    .text.HAL_RCC_GetClockConfig  stm32f4xx_hal_rcc.o
    0x08001a5e   0x08001a5e   0x00000002   PAD
    0x08001a60   0x08001a60   0x00000026   Code   RO          569    .text.HAL_RCC_GetPCLK1Freq  stm32f4xx_hal_rcc.o
    0x08001a86   0x08001a86   0x00000002   PAD
    0x08001a88   0x08001a88   0x00000026   Code   RO          571    .text.HAL_RCC_GetPCLK2Freq  stm32f4xx_hal_rcc.o
    0x08001aae   0x08001aae   0x00000002   PAD
    0x08001ab0   0x08001ab0   0x0000006c   Code   RO          559    .text.HAL_RCC_GetSysClockFreq  stm32f4xx_hal_rcc.o
    0x08001b1c   0x08001b1c   0x000003ac   Code   RO          555    .text.HAL_RCC_OscConfig  stm32f4xx_hal_rcc.o
    0x08001ec8   0x08001ec8   0x00000002   Code   RO          459    .text.HAL_TIMEx_BreakCallback  stm32f4xx_hal_tim_ex.o
    0x08001eca   0x08001eca   0x00000002   PAD
    0x08001ecc   0x08001ecc   0x00000002   Code   RO          455    .text.HAL_TIMEx_CommutCallback  stm32f4xx_hal_tim_ex.o
    0x08001ece   0x08001ece   0x00000002   PAD
    0x08001ed0   0x08001ed0   0x0000005a   Code   RO          154    .text.HAL_TIM_Base_Init  stm32f4xx_hal_tim.o
    0x08001f2a   0x08001f2a   0x00000002   PAD
    0x08001f2c   0x08001f2c   0x00000002   Code   RO          156    .text.HAL_TIM_Base_MspInit  stm32f4xx_hal_tim.o
    0x08001f2e   0x08001f2e   0x00000002   PAD
    0x08001f30   0x08001f30   0x000000aa   Code   RO          168    .text.HAL_TIM_Base_Start_IT  stm32f4xx_hal_tim.o
    0x08001fda   0x08001fda   0x00000002   PAD
    0x08001fdc   0x08001fdc   0x00000002   Code   RO          290    .text.HAL_TIM_IC_CaptureCallback  stm32f4xx_hal_tim.o
    0x08001fde   0x08001fde   0x00000002   PAD
    0x08001fe0   0x08001fe0   0x0000014e   Code   RO          288    .text.HAL_TIM_IRQHandler  stm32f4xx_hal_tim.o
    0x0800212e   0x0800212e   0x00000002   PAD
    0x08002130   0x08002130   0x00000002   Code   RO          292    .text.HAL_TIM_OC_DelayElapsedCallback  stm32f4xx_hal_tim.o
    0x08002132   0x08002132   0x00000002   PAD
    0x08002134   0x08002134   0x00000002   Code   RO          294    .text.HAL_TIM_PWM_PulseFinishedCallback  stm32f4xx_hal_tim.o
    0x08002136   0x08002136   0x00000002   PAD
    0x08002138   0x08002138   0x00000014   Code   RO           25    .text.HAL_TIM_PeriodElapsedCallback  main.o
    0x0800214c   0x0800214c   0x00000002   Code   RO          298    .text.HAL_TIM_TriggerCallback  stm32f4xx_hal_tim.o
    0x0800214e   0x0800214e   0x00000002   PAD
    0x08002150   0x08002150   0x00000060   Code   RO          938    .text.HAL_UART_Init  stm32f4xx_hal_uart.o
    0x080021b0   0x080021b0   0x000000c6   Code   RO           89    .text.HAL_UART_MspInit  usart.o
    0x08002276   0x08002276   0x00000002   PAD
    0x08002278   0x08002278   0x00000002   Code   RO          105    .text.HardFault_Handler  stm32f4xx_it.o
    0x0800227a   0x0800227a   0x00000002   PAD
    0x0800227c   0x0800227c   0x00000040   Code   RO           59    .text.MX_CAN1_Init  can.o
    0x080022bc   0x080022bc   0x00000040   Code   RO           61    .text.MX_CAN2_Init  can.o
    0x080022fc   0x080022fc   0x00000038   Code   RO           78    .text.MX_DMA_Init   dma.o
    0x08002334   0x08002334   0x00000024   Code   RO           44    .text.MX_FREERTOS_Init  freertos.o
    0x08002358   0x08002358   0x0000004c   Code   RO           36    .text.MX_GPIO_Init  gpio.o
    0x080023a4   0x080023a4   0x00000040   Code   RO           87    .text.MX_USART3_UART_Init  usart.o
    0x080023e4   0x080023e4   0x00000002   Code   RO          107    .text.MemManage_Handler  stm32f4xx_it.o
    0x080023e6   0x080023e6   0x00000002   PAD
    0x080023e8   0x080023e8   0x000000f4   Code   RO         1773    .text.Min_Angle_Calc  swerve.o
    0x080024dc   0x080024dc   0x00000184   Code   RO         1771    .text.Multi_Round_Support  swerve.o
    0x08002660   0x08002660   0x00000002   Code   RO          103    .text.NMI_Handler   stm32f4xx_it.o
    0x08002662   0x08002662   0x00000006   PAD
    0x08002668   0x08002668   0x00000118   Code   RO         1775    .text.Non_Syn_Wheel_Support  swerve.o
    0x08002780   0x08002780   0x00000064   Code   RO         1627    .text.PendSV_Handler  port.o
    0x080027e4   0x080027e4   0x000000ac   Code   RO         1670    .text.Remote_Control_Chassis_Mode  chassis_api.o
    0x08002890   0x08002890   0x0000002c   Code   RO         1668    .text.Remote_Control_Chassis_Set_Mode  chassis_api.o
    0x080028bc   0x080028bc   0x00000002   Code   RO         1672    .text.Robot_Orientation_Analysis  chassis_api.o
    0x080028be   0x080028be   0x00000002   PAD
    0x080028c0   0x080028c0   0x00000024   Code   RO         1611    .text.SVC_Handler   port.o
    0x080028e4   0x080028e4   0x00000004   PAD
    0x080028e8   0x080028e8   0x00000188   Code   RO         1767    .text.Swerve_Motor_Calc  swerve.o
    0x08002a70   0x08002a70   0x0000001e   Code   RO         1422    .text.SysTick_Handler  cmsis_os2.o
    0x08002a8e   0x08002a8e   0x00000002   PAD
    0x08002a90   0x08002a90   0x000000a8   Code   RO           21    .text.SystemClock_Config  main.o
    0x08002b38   0x08002b38   0x00000012   Code   RO         1060    .text.SystemInit    system_stm32f4xx.o
    0x08002b4a   0x08002b4a   0x00000002   PAD
    0x08002b4c   0x08002b4c   0x0000000c   Code   RO          119    .text.TIM7_IRQHandler  stm32f4xx_it.o
    0x08002b58   0x08002b58   0x00000144   Code   RO          158    .text.TIM_Base_SetConfig  stm32f4xx_hal_tim.o
    0x08002c9c   0x08002c9c   0x000000e6   Code   RO          942    .text.UART_SetConfig  stm32f4xx_hal_uart.o
    0x08002d82   0x08002d82   0x00000002   PAD
    0x08002d84   0x08002d84   0x000001f6   Code   RO         1752    .text.USART3_IRQHandler  remote_control.o
    0x08002f7a   0x08002f7a   0x00000002   PAD
    0x08002f7c   0x08002f7c   0x00000002   Code   RO          111    .text.UsageFault_Handler  stm32f4xx_it.o
    0x08002f7e   0x08002f7e   0x00000002   PAD
    0x08002f80   0x08002f80   0x00000036   Code   RO         1779    .text._GLOBAL__sub_I_swerve.cpp  swerve.o
    0x08002fb6   0x08002fb6   0x00000002   PAD
    0x08002fb8   0x08002fb8   0x000003d4   Code   RO         1711    .text._ZN14PID_Controller15All_Device_InitEv  pid_user.o
    0x0800338c   0x0800338c   0x0000014c   Code   RO         1699    .text._ZN14PID_Controller4CORE8PID_CalcEP12pid_type_defff  pid.o
    0x080034d8   0x080034d8   0x00000030   Code   RO         1697    .text._ZN14PID_Controller4CORE8PID_InitEP12pid_type_defhPKfff  pid.o
    0x08003508   0x08003508   0x00000046   Code   RO         1713    .text._ZN14PID_Controller9CAN_MOTOR21CAN1_Velocity_RealizeEfi  pid_user.o
    0x0800354e   0x0800354e   0x00000002   PAD
    0x08003550   0x08003550   0x0000006c   Code   RO         1717    .text._ZN14PID_Controller9CAN_MOTOR25CAN1_VP_Dual_Loop_RealizeEfi  pid_user.o
    0x080035bc   0x080035bc   0x00000058   Code   RO         1643    .text._ZN7CAN_BUS3CMD10CAN1_FrontEssss  can_receive.o
    0x08003614   0x08003614   0x00000058   Code   RO         1645    .text._ZN7CAN_BUS3CMD11CAN1_BehindEssss  can_receive.o
    0x0800366c   0x0800366c   0x00000048   Code   RO         1686    .text.chassis_task  chassis_task.o
    0x080036b4   0x080036b4   0x0000002a   Code   RO           19    .text.main          main.o
    0x080036de   0x080036de   0x00000002   PAD
    0x080036e0   0x080036e0   0x00000020   Code   RO         1482    .text.osDelay       cmsis_os2.o
    0x08003700   0x08003700   0x00000028   Code   RO         1424    .text.osKernelInitialize  cmsis_os2.o
    0x08003728   0x08003728   0x0000003c   Code   RO         1430    .text.osKernelStart  cmsis_os2.o
    0x08003764   0x08003764   0x00000094   Code   RO         1446    .text.osThreadNew   cmsis_os2.o
    0x080037f8   0x080037f8   0x0000028a   Code   RO         1257    .text.prvAddNewTaskToReadyList  tasks.o
    0x08003a82   0x08003a82   0x00000002   PAD
    0x08003a84   0x08003a84   0x00000086   Code   RO         1289    .text.prvIdleTask   tasks.o
    0x08003b0a   0x08003b0a   0x00000002   PAD
    0x08003b0c   0x08003b0c   0x00000104   Code   RO         1255    .text.prvInitialiseNewTask  tasks.o
    0x08003c10   0x08003c10   0x00000028   Code   RO         1619    .text.prvPortStartFirstTask  port.o
    0x08003c38   0x08003c38   0x0000003e   Code   RO         1609    .text.prvTaskExitError  port.o
    0x08003c76   0x08003c76   0x00000002   PAD
    0x08003c78   0x08003c78   0x0000037a   Code   RO         1374    .text.prvTimerTask  timers.o
    0x08003ff2   0x08003ff2   0x00000002   PAD
    0x08003ff4   0x08003ff4   0x00000074   Code   RO         1156    .text.prvUnlockQueue  queue.o
    0x08004068   0x08004068   0x000001f0   Code   RO         1585    .text.pvPortMalloc  heap_4.o
    0x08004258   0x08004258   0x00000024   Code   RO         1607    .text.pxPortInitialiseStack  port.o
    0x0800427c   0x0800427c   0x00000022   Code   RO         1120    .text.uxListRemove  list.o
    0x0800429e   0x0800429e   0x00000002   PAD
    0x080042a0   0x080042a0   0x0000001a   Code   RO         1568    .text.vApplicationGetIdleTaskMemory  cmsis_os2.o
    0x080042ba   0x080042ba   0x00000002   PAD
    0x080042bc   0x080042bc   0x0000001c   Code   RO         1570    .text.vApplicationGetTimerTaskMemory  cmsis_os2.o
    0x080042d8   0x080042d8   0x00000016   Code   RO         1112    .text.vListInitialise  list.o
    0x080042ee   0x080042ee   0x00000002   PAD
    0x080042f0   0x080042f0   0x00000006   Code   RO         1114    .text.vListInitialiseItem  list.o
    0x080042f6   0x080042f6   0x00000002   PAD
    0x080042f8   0x080042f8   0x00000062   Code   RO         1118    .text.vListInsert   list.o
    0x0800435a   0x0800435a   0x00000002   PAD
    0x0800435c   0x0800435c   0x0000001a   Code   RO         1116    .text.vListInsertEnd  list.o
    0x08004376   0x08004376   0x00000002   PAD
    0x08004378   0x08004378   0x00000014   Code   RO         1617    .text.vPortEnableVFP  port.o
    0x0800438c   0x0800438c   0x00000046   Code   RO         1623    .text.vPortEnterCritical  port.o
    0x080043d2   0x080043d2   0x00000002   PAD
    0x080043d4   0x080043d4   0x0000002e   Code   RO         1625    .text.vPortExitCritical  port.o
    0x08004402   0x08004402   0x00000002   PAD
    0x08004404   0x08004404   0x000000d4   Code   RO         1587    .text.vPortFree     heap_4.o
    0x080044d8   0x080044d8   0x00000034   Code   RO         1615    .text.vPortSetupTimerInterrupt  port.o
    0x0800450c   0x0800450c   0x00000058   Code   RO         1190    .text.vQueueAddToRegistry  queue.o
    0x08004564   0x08004564   0x00000052   Code   RO         1194    .text.vQueueWaitForMessageRestricted  queue.o
    0x080045b6   0x080045b6   0x00000002   PAD
    0x080045b8   0x080045b8   0x00000080   Code   RO         1269    .text.vTaskDelay    tasks.o
    0x08004638   0x08004638   0x00000012   Code   RO         1319    .text.vTaskInternalSetTimeOutState  tasks.o
    0x0800464a   0x0800464a   0x00000002   PAD
    0x0800464c   0x0800464c   0x0000000e   Code   RO         1323    .text.vTaskMissedYield  tasks.o
    0x0800465a   0x0800465a   0x00000002   PAD
    0x0800465c   0x0800465c   0x00000074   Code   RO         1307    .text.vTaskPlaceOnEventList  tasks.o
    0x080046d0   0x080046d0   0x0000007a   Code   RO         1311    .text.vTaskPlaceOnEventListRestricted  tasks.o
    0x0800474a   0x0800474a   0x00000002   PAD
    0x0800474c   0x0800474c   0x000000f0   Code   RO         1287    .text.vTaskStartScheduler  tasks.o
    0x0800483c   0x0800483c   0x00000010   Code   RO         1265    .text.vTaskSuspendAll  tasks.o
    0x0800484c   0x0800484c   0x000000cc   Code   RO         1281    .text.vTaskSwitchContext  tasks.o
    0x08004918   0x08004918   0x00000188   Code   RO         1613    .text.xPortStartScheduler  port.o
    0x08004aa0   0x08004aa0   0x0000002e   Code   RO         1629    .text.xPortSysTickHandler  port.o
    0x08004ace   0x08004ace   0x00000002   PAD
    0x08004ad0   0x08004ad0   0x000000da   Code   RO         1132    .text.xQueueGenericCreateStatic  queue.o
    0x08004baa   0x08004baa   0x00000002   PAD
    0x08004bac   0x08004bac   0x000002c0   Code   RO         1146    .text.xQueueGenericSend  queue.o
    0x08004e6c   0x08004e6c   0x0000023e   Code   RO         1162    .text.xQueueReceive  queue.o
    0x080050aa   0x080050aa   0x00000002   PAD
    0x080050ac   0x080050ac   0x0000009a   Code   RO         1321    .text.xTaskCheckForTimeOut  tasks.o
    0x08005146   0x08005146   0x00000002   PAD
    0x08005148   0x08005148   0x00000060   Code   RO         1259    .text.xTaskCreate   tasks.o
    0x080051a8   0x080051a8   0x00000076   Code   RO         1253    .text.xTaskCreateStatic  tasks.o
    0x0800521e   0x0800521e   0x00000002   PAD
    0x08005220   0x08005220   0x0000001e   Code   RO         1335    .text.xTaskGetSchedulerState  tasks.o
    0x0800523e   0x0800523e   0x00000002   PAD
    0x08005240   0x08005240   0x0000000c   Code   RO         1295    .text.xTaskGetTickCount  tasks.o
    0x0800524c   0x0800524c   0x00000104   Code   RO         1293    .text.xTaskIncrementTick  tasks.o
    0x08005350   0x08005350   0x0000008e   Code   RO         1339    .text.xTaskPriorityDisinherit  tasks.o
    0x080053de   0x080053de   0x00000002   PAD
    0x080053e0   0x080053e0   0x00000072   Code   RO         1313    .text.xTaskRemoveFromEventList  tasks.o
    0x08005452   0x08005452   0x00000002   PAD
    0x08005454   0x08005454   0x000000ee   Code   RO         1267    .text.xTaskResumeAll  tasks.o
    0x08005542   0x08005542   0x00000002   PAD
    0x08005544   0x08005544   0x000000b4   Code   RO         1372    .text.xTimerCreateTimerTask  timers.o
    0x080055f8   0x080055f8   0x00000030   Code   RO         2007    i.__ARM_fpclassify  m_wm.l(fpclassify.o)
    0x08005628   0x08005628   0x00000026   Code   RO         2009    i.__ARM_fpclassifyf  m_wm.l(fpclassifyf.o)
    0x0800564e   0x0800564e   0x00000002   PAD
    0x08005650   0x08005650   0x000002ac   Code   RO         1875    i.__hardfp_atan2f   m_wm.l(atan2f.o)
    0x080058fc   0x080058fc   0x00000150   Code   RO         1881    i.__hardfp_cosf     m_wm.l(cosf.o)
    0x08005a4c   0x08005a4c   0x00000004   PAD
    0x08005a50   0x08005a50   0x00000c60   Code   RO         1887    i.__hardfp_pow      m_wm.l(pow.o)
    0x080066b0   0x080066b0   0x0000007a   Code   RO         1894    i.__hardfp_sqrt     m_wm.l(sqrt.o)
    0x0800672a   0x0800672a   0x000000f8   Code   RO         2025    i.__kernel_poly     m_wm.l(poly.o)
    0x08006822   0x08006822   0x00000006   PAD
    0x08006828   0x08006828   0x00000030   Code   RO         1987    i.__mathlib_dbl_divzero  m_wm.l(dunder.o)
    0x08006858   0x08006858   0x00000014   Code   RO         1989    i.__mathlib_dbl_infnan2  m_wm.l(dunder.o)
    0x0800686c   0x0800686c   0x00000004   PAD
    0x08006870   0x08006870   0x00000020   Code   RO         1990    i.__mathlib_dbl_invalid  m_wm.l(dunder.o)
    0x08006890   0x08006890   0x00000020   Code   RO         1991    i.__mathlib_dbl_overflow  m_wm.l(dunder.o)
    0x080068b0   0x080068b0   0x00000020   Code   RO         1993    i.__mathlib_dbl_underflow  m_wm.l(dunder.o)
    0x080068d0   0x080068d0   0x00000006   Code   RO         2012    i.__mathlib_flt_infnan  m_wm.l(funder.o)
    0x080068d6   0x080068d6   0x00000006   Code   RO         2013    i.__mathlib_flt_infnan2  m_wm.l(funder.o)
    0x080068dc   0x080068dc   0x00000010   Code   RO         2014    i.__mathlib_flt_invalid  m_wm.l(funder.o)
    0x080068ec   0x080068ec   0x00000010   Code   RO         2017    i.__mathlib_flt_underflow  m_wm.l(funder.o)
    0x080068fc   0x080068fc   0x00000154   Code   RO         2028    i.__mathlib_rredf2  m_wm.l(rredf.o)
    0x08006a50   0x08006a50   0x00000018   Code   RO         2003    i.fabs              m_wm.l(fabs.o)
    0x08006a68   0x08006a68   0x0000006e   Code   RO         1896    i.sqrt              m_wm.l(sqrt.o)
    0x08006ad6   0x08006ad6   0x00000018   Code   RO         1960    x$fpl$basic         fz_wm.l(basic.o)
    0x08006aee   0x08006aee   0x00000002   PAD
    0x08006af0   0x08006af0   0x00000062   Code   RO         1863    x$fpl$d2f           fz_wm.l(d2f.o)
    0x08006b52   0x08006b52   0x00000002   PAD
    0x08006b54   0x08006b54   0x00000150   Code   RO         1865    x$fpl$dadd          fz_wm.l(daddsub_clz.o)
    0x08006ca4   0x08006ca4   0x00000010   Code   RO         2055    x$fpl$dcheck1       fz_wm.l(dcheck1.o)
    0x08006cb4   0x08006cb4   0x00000018   Code   RO         2082    x$fpl$dcmpinf       fz_wm.l(dcmpi.o)
    0x08006ccc   0x08006ccc   0x000002b8   Code   RO         1963    x$fpl$ddiv          fz_wm.l(ddiv.o)
    0x08006f84   0x08006f84   0x0000002e   Code   RO         1967    x$fpl$dflt          fz_wm.l(dflt_clz.o)
    0x08006fb2   0x08006fb2   0x00000002   PAD
    0x08006fb4   0x08006fb4   0x00000078   Code   RO         2057    x$fpl$dleqf         fz_wm.l(dleqf.o)
    0x0800702c   0x0800702c   0x00000154   Code   RO         1871    x$fpl$dmul          fz_wm.l(dmul.o)
    0x08007180   0x08007180   0x0000009c   Code   RO         1972    x$fpl$dnaninf       fz_wm.l(dnaninf.o)
    0x0800721c   0x0800721c   0x0000000c   Code   RO         1974    x$fpl$dretinf       fz_wm.l(dretinf.o)
    0x08007228   0x08007228   0x0000006c   Code   RO         1976    x$fpl$drleqf        fz_wm.l(drleqf.o)
    0x08007294   0x08007294   0x00000016   Code   RO         1866    x$fpl$drsb          fz_wm.l(daddsub_clz.o)
    0x080072aa   0x080072aa   0x00000002   PAD
    0x080072ac   0x080072ac   0x00000198   Code   RO         1978    x$fpl$dsqrt         fz_wm.l(dsqrt_umaal.o)
    0x08007444   0x08007444   0x000001dc   Code   RO         1867    x$fpl$dsub          fz_wm.l(daddsub_clz.o)
    0x08007620   0x08007620   0x00000056   Code   RO         1873    x$fpl$f2d           fz_wm.l(f2d.o)
    0x08007676   0x08007676   0x0000008c   Code   RO         1980    x$fpl$fnaninf       fz_wm.l(fnaninf.o)
    0x08007702   0x08007702   0x0000001a   Code   RO         2059    x$fpl$fpinit        fz_wm.l(fpinit.o)
    0x0800771c   0x0800771c   0x0000000a   Code   RO         1982    x$fpl$fretinf       fz_wm.l(fretinf.o)
    0x08007726   0x08007726   0x00000064   Code   RO         2084    x$fpl$retnan        fz_wm.l(retnan.o)
    0x0800778a   0x0800778a   0x0000005c   Code   RO         1984    x$fpl$scalbn        fz_wm.l(scalbn.o)
    0x080077e6   0x080077e6   0x00000030   Code   RO         2104    x$fpl$trapveneer    fz_wm.l(trapv.o)
    0x08007816   0x08007816   0x00000000   Code   RO         1986    x$fpl$usenofp       fz_wm.l(usenofp.o)
    0x08007816   0x08007816   0x00000002   PAD
    0x08007818   0x08007818   0x00000088   Data   RO         1890    .constdata          m_wm.l(pow.o)
    0x080078a0   0x080078a0   0x00000008   Data   RO         2027    .constdata          m_wm.l(qnan.o)
    0x080078a8   0x080078a8   0x00000020   Data   RO         2029    .constdata          m_wm.l(rredf.o)
    0x080078c8   0x080078c8   0x00000010   Data   RO         1065    .rodata.AHBPrescTable  system_stm32f4xx.o
    0x080078d8   0x080078d8   0x00000008   Data   RO         1066    .rodata.APBPrescTable  system_stm32f4xx.o
    0x080078e0   0x080078e0   0x00000024   Data   RO           49    .rodata.CHASSIS_TASK_attributes  freertos.o
    0x08007904   0x08007904   0x00000008   Data   RO          725    .rodata.cst8        stm32f4xx_hal_dma.o
    0x0800790c   0x0800790c   0x0000000d   Data   RO           48    .rodata.str1.1      freertos.o
    0x08007919   0x08007919   0x00000005   Data   RO         1412    .rodata.str1.1      timers.o
    0x0800791e   0x0800791e   0x00000002   PAD
    0x08007920   0x08007920   0x00000020   Data   RO         2166    Region$$Table       anon$$obj.o
    0x08007940   0x08007940   0x00000004   Data   RO         1782    .init_array         swerve.o
    0x08007944   0x08007940   0x00000000   Data   RO         1858    .init_array         c_w.l(init_aeabi.o)


    Execution Region RW_IRAM1 (Exec base: 0x20000000, Load base: 0x08007948, Size: 0x00005e00, Max: 0x0001c000, ABSOLUTE)

    Exec Addr    Load Addr    Size         Type   Attr      Idx    E Section Name        Object

    0x20000000   0x08007948   0x00000008   Data   RW          903    .data..L_MergedGlobals  stm32f4xx_hal.o
    0x20000008   0x08007950   0x00000054   Data   RW         1739    .data..L_MergedGlobals  pid_user.o
    0x2000005c   0x080079a4   0x00000008   Data   RW         1783    .data..L_MergedGlobals  swerve.o
    0x20000064   0x080079ac   0x00000004   Data   RW         1064    .data.SystemCoreClock  system_stm32f4xx.o
    0x20000068   0x080079b0   0x00000001   Data   RW         1688    .data.actChassis    chassis_task.o
    0x20000069   0x080079b1   0x00000003   PAD
    0x2000006c   0x080079b4   0x00000004   Data   RW         1633    .data.uxCriticalNesting  port.o
    0x20000070        -       0x00000060   Zero   RW         2062    .bss                c_w.l(libspace.o)
    0x200000d0        -       0x00000078   Zero   RW         1362    .bss..L_MergedGlobals  tasks.o
    0x20000148        -       0x0000003c   Zero   RW         1413    .bss..L_MergedGlobals  timers.o
    0x20000184        -       0x00000020   Zero   RW         1598    .bss..L_MergedGlobals  heap_4.o
    0x200001a4        -       0x00000008   Zero   RW         1634    .bss..L_MergedGlobals  port.o
    0x200001ac        -       0x0000005e   Zero   RW         1754    .bss..L_MergedGlobals  remote_control.o
    0x2000020a   0x080079b8   0x00000002   PAD
    0x2000020c        -       0x00000010   Zero   RW         1784    .bss..L_MergedGlobals.1  swerve.o
    0x2000021c        -       0x00000028   Zero   RW         1363    .bss..L_MergedGlobals.2  tasks.o
    0x20000244        -       0x00000004   Zero   RW           50    .bss.CHASSIS_TASKHandle  freertos.o
    0x20000248        -       0x00000004   Zero   RW           69    .bss.HAL_RCC_CAN1_CLK_ENABLED  can.o
    0x2000024c        -       0x00000004   Zero   RW         1572    .bss.KernelState    cmsis_os2.o
    0x20000250        -       0x00000004   Zero   RW         1781    .bss.R              swerve.o
    0x20000254        -       0x000001c4   Zero   RW         1659    .bss.can_bus        can_receive.o
    0x20000418        -       0x00000080   Zero   RW         1689    .bss.chassisOri     chassis_task.o
    0x20000498        -       0x00000028   Zero   RW           67    .bss.hcan1          can.o
    0x200004c0        -       0x00000028   Zero   RW           68    .bss.hcan2          can.o
    0x200004e8        -       0x00000060   Zero   RW           94    .bss.hdma_usart3_rx  usart.o
    0x20000548        -       0x00000048   Zero   RW          145    .bss.htim7          stm32f4xx_hal_timebase_tim.o
    0x20000590        -       0x00000048   Zero   RW           93    .bss.huart3         usart.o
    0x200005d8        -       0x00000003   Zero   RW         1731    .bss.pid_controller  pid_user.o
    0x200005db   0x080079b8   0x00000001   PAD
    0x200005dc        -       0x00000240   Zero   RW         1733    .bss.pid_pos_1      pid_user.o
    0x2000081c        -       0x00000240   Zero   RW         1735    .bss.pid_pos_2      pid_user.o
    0x20000a5c        -       0x00000048   Zero   RW         1737    .bss.pid_pos_x      pid_user.o
    0x20000aa4        -       0x00000048   Zero   RW         1738    .bss.pid_pos_y      pid_user.o
    0x20000aec        -       0x00000240   Zero   RW         1732    .bss.pid_v_1        pid_user.o
    0x20000d2c        -       0x00000240   Zero   RW         1734    .bss.pid_v_2        pid_user.o
    0x20000f6c        -       0x00000048   Zero   RW         1736    .bss.pid_yaw        pid_user.o
    0x20000fb4        -       0x000000a0   Zero   RW         1411    .bss.prvCheckForValidListAndQueue.ucStaticTimerQueueStorage  timers.o
    0x20001054        -       0x00000050   Zero   RW         1410    .bss.prvCheckForValidListAndQueue.xStaticTimerQueue  timers.o
    0x200010a4        -       0x00000460   Zero   RW         1361    .bss.pxReadyTasksLists  tasks.o
    0x20001504        -       0x00003c00   Zero   RW         1597    .bss.ucHeap         heap_4.o
    0x20005104        -       0x00000004   Zero   RW          902    .bss.uwTick         stm32f4xx_hal.o
    0x20005108        -       0x00000200   Zero   RW         1574    .bss.vApplicationGetIdleTaskMemory.Idle_Stack  cmsis_os2.o
    0x20005308        -       0x0000005c   Zero   RW         1573    .bss.vApplicationGetIdleTaskMemory.Idle_TCB  cmsis_os2.o
    0x20005364        -       0x00000400   Zero   RW         1576    .bss.vApplicationGetTimerTaskMemory.Timer_Stack  cmsis_os2.o
    0x20005764        -       0x0000005c   Zero   RW         1575    .bss.vApplicationGetTimerTaskMemory.Timer_TCB  cmsis_os2.o
    0x200057c0        -       0x00000040   Zero   RW         1196    .bss.xQueueRegistry  queue.o
    0x20005800        -       0x00000200   Zero   RW            2    HEAP                startup_stm32f407xx.o
    0x20005a00        -       0x00000400   Zero   RW            1    STACK               startup_stm32f407xx.o


    Execution Region RW_IRAM2 (Exec base: 0x2001c000, Load base: 0x080079b8, Size: 0x00000000, Max: 0x00004000, ABSOLUTE)

    **** No section assigned to this execution region ****


==============================================================================

Image component sizes


      Code (inc. data)   RO Data    RW Data    ZI Data      Debug   Object Name

       414          0          0          0         84       6921   can.o
       670          0          0          0        452       9067   can_receive.o
       602         24          0          0          0      14430   chassis_api.o
        72          0          0          1        128       2825   chassis_task.o
       364          0          0          0       1724      43145   cmsis_os2.o
        56          0          0          0          0       3521   dma.o
        36          0         49          0          4       2917   freertos.o
        76          0          0          0          0       1512   gpio.o
       708          0          0          0      15392       5811   heap_4.o
       186          0          0          0          0       2367   list.o
       236          0          0          0          0       6229   main.o
       380          4          0          0          0       4948   pid.o
      1158         36          0         84       2523       7817   pid_user.o
       900         16          0          4          8       4403   port.o
      1782          0          0          0         64      30108   queue.o
       502          0          0          0         94       2952   remote_control.o
        64         26        392          0       1536        884   startup_stm32f407xx.o
        92          0          0          8          4       7356   stm32f4xx_hal.o
      1340          6          0          0          0      13884   stm32f4xx_hal_can.o
       152          0          0          0          0      10773   stm32f4xx_hal_cortex.o
       806          6          8          0          0      10585   stm32f4xx_hal_dma.o
       414          0          0          0          0       5403   stm32f4xx_hal_gpio.o
        66          0          0          0          0       3587   stm32f4xx_hal_msp.o
      1542          0          0          0          0       7500   stm32f4xx_hal_rcc.o
       928          0          0          0          0      57391   stm32f4xx_hal_tim.o
         4          0          0          0          0      21538   stm32f4xx_hal_tim_ex.o
       178          0          0          0         72       7304   stm32f4xx_hal_timebase_tim.o
       326          0          0          0          0      32195   stm32f4xx_hal_uart.o
        60          0          0          0          0       6128   stm32f4xx_it.o
      1940         36          4          8         20      20693   swerve.o
        18          0         24          4          0       2700   system_stm32f4xx.o
      3066          8          0          0       1280      43846   tasks.o
      1070         18          5          0        300      16443   timers.o
       262          0          0          0        168       7114   usart.o

    ----------------------------------------------------------------------
     20636        184        516        112      23856     424297   Object Totals
         0          0         32          0          0          0   (incl. Generated)
       166          4          2          3          3          0   (incl. Padding)

    ----------------------------------------------------------------------

      Code (inc. data)   RO Data    RW Data    ZI Data      Debug   Library Member Name

         8          0          0          0          0         68   __main.o
         0          0          0          0          0          0   __rtentry.o
        12          0          0          0          0          0   __rtentry2.o
         6          0          0          0          0          0   __rtentry4.o
        94          8          0          0          0          0   __scatter.o
        26          0          0          0          0          0   __scatter_copy.o
        28          0          0          0          0          0   __scatter_zi.o
        22          0          0          0          0        100   _rserrno.o
        16          0          0          0          0         68   aeabi_memset4.o
        18          0          0          0          0         80   exit.o
         6          0          0          0          0        152   heapauxi.o
         0          0          0          0          0          0   indicate_semi.o
        44          8          0          0          0         80   init_aeabi.o
         2          0          0          0          0          0   libinit.o
        10          0          0          0          0          0   libinit2.o
         2          0          0          0          0          0   libshutdown.o
         2          0          0          0          0          0   libshutdown2.o
         8          4          0          0         96         68   libspace.o
       240          0          0          0          0        100   lludivv7m.o
         8          4          0          0          0         68   rt_errno_addr_intlibspace.o
        78          0          0          0          0         80   rt_memclr_w.o
       138          0          0          0          0         68   rt_memcpy_v6.o
       100          0          0          0          0         80   rt_memcpy_w.o
         2          0          0          0          0          0   rtexit.o
        10          0          0          0          0          0   rtexit2.o
        12          4          0          0          0         68   sys_exit.o
        74          0          0          0          0         80   sys_stackheap_outer.o
         2          0          0          0          0         68   use_no_semi.o
        24          0          0          0          0        164   basic.o
        98          4          0          0          0        140   d2f.o
       834         16          0          0          0        516   daddsub_clz.o
        16          4          0          0          0        116   dcheck1.o
        24          0          0          0          0        116   dcmpi.o
       696        140          0          0          0        264   ddiv.o
        46          0          0          0          0        116   dflt_clz.o
       120          4          0          0          0        140   dleqf.o
       340         12          0          0          0        152   dmul.o
       156          4          0          0          0        140   dnaninf.o
        12          0          0          0          0        116   dretinf.o
       108          0          0          0          0        128   drleqf.o
       408         56          0          0          0        168   dsqrt_umaal.o
        86          4          0          0          0        132   f2d.o
       140          4          0          0          0        132   fnaninf.o
        26          0          0          0          0        116   fpinit.o
        10          0          0          0          0        116   fretinf.o
       100          0          0          0          0        116   retnan.o
        92          0          0          0          0        116   scalbn.o
        48          0          0          0          0        116   trapv.o
         0          0          0          0          0          0   usenofp.o
       684         90          0          0          0        208   atan2f.o
       336         56          0          0          0        136   cosf.o
       164         44          0          0          0        620   dunder.o
        24          0          0          0          0        124   fabs.o
        48          0          0          0          0        124   fpclassify.o
        38          0          0          0          0        116   fpclassifyf.o
        44         12          0          0          0        464   funder.o
       248          0          0          0          0        152   poly.o
      3168        296        136          0          0        352   pow.o
         0          0          8          0          0          0   qnan.o
       340         24         32          0          0        160   rredf.o
       232          0          0          0          0        296   sqrt.o

    ----------------------------------------------------------------------
      9716        802        176          0         96       7100   Library Totals
        38          4          0          0          0          0   (incl. Padding)

    ----------------------------------------------------------------------

      Code (inc. data)   RO Data    RW Data    ZI Data      Debug   Library Name

       968         28          0          0         96       1228   c_w.l
      3384        248          0          0          0       3120   fz_wm.l
      5326        522        176          0          0       2752   m_wm.l

    ----------------------------------------------------------------------
      9716        802        176          0         96       7100   Library Totals

    ----------------------------------------------------------------------

==============================================================================


      Code (inc. data)   RO Data    RW Data    ZI Data      Debug   

     30352        986        692        112      23952     426353   Grand Totals
     30352        986        692        112      23952     426353   ELF Image Totals
     30352        986        692        112          0          0   ROM Totals

==============================================================================

    Total RO  Size (Code + RO Data)                31044 (  30.32kB)
    Total RW  Size (RW Data + ZI Data)             24064 (  23.50kB)
    Total ROM Size (Code + RO Data + RW Data)      31156 (  30.43kB)

==============================================================================

