<html>
<body>
<pre>
<h1>µVision Build Log</h1>
<h2>Tool Versions:</h2>
IDE-Version: ¦ÌVision V5.41.0.0
Copyright (C) 2024 ARM Ltd and ARM Germany GmbH. All rights reserved.
License Information: chiahui tung
JNU
User-based license: Keil MDK Community (non-commercial free of charge)
Valid until: Jun 1 2033. Cached until: May 5 2025
 
Tool Versions:
Toolchain:       Keil MDK Community (non-commercial free of charge  Version: 5.41.0.0
Toolchain Path:  C:\Program Files\ARM\Keil_v5\ARM\ARMCLANG\Bin
C Compiler:      ArmClang.exe V6.22
Assembler:       Armasm.exe V6.22
Linker/Locator:  ArmLink.exe V6.22
Library Manager: ArmAr.exe V6.22
Hex Converter:   FromElf.exe V6.22
CPU DLL:         SARMCM3.DLL V5.41.0.0
Dialog DLL:      DCM.DLL V1.17.5.0
Target DLL:      STLink\ST-LINKIII-KEIL_SWO.dll V3.3.0.0
Dialog DLL:      TCM.DLL V1.56.4.0
 
<h2>Project:</h2>
C:\Users\tung\UserFolder\XiaomiCloud\Work\Source\STM32_Projects\N47_Swerve_Chassis\MDK-ARM\N47_Swerve_Chassis.uvprojx
Project File Date:  05/05/2025

<h2>Output:</h2>
*** Using Compiler 'V6.22', folder: 'C:\Program Files\ARM\Keil_v5\ARM\ARMCLANG\Bin'
Rebuild target 'N47_Swerve_Chassis'
assembling startup_stm32f407xx.s...
compiling can.c...
compiling stm32f4xx_hal_rcc.c...
compiling stm32f4xx_hal_msp.c...
compiling dma.c...
compiling stm32f4xx_hal_timebase_tim.c...
compiling main.c...
compiling stm32f4xx_it.c...
compiling freertos.c...
compiling gpio.c...
compiling startup_main.cpp...
compiling usart.c...
compiling stm32f4xx_hal_can.c...
compiling stm32f4xx_hal_flash_ex.c...
compiling stm32f4xx_hal_flash.c...
compiling stm32f4xx_hal_flash_ramfunc.c...
compiling stm32f4xx_hal_rcc_ex.c...
compiling stm32f4xx_hal_tim_ex.c...
compiling stm32f4xx_hal_gpio.c...
compiling stm32f4xx_hal_dma_ex.c...
compiling stm32f4xx_hal_pwr_ex.c...
compiling stm32f4xx_hal_pwr.c...
compiling stm32f4xx_hal_dma.c...
compiling stm32f4xx_hal_exti.c...
compiling stm32f4xx_hal.c...
compiling stm32f4xx_hal_cortex.c...
compiling croutine.c...
compiling system_stm32f4xx.c...
compiling stm32f4xx_hal_tim.c...
compiling list.c...
compiling port.c...
compiling event_groups.c...
compiling stream_buffer.c...
compiling heap_4.c...
compiling timers.c...
compiling chassis_task.cpp...
compiling can_receive.cpp...
compiling queue.c...
compiling stm32f4xx_hal_uart.c...
../applications/Src/chassis_api.cpp(2): warning: In file included from...
../applications/Inc\remote_control.h(57): warning: 'packed' attribute ignored [-Wignored-attributes]
   57 | typedef __packed struct
      |         ^
../Drivers/STM32F4xx_HAL_Driver/Inc\stm32f4xx_hal_def.h(116): note: expanded from macro '__packed'
  116 |     #define __packed  __attribute__((packed))
      |                                      ^
1 warning generated.
compiling chassis_api.cpp...
compiling cmsis_os2.c...
compiling pid.cpp...
compiling pid_user.cpp...
../applications/Src/remote_control.c(20): warning: In file included from...
../applications/Inc\remote_control.h(57): warning: 'packed' attribute ignored [-Wignored-attributes]
   57 | typedef __packed struct
      |         ^
../Drivers/STM32F4xx_HAL_Driver/Inc\stm32f4xx_hal_def.h(116): note: expanded from macro '__packed'
  116 |     #define __packed  __attribute__((packed))
      |                                      ^
1 warning generated.
compiling remote_control.c...
compiling tasks.c...
compiling bsp_rc.c...
compiling bsp_can.cpp...
compiling bsp_delay.cpp...
../applications/Src/swerve.cpp(1): warning: In file included from...
../applications/Inc\swerve.h(12): warning: In file included from...
../applications/Inc\remote_control.h(57): warning: 'packed' attribute ignored [-Wignored-attributes]
   57 | typedef __packed struct
      |         ^
../Drivers/STM32F4xx_HAL_Driver/Inc\stm32f4xx_hal_def.h(116): note: expanded from macro '__packed'
  116 |     #define __packed  __attribute__((packed))
      |                                      ^
1 warning generated.
compiling swerve.cpp...
linking...
Program Size: Code=30352 RO-data=692 RW-data=112 ZI-data=23952  
FromELF: creating hex file...
"N47_Swerve_Chassis\N47_Swerve_Chassis.axf" - 0 Error(s), 3 Warning(s).

<h2>Software Packages used:</h2>

Package Vendor: ARM
                https://www.keil.com/pack/ARM.CMSIS.6.1.0.pack
                ARM::CMSIS@6.1.0
                CMSIS (Common Microcontroller Software Interface Standard)
   * Component: CORE Version: 6.1.0

Package Vendor: Keil
                https://www.keil.com/pack/Keil.STM32F4xx_DFP.2.17.1.pack
                Keil::STM32F4xx_DFP@2.17.1
                STMicroelectronics STM32F4 Series Device Support, Drivers and Examples

<h2>Collection of Component include folders:</h2>
  ./RTE/_N47_Swerve_Chassis
  C:/Program Files/ARM/Keil_v5/Packs/ARM/CMSIS/6.1.0/CMSIS/Core/Include
  C:/Program Files/ARM/Keil_v5/Packs/Keil/STM32F4xx_DFP/2.17.1/Drivers/CMSIS/Device/ST/STM32F4xx/Include

<h2>Collection of Component Files used:</h2>

   * Component: ARM::CMSIS:CORE@6.1.0
      Include file:  CMSIS/Core/Include/tz_context.h
Build Time Elapsed:  00:00:03
</pre>
</body>
</html>
