<html>
<body>
<pre>
<h1>µVision Build Log</h1>
<h2>Tool Versions:</h2>
IDE-Version: ¦ÌVision V5.41.0.0
Copyright (C) 2024 ARM Ltd and ARM Germany GmbH. All rights reserved.
License Information: chiahui tung
JNU
User-based license: Keil MDK Community (non-commercial free of charge)
Valid until: Jun 1 2033. Cached until: Jan 22 2025
 
Tool Versions:
Toolchain:       Keil MDK Community (non-commercial free of charge  Version: 5.41.0.0
Toolchain Path:  C:\Program Files\ARM\Keil_v5\ARM\ARMCLANG\Bin
C Compiler:      ArmClang.exe V6.22
Assembler:       Armasm.exe V6.22
Linker/Locator:  ArmLink.exe V6.22
Library Manager: ArmAr.exe V6.22
Hex Converter:   FromElf.exe V6.22
CPU DLL:         SARMCM3.DLL V5.41.0.0
Dialog DLL:      DCM.DLL V1.17.5.0
Target DLL:      STLink\ST-LINKIII-KEIL_SWO.dll V3.3.0.0
Dialog DLL:      TCM.DLL V1.56.4.0
 
<h2>Project:</h2>
C:\Users\tung\UserFolder\XiaomiCloud\Work\Source\ST-Cube-MX\MPU6050_DMP_RTOS\MDK-ARM\MPU6050_DMP_RTOS.uvprojx
Project File Date:  01/15/2025

<h2>Output:</h2>
*** Using Compiler 'V6.22', folder: 'C:\Program Files\ARM\Keil_v5\ARM\ARMCLANG\Bin'
Rebuild target 'MPU6050_DMP_RTOS'
assembling startup_stm32f407xx.s...
compiling i2c.c...
compiling stm32f4xx_it.c...
compiling freertos.c...
compiling gpio.c...
compiling stm32f4xx_hal_flash.c...
compiling main.c...
compiling stm32f4xx_hal_msp.c...
compiling stm32f4xx_hal_timebase_tim.c...
compiling startup_main.cpp...
compiling stm32f4xx_hal_flash_ex.c...
compiling stm32f4xx_hal_rcc_ex.c...
compiling stm32f4xx_hal_rcc.c...
compiling stm32f4xx_hal_tim_ex.c...
compiling stm32f4xx_hal_flash_ramfunc.c...
compiling croutine.c...
compiling stm32f4xx_hal_gpio.c...
compiling stm32f4xx_hal_dma_ex.c...
compiling stm32f4xx_hal_pwr_ex.c...
compiling stm32f4xx_hal_i2c_ex.c...
compiling stm32f4xx_hal_pwr.c...
compiling system_stm32f4xx.c...
compiling stm32f4xx_hal.c...
compiling stm32f4xx_hal_dma.c...
compiling stm32f4xx_hal_cortex.c...
compiling stm32f4xx_hal_exti.c...
compiling list.c...
compiling event_groups.c...
compiling timers.c...
compiling stm32f4xx_hal_tim.c...
compiling port.c...
compiling heap_4.c...
compiling imu_task.cpp...
compiling stream_buffer.c...
compiling MPU6050.c...
compiling queue.c...
compiling bsp_delay.cpp...
compiling cmsis_os.c...
compiling inv_mpu_dmp_motion_driver.c...
compiling tasks.c...
compiling stm32f4xx_hal_i2c.c...
compiling inv_mpu.c...
linking...
Program Size: Code=28304 RO-data=3860 RW-data=60 ZI-data=18188  
FromELF: creating hex file...
"MPU6050_DMP_RTOS\MPU6050_DMP_RTOS.axf" - 0 Error(s), 0 Warning(s).

<h2>Software Packages used:</h2>

Package Vendor: ARM
                https://www.keil.com/pack/ARM.CMSIS.6.1.0.pack
                ARM::CMSIS@6.1.0
                CMSIS (Common Microcontroller Software Interface Standard)
   * Component: CORE Version: 6.1.0

Package Vendor: Keil
                https://www.keil.com/pack/Keil.STM32F4xx_DFP.2.17.1.pack
                Keil::STM32F4xx_DFP@2.17.1
                STMicroelectronics STM32F4 Series Device Support, Drivers and Examples

<h2>Collection of Component include folders:</h2>
  ./RTE/_MPU6050_DMP_RTOS
  C:/Program Files/ARM/Keil_v5/Packs/ARM/CMSIS/6.1.0/CMSIS/Core/Include
  C:/Program Files/ARM/Keil_v5/Packs/Keil/STM32F4xx_DFP/2.17.1/Drivers/CMSIS/Device/ST/STM32F4xx/Include

<h2>Collection of Component Files used:</h2>

   * Component: ARM::CMSIS:CORE@6.1.0
      Include file:  CMSIS/Core/Include/tz_context.h
Build Time Elapsed:  00:00:02
</pre>
</body>
</html>
