Component: Arm Compiler for Embedded 6.21 Tool: armlink [5ec1fa00]

==============================================================================

Section Cross References

    startup_stm32f103xb.o(STACK) refers (Special) to heapauxi.o(.text) for __use_two_region_memory
    startup_stm32f103xb.o(HEAP) refers (Special) to heapauxi.o(.text) for __use_two_region_memory
    startup_stm32f103xb.o(RESET) refers (Special) to heapauxi.o(.text) for __use_two_region_memory
    startup_stm32f103xb.o(RESET) refers to startup_stm32f103xb.o(STACK) for __initial_sp
    startup_stm32f103xb.o(RESET) refers to startup_stm32f103xb.o(.text) for Reset_Handler
    startup_stm32f103xb.o(RESET) refers to stm32f1xx_it.o(.text.NMI_Handler) for NMI_Handler
    startup_stm32f103xb.o(RESET) refers to stm32f1xx_it.o(.text.HardFault_Handler) for HardFault_Handler
    startup_stm32f103xb.o(RESET) refers to stm32f1xx_it.o(.text.MemManage_Handler) for MemManage_Handler
    startup_stm32f103xb.o(RESET) refers to stm32f1xx_it.o(.text.BusFault_Handler) for BusFault_Handler
    startup_stm32f103xb.o(RESET) refers to stm32f1xx_it.o(.text.UsageFault_Handler) for UsageFault_Handler
    startup_stm32f103xb.o(RESET) refers to port.o(.text.SVC_Handler) for SVC_Handler
    startup_stm32f103xb.o(RESET) refers to stm32f1xx_it.o(.text.DebugMon_Handler) for DebugMon_Handler
    startup_stm32f103xb.o(RESET) refers to port.o(.text.PendSV_Handler) for PendSV_Handler
    startup_stm32f103xb.o(RESET) refers to port.o(.text.SysTick_Handler) for SysTick_Handler
    startup_stm32f103xb.o(RESET) refers to stm32f1xx_it.o(.text.TIM4_IRQHandler) for TIM4_IRQHandler
    startup_stm32f103xb.o(.text) refers (Special) to heapauxi.o(.text) for __use_two_region_memory
    startup_stm32f103xb.o(.text) refers to system_stm32f1xx.o(.text.SystemInit) for SystemInit
    startup_stm32f103xb.o(.text) refers to __main.o(!!!main) for __main
    startup_stm32f103xb.o(.text) refers to startup_stm32f103xb.o(HEAP) for Heap_Mem
    startup_stm32f103xb.o(.text) refers to startup_stm32f103xb.o(STACK) for Stack_Mem
    startup_main.o(.ARM.exidx.text.startup_main) refers to startup_main.o(.text.startup_main) for [Anonymous Symbol]
    main.o(.text.main) refers to stm32f1xx_hal.o(.text.HAL_Init) for HAL_Init
    main.o(.text.main) refers to stm32f1xx_hal_rcc.o(.text.HAL_RCC_OscConfig) for HAL_RCC_OscConfig
    main.o(.text.main) refers to stm32f1xx_hal_rcc.o(.text.HAL_RCC_ClockConfig) for HAL_RCC_ClockConfig
    main.o(.text.main) refers to gpio.o(.text.MX_GPIO_Init) for MX_GPIO_Init
    main.o(.text.main) refers to startup_main.o(.text.startup_main) for startup_main
    main.o(.text.main) refers to freertos.o(.text.MX_FREERTOS_Init) for MX_FREERTOS_Init
    main.o(.text.main) refers to cmsis_os.o(.text.osKernelStart) for osKernelStart
    main.o(.ARM.exidx.text.main) refers to main.o(.text.main) for [Anonymous Symbol]
    main.o(.text.SystemClock_Config) refers to stm32f1xx_hal_rcc.o(.text.HAL_RCC_OscConfig) for HAL_RCC_OscConfig
    main.o(.text.SystemClock_Config) refers to stm32f1xx_hal_rcc.o(.text.HAL_RCC_ClockConfig) for HAL_RCC_ClockConfig
    main.o(.ARM.exidx.text.SystemClock_Config) refers to main.o(.text.SystemClock_Config) for [Anonymous Symbol]
    main.o(.ARM.exidx.text.Error_Handler) refers to main.o(.text.Error_Handler) for [Anonymous Symbol]
    main.o(.text.HAL_TIM_PeriodElapsedCallback) refers to stm32f1xx_hal.o(.text.HAL_IncTick) for HAL_IncTick
    main.o(.ARM.exidx.text.HAL_TIM_PeriodElapsedCallback) refers to main.o(.text.HAL_TIM_PeriodElapsedCallback) for [Anonymous Symbol]
    gpio.o(.text.MX_GPIO_Init) refers to stm32f1xx_hal_gpio.o(.text.HAL_GPIO_WritePin) for HAL_GPIO_WritePin
    gpio.o(.text.MX_GPIO_Init) refers to stm32f1xx_hal_gpio.o(.text.HAL_GPIO_Init) for HAL_GPIO_Init
    gpio.o(.ARM.exidx.text.MX_GPIO_Init) refers to gpio.o(.text.MX_GPIO_Init) for [Anonymous Symbol]
    freertos.o(.text.vApplicationGetIdleTaskMemory) refers to freertos.o(.bss.xIdleTaskTCBBuffer) for xIdleTaskTCBBuffer
    freertos.o(.text.vApplicationGetIdleTaskMemory) refers to freertos.o(.bss.xIdleStack) for xIdleStack
    freertos.o(.ARM.exidx.text.vApplicationGetIdleTaskMemory) refers to freertos.o(.text.vApplicationGetIdleTaskMemory) for [Anonymous Symbol]
    freertos.o(.text.MX_FREERTOS_Init) refers to cmsis_os.o(.text.osThreadCreate) for osThreadCreate
    freertos.o(.text.MX_FREERTOS_Init) refers to freertos.o(.bss.LED_TASKHandle) for LED_TASKHandle
    freertos.o(.text.MX_FREERTOS_Init) refers to freertos.o(.rodata.str1.1) for [Anonymous Symbol]
    freertos.o(.text.MX_FREERTOS_Init) refers to led_task.o(.text.led_task) for led_task
    freertos.o(.ARM.exidx.text.MX_FREERTOS_Init) refers to freertos.o(.text.MX_FREERTOS_Init) for [Anonymous Symbol]
    freertos.o(.text.led_task) refers to cmsis_os.o(.text.osDelay) for osDelay
[...]
    Removing tasks.o(.ARM.exidx.text.xTaskResumeFromISR), (8 bytes).
    Removing tasks.o(.ARM.exidx.text.vTaskStartScheduler), (8 bytes).
    Removing tasks.o(.ARM.exidx.text.prvIdleTask), (8 bytes).
    Removing tasks.o(.text.vTaskEndScheduler), (32 bytes).
    Removing tasks.o(.ARM.exidx.text.vTaskEndScheduler), (8 bytes).
    Removing tasks.o(.ARM.exidx.text.xTaskIncrementTick), (8 bytes).
    Removing tasks.o(.text.xTaskGetTickCount), (12 bytes).
    Removing tasks.o(.ARM.exidx.text.xTaskGetTickCount), (8 bytes).
    Removing tasks.o(.text.xTaskGetTickCountFromISR), (18 bytes).
    Removing tasks.o(.ARM.exidx.text.xTaskGetTickCountFromISR), (8 bytes).
    Removing tasks.o(.text.uxTaskGetNumberOfTasks), (12 bytes).
    Removing tasks.o(.ARM.exidx.text.uxTaskGetNumberOfTasks), (8 bytes).
    Removing tasks.o(.text.pcTaskGetName), (38 bytes).
    Removing tasks.o(.ARM.exidx.text.pcTaskGetName), (8 bytes).
    Removing tasks.o(.text.vTaskPlaceOnEventList), (54 bytes).
    Removing tasks.o(.ARM.exidx.text.vTaskPlaceOnEventList), (8 bytes).
    Removing tasks.o(.text.vTaskPlaceOnUnorderedEventList), (86 bytes).
    Removing tasks.o(.ARM.exidx.text.vTaskPlaceOnUnorderedEventList), (8 bytes).
    Removing tasks.o(.text.xTaskRemoveFromEventList), (116 bytes).
    Removing tasks.o(.ARM.exidx.text.xTaskRemoveFromEventList), (8 bytes).
    Removing tasks.o(.text.vTaskRemoveFromUnorderedEventList), (130 bytes).
    Removing tasks.o(.ARM.exidx.text.vTaskRemoveFromUnorderedEventList), (8 bytes).
    Removing tasks.o(.text.vTaskSetTimeOutState), (54 bytes).
    Removing tasks.o(.ARM.exidx.text.vTaskSetTimeOutState), (8 bytes).
    Removing tasks.o(.text.vTaskInternalSetTimeOutState), (18 bytes).
    Removing tasks.o(.ARM.exidx.text.vTaskInternalSetTimeOutState), (8 bytes).
    Removing tasks.o(.text.xTaskCheckForTimeOut), (150 bytes).
    Removing tasks.o(.ARM.exidx.text.xTaskCheckForTimeOut), (8 bytes).
    Removing tasks.o(.text.vTaskMissedYield), (14 bytes).
    Removing tasks.o(.ARM.exidx.text.vTaskMissedYield), (8 bytes).
    Removing tasks.o(.text.xTaskGetCurrentTaskHandle), (12 bytes).
    Removing tasks.o(.ARM.exidx.text.xTaskGetCurrentTaskHandle), (8 bytes).
    Removing tasks.o(.text.xTaskGetSchedulerState), (30 bytes).
    Removing tasks.o(.ARM.exidx.text.xTaskGetSchedulerState), (8 bytes).
    Removing tasks.o(.text.xTaskPriorityInherit), (182 bytes).
    Removing tasks.o(.ARM.exidx.text.xTaskPriorityInherit), (8 bytes).
    Removing tasks.o(.text.xTaskPriorityDisinherit), (182 bytes).
    Removing tasks.o(.ARM.exidx.text.xTaskPriorityDisinherit), (8 bytes).
    Removing tasks.o(.text.vTaskPriorityDisinheritAfterTimeout), (190 bytes).
    Removing tasks.o(.ARM.exidx.text.vTaskPriorityDisinheritAfterTimeout), (8 bytes).
    Removing tasks.o(.text.uxTaskResetEventItemValue), (26 bytes).
    Removing tasks.o(.ARM.exidx.text.uxTaskResetEventItemValue), (8 bytes).
    Removing tasks.o(.text.pvTaskIncrementMutexHeldCount), (24 bytes).
    Removing tasks.o(.ARM.exidx.text.pvTaskIncrementMutexHeldCount), (8 bytes).
    Removing tasks.o(.text.ulTaskNotifyTake), (104 bytes).
    Removing tasks.o(.ARM.exidx.text.ulTaskNotifyTake), (8 bytes).
    Removing tasks.o(.text.xTaskNotifyWait), (142 bytes).
    Removing tasks.o(.ARM.exidx.text.xTaskNotifyWait), (8 bytes).
    Removing tasks.o(.text.xTaskGenericNotify), (256 bytes).
    Removing tasks.o(.ARM.exidx.text.xTaskGenericNotify), (8 bytes).
    Removing tasks.o(.text.xTaskGenericNotifyFromISR), (286 bytes).
    Removing tasks.o(.ARM.exidx.text.xTaskGenericNotifyFromISR), (8 bytes).
    Removing tasks.o(.text.vTaskNotifyGiveFromISR), (202 bytes).
    Removing tasks.o(.ARM.exidx.text.vTaskNotifyGiveFromISR), (8 bytes).
    Removing tasks.o(.text.xTaskNotifyStateClear), (44 bytes).
    Removing tasks.o(.ARM.exidx.text.xTaskNotifyStateClear), (8 bytes).
    Removing timers.o(.text), (0 bytes).
    Removing cmsis_os.o(.text), (0 bytes).
    Removing cmsis_os.o(.ARM.exidx.text.osKernelStart), (8 bytes).
    Removing cmsis_os.o(.text.osKernelRunning), (14 bytes).
    Removing cmsis_os.o(.ARM.exidx.text.osKernelRunning), (8 bytes).
    Removing cmsis_os.o(.text.osKernelSysTick), (16 bytes).
    Removing cmsis_os.o(.ARM.exidx.text.osKernelSysTick), (8 bytes).
    Removing cmsis_os.o(.ARM.exidx.text.osThreadCreate), (8 bytes).
    Removing cmsis_os.o(.text.osThreadGetId), (4 bytes).
    Removing cmsis_os.o(.ARM.exidx.text.osThreadGetId), (8 bytes).
    Removing cmsis_os.o(.text.osThreadTerminate), (10 bytes).
    Removing cmsis_os.o(.ARM.exidx.text.osThreadTerminate), (8 bytes).
    Removing cmsis_os.o(.text.osThreadYield), (26 bytes).
    Removing cmsis_os.o(.ARM.exidx.text.osThreadYield), (8 bytes).
    Removing cmsis_os.o(.text.osThreadSetPriority), (20 bytes).
    Removing cmsis_os.o(.ARM.exidx.text.osThreadSetPriority), (8 bytes).
    Removing cmsis_os.o(.text.osThreadGetPriority), (32 bytes).
    Removing cmsis_os.o(.ARM.exidx.text.osThreadGetPriority), (8 bytes).
    Removing cmsis_os.o(.text.osDelay), (16 bytes).
    Removing cmsis_os.o(.ARM.exidx.text.osDelay), (8 bytes).
    Removing cmsis_os.o(.text.osTimerCreate), (4 bytes).
    Removing cmsis_os.o(.ARM.exidx.text.osTimerCreate), (8 bytes).
    Removing cmsis_os.o(.text.osTimerStart), (4 bytes).
    Removing cmsis_os.o(.ARM.exidx.text.osTimerStart), (8 bytes).
    Removing cmsis_os.o(.text.osTimerStop), (4 bytes).
    Removing cmsis_os.o(.ARM.exidx.text.osTimerStop), (8 bytes).
    Removing cmsis_os.o(.text.osTimerDelete), (4 bytes).
    Removing cmsis_os.o(.ARM.exidx.text.osTimerDelete), (8 bytes).
    Removing cmsis_os.o(.text.osSignalSet), (96 bytes).
    Removing cmsis_os.o(.ARM.exidx.text.osSignalSet), (8 bytes).
    Removing cmsis_os.o(.text.osSignalWait), (68 bytes).
    Removing cmsis_os.o(.ARM.exidx.text.osSignalWait), (8 bytes).
    Removing cmsis_os.o(.text.osMutexCreate), (16 bytes).
    Removing cmsis_os.o(.ARM.exidx.text.osMutexCreate), (8 bytes).
    Removing cmsis_os.o(.text.osMutexWait), (90 bytes).
    Removing cmsis_os.o(.ARM.exidx.text.osMutexWait), (8 bytes).
    Removing cmsis_os.o(.text.osMutexRelease), (82 bytes).
    Removing cmsis_os.o(.ARM.exidx.text.osMutexRelease), (8 bytes).
    Removing cmsis_os.o(.text.osMutexDelete), (22 bytes).
    Removing cmsis_os.o(.ARM.exidx.text.osMutexDelete), (8 bytes).
    Removing cmsis_os.o(.text.osSemaphoreCreate), (80 bytes).
    Removing cmsis_os.o(.ARM.exidx.text.osSemaphoreCreate), (8 bytes).
    Removing cmsis_os.o(.text.osSemaphoreWait), (90 bytes).
    Removing cmsis_os.o(.ARM.exidx.text.osSemaphoreWait), (8 bytes).
    Removing cmsis_os.o(.text.osSemaphoreRelease), (82 bytes).
    Removing cmsis_os.o(.ARM.exidx.text.osSemaphoreRelease), (8 bytes).
    Removing cmsis_os.o(.text.osSemaphoreDelete), (22 bytes).
    Removing cmsis_os.o(.ARM.exidx.text.osSemaphoreDelete), (8 bytes).
    Removing cmsis_os.o(.text.osPoolCreate), (138 bytes).
    Removing cmsis_os.o(.ARM.exidx.text.osPoolCreate), (8 bytes).
    Removing cmsis_os.o(.text.osPoolAlloc), (262 bytes).
    Removing cmsis_os.o(.ARM.exidx.text.osPoolAlloc), (8 bytes).
    Removing cmsis_os.o(.text.osPoolCAlloc), (266 bytes).
    Removing cmsis_os.o(.ARM.exidx.text.osPoolCAlloc), (8 bytes).
    Removing cmsis_os.o(.text.osPoolFree), (58 bytes).
    Removing cmsis_os.o(.ARM.exidx.text.osPoolFree), (8 bytes).
    Removing cmsis_os.o(.text.osMessageCreate), (40 bytes).
    Removing cmsis_os.o(.ARM.exidx.text.osMessageCreate), (8 bytes).
    Removing cmsis_os.o(.text.osMessagePut), (94 bytes).
    Removing cmsis_os.o(.ARM.exidx.text.osMessagePut), (8 bytes).
    Removing cmsis_os.o(.text.osMessageGet), (118 bytes).
    Removing cmsis_os.o(.ARM.exidx.text.osMessageGet), (8 bytes).
    Removing cmsis_os.o(.text.osMailCreate), (94 bytes).
    Removing cmsis_os.o(.ARM.exidx.text.osMailCreate), (8 bytes).
    Removing cmsis_os.o(.text.osMailAlloc), (278 bytes).
    Removing cmsis_os.o(.ARM.exidx.text.osMailAlloc), (8 bytes).
    Removing cmsis_os.o(.text.osMailCAlloc), (332 bytes).
    Removing cmsis_os.o(.ARM.exidx.text.osMailCAlloc), (8 bytes).
    Removing cmsis_os.o(.text.osMailPut), (102 bytes).
    Removing cmsis_os.o(.ARM.exidx.text.osMailPut), (8 bytes).
    Removing cmsis_os.o(.text.osMailGet), (114 bytes).
    Removing cmsis_os.o(.ARM.exidx.text.osMailGet), (8 bytes).
    Removing cmsis_os.o(.text.osMailFree), (56 bytes).
    Removing cmsis_os.o(.ARM.exidx.text.osMailFree), (8 bytes).
    Removing cmsis_os.o(.text.osSystickHandler), (20 bytes).
    Removing cmsis_os.o(.ARM.exidx.text.osSystickHandler), (8 bytes).
    Removing cmsis_os.o(.text.osThreadSuspend), (10 bytes).
    Removing cmsis_os.o(.ARM.exidx.text.osThreadSuspend), (8 bytes).
    Removing cmsis_os.o(.text.osThreadResume), (52 bytes).
    Removing cmsis_os.o(.ARM.exidx.text.osThreadResume), (8 bytes).
    Removing cmsis_os.o(.text.osThreadSuspendAll), (10 bytes).
    Removing cmsis_os.o(.ARM.exidx.text.osThreadSuspendAll), (8 bytes).
    Removing cmsis_os.o(.text.osThreadResumeAll), (14 bytes).
    Removing cmsis_os.o(.ARM.exidx.text.osThreadResumeAll), (8 bytes).
    Removing cmsis_os.o(.text.osDelayUntil), (16 bytes).
    Removing cmsis_os.o(.ARM.exidx.text.osDelayUntil), (8 bytes).
    Removing cmsis_os.o(.text.osAbortDelay), (4 bytes).
    Removing cmsis_os.o(.ARM.exidx.text.osAbortDelay), (8 bytes).
    Removing cmsis_os.o(.text.osThreadList), (4 bytes).
    Removing cmsis_os.o(.ARM.exidx.text.osThreadList), (8 bytes).
    Removing cmsis_os.o(.text.osMessagePeek), (46 bytes).
    Removing cmsis_os.o(.ARM.exidx.text.osMessagePeek), (8 bytes).
    Removing cmsis_os.o(.text.osMessageWaiting), (16 bytes).
    Removing cmsis_os.o(.ARM.exidx.text.osMessageWaiting), (8 bytes).
    Removing cmsis_os.o(.text.osMessageAvailableSpace), (4 bytes).
    Removing cmsis_os.o(.ARM.exidx.text.osMessageAvailableSpace), (8 bytes).
    Removing cmsis_os.o(.text.osMessageDelete), (22 bytes).
    Removing cmsis_os.o(.ARM.exidx.text.osMessageDelete), (8 bytes).
    Removing cmsis_os.o(.text.osRecursiveMutexCreate), (4 bytes).
    Removing cmsis_os.o(.ARM.exidx.text.osRecursiveMutexCreate), (8 bytes).
    Removing cmsis_os.o(.text.osRecursiveMutexRelease), (4 bytes).
    Removing cmsis_os.o(.ARM.exidx.text.osRecursiveMutexRelease), (8 bytes).
    Removing cmsis_os.o(.text.osRecursiveMutexWait), (4 bytes).
    Removing cmsis_os.o(.ARM.exidx.text.osRecursiveMutexWait), (8 bytes).
    Removing cmsis_os.o(.text.osSemaphoreGetCount), (4 bytes).
    Removing cmsis_os.o(.ARM.exidx.text.osSemaphoreGetCount), (8 bytes).
    Removing heap_4.o(.text), (0 bytes).
    Removing heap_4.o(.ARM.exidx.text.pvPortMalloc), (8 bytes).
    Removing heap_4.o(.ARM.exidx.text.vPortFree), (8 bytes).
    Removing heap_4.o(.ARM.exidx.text.xPortGetFreeHeapSize), (8 bytes).
    Removing heap_4.o(.text.xPortGetMinimumEverFreeHeapSize), (12 bytes).
    Removing heap_4.o(.ARM.exidx.text.xPortGetMinimumEverFreeHeapSize), (8 bytes).
    Removing heap_4.o(.text.vPortInitialiseBlocks), (2 bytes).
    Removing heap_4.o(.ARM.exidx.text.vPortInitialiseBlocks), (8 bytes).
    Removing port.o(.text), (0 bytes).
    Removing port.o(.ARM.exidx.text.pxPortInitialiseStack), (8 bytes).
    Removing port.o(.ARM.exidx.text.prvTaskExitError), (8 bytes).
    Removing port.o(.ARM.exidx.text.SVC_Handler), (8 bytes).
    Removing port.o(.ARM.exidx.text.xPortStartScheduler), (8 bytes).
    Removing port.o(.ARM.exidx.text.vPortSetupTimerInterrupt), (8 bytes).
    Removing port.o(.ARM.exidx.text.prvPortStartFirstTask), (8 bytes).
    Removing port.o(.text.vPortEndScheduler), (38 bytes).
    Removing port.o(.ARM.exidx.text.vPortEndScheduler), (8 bytes).
    Removing port.o(.ARM.exidx.text.vPortEnterCritical), (8 bytes).
    Removing port.o(.ARM.exidx.text.vPortExitCritical), (8 bytes).
    Removing port.o(.ARM.exidx.text.PendSV_Handler), (8 bytes).
    Removing port.o(.ARM.exidx.text.SysTick_Handler), (8 bytes).
    Removing port.o(.text.vPortValidateInterruptPriority), (94 bytes).
    Removing port.o(.ARM.exidx.text.vPortValidateInterruptPriority), (8 bytes).
    Removing led_task.o(.text), (0 bytes).
    Removing led_task.o(.ARM.exidx.text.led_task), (8 bytes).
    Removing bsp_delay.o(.text), (0 bytes).
    Removing bsp_delay.o(.text._ZN9BSP_Delay2F14InitEt), (36 bytes).
    Removing bsp_delay.o(.ARM.exidx.text._ZN9BSP_Delay2F14InitEt), (8 bytes).
    Removing bsp_delay.o(.text._ZN9BSP_Delay2F12usEj), (90 bytes).
    Removing bsp_delay.o(.ARM.exidx.text._ZN9BSP_Delay2F12usEj), (8 bytes).
    Removing bsp_delay.o(.text._ZN9BSP_Delay2F12msEt), (696 bytes).
    Removing bsp_delay.o(.ARM.exidx.text._ZN9BSP_Delay2F12msEt), (8 bytes).
    Removing bsp_delay.o(.text._ZN9BSP_Delay2F44InitEt), (22 bytes).
    Removing bsp_delay.o(.ARM.exidx.text._ZN9BSP_Delay2F44InitEt), (8 bytes).
    Removing bsp_delay.o(.text._ZN9BSP_Delay2F42usEj), (82 bytes).
    Removing bsp_delay.o(.ARM.exidx.text._ZN9BSP_Delay2F42usEj), (8 bytes).
    Removing bsp_delay.o(.text._ZN9BSP_Delay2F42msEt), (582 bytes).
    Removing bsp_delay.o(.ARM.exidx.text._ZN9BSP_Delay2F42msEt), (8 bytes).
    Removing bsp_delay.o(.text._ZN9BSP_Delay8FreeRTOS4InitEv), (2 bytes).
    Removing bsp_delay.o(.ARM.exidx.text._ZN9BSP_Delay8FreeRTOS4InitEv), (8 bytes).
    Removing bsp_delay.o(.text.HAL_Delay), (4 bytes).
    Removing bsp_delay.o(.ARM.exidx.text.HAL_Delay), (8 bytes).
    Removing bsp_delay.o(.bss.bsp_delay), (3 bytes).
    Removing bsp_delay.o(.bss._ZL8g_fac_us), (4 bytes).

926 unused section(s) (total 50151 bytes) removed from the image.

==============================================================================

Image Symbol Table

    Local Symbols

    Symbol Name                              Value     Ov Type        Size  Object(Section)

    ../clib/angel/boardlib.s                 0x00000000   Number         0  boardinit1.o ABSOLUTE
    ../clib/angel/boardlib.s                 0x00000000   Number         0  boardinit2.o ABSOLUTE
    ../clib/angel/boardlib.s                 0x00000000   Number         0  boardinit3.o ABSOLUTE
    ../clib/angel/boardlib.s                 0x00000000   Number         0  boardshut.o ABSOLUTE
    ../clib/angel/handlers.s                 0x00000000   Number         0  __scatter_copy.o ABSOLUTE
    ../clib/angel/handlers.s                 0x00000000   Number         0  __scatter_zi.o ABSOLUTE
    ../clib/angel/kernel.s                   0x00000000   Number         0  __rtentry.o ABSOLUTE
    ../clib/angel/kernel.s                   0x00000000   Number         0  __rtentry2.o ABSOLUTE
    ../clib/angel/kernel.s                   0x00000000   Number         0  __rtentry4.o ABSOLUTE
    ../clib/angel/kernel.s                   0x00000000   Number         0  rtexit.o ABSOLUTE
    ../clib/angel/kernel.s                   0x00000000   Number         0  rtexit2.o ABSOLUTE
    ../clib/angel/rt.s                       0x00000000   Number         0  rt_raise.o ABSOLUTE
    ../clib/angel/scatter.s                  0x00000000   Number         0  __scatter.o ABSOLUTE
    ../clib/angel/startup.s                  0x00000000   Number         0  __main.o ABSOLUTE
    ../clib/angel/sys.s                      0x00000000   Number         0  sys_stackheap_outer.o ABSOLUTE
    ../clib/angel/sys.s                      0x00000000   Number         0  libspace.o ABSOLUTE
    ../clib/angel/sys.s                      0x00000000   Number         0  use_no_semi.o ABSOLUTE
    ../clib/angel/sys.s                      0x00000000   Number         0  indicate_semi.o ABSOLUTE
    ../clib/angel/sysapp.c                   0x00000000   Number         0  sys_exit.o ABSOLUTE
    ../clib/angel/sysapp.c                   0x00000000   Number         0  sys_exit_hlt.o ABSOLUTE
    ../clib/angel/sysapp.c                   0x00000000   Number         0  sys_command.o ABSOLUTE
    ../clib/angel/sysapp.c                   0x00000000   Number         0  sys_command_hlt.o ABSOLUTE
    ../clib/angel/sysapp.c                   0x00000000   Number         0  sys_wrch.o ABSOLUTE
    ../clib/angel/sysapp.c                   0x00000000   Number         0  sys_wrch_hlt.o ABSOLUTE
    ../clib/armsys.c                         0x00000000   Number         0  argv_veneer.o ABSOLUTE
    ../clib/armsys.c                         0x00000000   Number         0  argv_veneer.o ABSOLUTE
    ../clib/armsys.c                         0x00000000   Number         0  _get_argv_nomalloc.o ABSOLUTE
    ../clib/armsys.c                         0x00000000   Number         0  no_argv.o ABSOLUTE
    ../clib/heapalloc.c                      0x00000000   Number         0  hrguard.o ABSOLUTE
    ../clib/heapaux.c                        0x00000000   Number         0  heapauxi.o ABSOLUTE
    ../clib/libinit.s                        0x00000000   Number         0  libinit.o ABSOLUTE
    ../clib/libinit.s                        0x00000000   Number         0  libinit2.o ABSOLUTE
    ../clib/libinit.s                        0x00000000   Number         0  libshutdown.o ABSOLUTE
    ../clib/libinit.s                        0x00000000   Number         0  libshutdown2.o ABSOLUTE
    ../clib/memcpset.s                       0x00000000   Number         0  rt_memcpy_v6.o ABSOLUTE
    ../clib/memcpset.s                       0x00000000   Number         0  aeabi_memset.o ABSOLUTE
    ../clib/memcpset.s                       0x00000000   Number         0  rt_memcpy_w.o ABSOLUTE
    ../clib/memcpset.s                       0x00000000   Number         0  rt_memclr.o ABSOLUTE
    ../clib/memcpset.s                       0x00000000   Number         0  rt_memclr_w.o ABSOLUTE
    ../clib/signal.c                         0x00000000   Number         0  defsig_rtmem_outer.o ABSOLUTE
    ../clib/signal.c                         0x00000000   Number         0  defsig_rtmem_formal.o ABSOLUTE
    ../clib/signal.c                         0x00000000   Number         0  defsig_exit.o ABSOLUTE
    ../clib/signal.c                         0x00000000   Number         0  defsig_rtmem_inner.o ABSOLUTE
    ../clib/signal.c                         0x00000000   Number         0  __raise.o ABSOLUTE
    ../clib/signal.c                         0x00000000   Number         0  defsig_general.o ABSOLUTE
    ../clib/signal.c                         0x00000000   Number         0  defsig_abrt_inner.o ABSOLUTE
    ../clib/signal.c                         0x00000000   Number         0  defsig_fpe_inner.o ABSOLUTE
    ../clib/signal.c                         0x00000000   Number         0  defsig_rtred_inner.o ABSOLUTE
    ../clib/signal.c                         0x00000000   Number         0  defsig_stak_inner.o ABSOLUTE
    ../clib/signal.c                         0x00000000   Number         0  defsig_pvfn_inner.o ABSOLUTE
    ../clib/signal.c                         0x00000000   Number         0  defsig_cppl_inner.o ABSOLUTE
    ../clib/signal.c                         0x00000000   Number         0  defsig_segv_inner.o ABSOLUTE
    ../clib/signal.c                         0x00000000   Number         0  defsig_other.o ABSOLUTE
    ../clib/signal.s                         0x00000000   Number         0  defsig.o ABSOLUTE
    ../clib/stdlib.c                         0x00000000   Number         0  exit.o ABSOLUTE
    ../fplib/fpinit.s                        0x00000000   Number         0  fpinit.o ABSOLUTE
    ../fplib/fpinit_empty.s                  0x00000000   Number         0  fpinit_empty.o ABSOLUTE
    bsp_delay.cpp                            0x00000000   Number         0  bsp_delay.o ABSOLUTE
    cmsis_os.c                               0x00000000   Number         0  cmsis_os.o ABSOLUTE
    croutine.c                               0x00000000   Number         0  croutine.o ABSOLUTE
    dc.s                                     0x00000000   Number         0  dc.o ABSOLUTE
    event_groups.c                           0x00000000   Number         0  event_groups.o ABSOLUTE
    freertos.c                               0x00000000   Number         0  freertos.o ABSOLUTE
    gpio.c                                   0x00000000   Number         0  gpio.o ABSOLUTE
    heap_4.c                                 0x00000000   Number         0  heap_4.o ABSOLUTE
    led_task.cpp                             0x00000000   Number         0  led_task.o ABSOLUTE
    list.c                                   0x00000000   Number         0  list.o ABSOLUTE
    main.c                                   0x00000000   Number         0  main.o ABSOLUTE
    port.c                                   0x00000000   Number         0  port.o ABSOLUTE
    queue.c                                  0x00000000   Number         0  queue.o ABSOLUTE
    startup_main.cpp                         0x00000000   Number         0  startup_main.o ABSOLUTE
    startup_stm32f103xb.s                    0x00000000   Number         0  startup_stm32f103xb.o ABSOLUTE
    stm32f1xx_hal.c                          0x00000000   Number         0  stm32f1xx_hal.o ABSOLUTE
    stm32f1xx_hal_cortex.c                   0x00000000   Number         0  stm32f1xx_hal_cortex.o ABSOLUTE
    stm32f1xx_hal_dma.c                      0x00000000   Number         0  stm32f1xx_hal_dma.o ABSOLUTE
    stm32f1xx_hal_exti.c                     0x00000000   Number         0  stm32f1xx_hal_exti.o ABSOLUTE
    stm32f1xx_hal_flash.c                    0x00000000   Number         0  stm32f1xx_hal_flash.o ABSOLUTE
    stm32f1xx_hal_flash_ex.c                 0x00000000   Number         0  stm32f1xx_hal_flash_ex.o ABSOLUTE
    stm32f1xx_hal_gpio.c                     0x00000000   Number         0  stm32f1xx_hal_gpio.o ABSOLUTE
    stm32f1xx_hal_gpio_ex.c                  0x00000000   Number         0  stm32f1xx_hal_gpio_ex.o ABSOLUTE
    stm32f1xx_hal_msp.c                      0x00000000   Number         0  stm32f1xx_hal_msp.o ABSOLUTE
    stm32f1xx_hal_pwr.c                      0x00000000   Number         0  stm32f1xx_hal_pwr.o ABSOLUTE
    stm32f1xx_hal_rcc.c                      0x00000000   Number         0  stm32f1xx_hal_rcc.o ABSOLUTE
    stm32f1xx_hal_rcc_ex.c                   0x00000000   Number         0  stm32f1xx_hal_rcc_ex.o ABSOLUTE
    stm32f1xx_hal_tim.c                      0x00000000   Number         0  stm32f1xx_hal_tim.o ABSOLUTE
    stm32f1xx_hal_tim_ex.c                   0x00000000   Number         0  stm32f1xx_hal_tim_ex.o ABSOLUTE
    stm32f1xx_hal_timebase_tim.c             0x00000000   Number         0  stm32f1xx_hal_timebase_tim.o ABSOLUTE
    stm32f1xx_it.c                           0x00000000   Number         0  stm32f1xx_it.o ABSOLUTE
    stream_buffer.c                          0x00000000   Number         0  stream_buffer.o ABSOLUTE
    system_stm32f1xx.c                       0x00000000   Number         0  system_stm32f1xx.o ABSOLUTE
    tasks.c                                  0x00000000   Number         0  tasks.o ABSOLUTE
    timers.c                                 0x00000000   Number         0  timers.o ABSOLUTE
    RESET                                    0x08000000   Section      236  startup_stm32f103xb.o(RESET)
    !!!main                                  0x080000ec   Section        8  __main.o(!!!main)
    !!!scatter                               0x080000f4   Section       92  __scatter.o(!!!scatter)
    !!handler_copy                           0x08000150   Section       26  __scatter_copy.o(!!handler_copy)
    !!handler_null                           0x0800016c   Section        2  __scatter.o(!!handler_null)
    !!handler_zi                             0x08000170   Section       28  __scatter_zi.o(!!handler_zi)
    .ARM.Collect$$libinit$$00000000          0x0800018c   Section        2  libinit.o(.ARM.Collect$$libinit$$00000000)
    .ARM.Collect$$libinit$$00000002          0x0800018e   Section        0  libinit2.o(.ARM.Collect$$libinit$$00000002)
    .ARM.Collect$$libinit$$00000004          0x0800018e   Section        0  libinit2.o(.ARM.Collect$$libinit$$00000004)
    .ARM.Collect$$libinit$$00000006          0x0800018e   Section        0  libinit2.o(.ARM.Collect$$libinit$$00000006)
    .ARM.Collect$$libinit$$0000000C          0x0800018e   Section        0  libinit2.o(.ARM.Collect$$libinit$$0000000C)
    .ARM.Collect$$libinit$$0000000E          0x0800018e   Section        0  libinit2.o(.ARM.Collect$$libinit$$0000000E)
    .ARM.Collect$$libinit$$00000010          0x0800018e   Section        0  libinit2.o(.ARM.Collect$$libinit$$00000010)
    .ARM.Collect$$libinit$$00000013          0x0800018e   Section        0  libinit2.o(.ARM.Collect$$libinit$$00000013)
    .ARM.Collect$$libinit$$00000015          0x0800018e   Section        0  libinit2.o(.ARM.Collect$$libinit$$00000015)
    .ARM.Collect$$libinit$$00000017          0x0800018e   Section        0  libinit2.o(.ARM.Collect$$libinit$$00000017)
    .ARM.Collect$$libinit$$00000019          0x0800018e   Section        0  libinit2.o(.ARM.Collect$$libinit$$00000019)
    .ARM.Collect$$libinit$$0000001B          0x0800018e   Section        0  libinit2.o(.ARM.Collect$$libinit$$0000001B)
    .ARM.Collect$$libinit$$0000001D          0x0800018e   Section        0  libinit2.o(.ARM.Collect$$libinit$$0000001D)
    .ARM.Collect$$libinit$$0000001F          0x0800018e   Section        0  libinit2.o(.ARM.Collect$$libinit$$0000001F)
    .ARM.Collect$$libinit$$00000021          0x0800018e   Section        0  libinit2.o(.ARM.Collect$$libinit$$00000021)
    .ARM.Collect$$libinit$$00000023          0x0800018e   Section        0  libinit2.o(.ARM.Collect$$libinit$$00000023)
    .ARM.Collect$$libinit$$00000025          0x0800018e   Section        0  libinit2.o(.ARM.Collect$$libinit$$00000025)
    .ARM.Collect$$libinit$$00000027          0x0800018e   Section        0  libinit2.o(.ARM.Collect$$libinit$$00000027)
    .ARM.Collect$$libinit$$0000002E          0x0800018e   Section        0  libinit2.o(.ARM.Collect$$libinit$$0000002E)
    .ARM.Collect$$libinit$$00000030          0x0800018e   Section        0  libinit2.o(.ARM.Collect$$libinit$$00000030)
    .ARM.Collect$$libinit$$00000032          0x0800018e   Section        0  libinit2.o(.ARM.Collect$$libinit$$00000032)
    .ARM.Collect$$libinit$$00000034          0x0800018e   Section        0  libinit2.o(.ARM.Collect$$libinit$$00000034)
    .ARM.Collect$$libinit$$00000035          0x0800018e   Section        2  libinit2.o(.ARM.Collect$$libinit$$00000035)
    .ARM.Collect$$libshutdown$$00000000      0x08000190   Section        2  libshutdown.o(.ARM.Collect$$libshutdown$$00000000)
    .ARM.Collect$$libshutdown$$00000002      0x08000192   Section        0  libshutdown2.o(.ARM.Collect$$libshutdown$$00000002)
    .ARM.Collect$$libshutdown$$00000004      0x08000192   Section        0  libshutdown2.o(.ARM.Collect$$libshutdown$$00000004)
    .ARM.Collect$$libshutdown$$00000007      0x08000192   Section        0  libshutdown2.o(.ARM.Collect$$libshutdown$$00000007)
    .ARM.Collect$$libshutdown$$0000000A      0x08000192   Section        0  libshutdown2.o(.ARM.Collect$$libshutdown$$0000000A)
    .ARM.Collect$$libshutdown$$0000000C      0x08000192   Section        0  libshutdown2.o(.ARM.Collect$$libshutdown$$0000000C)
    .ARM.Collect$$libshutdown$$0000000F      0x08000192   Section        0  libshutdown2.o(.ARM.Collect$$libshutdown$$0000000F)
    .ARM.Collect$$libshutdown$$00000010      0x08000192   Section        2  libshutdown2.o(.ARM.Collect$$libshutdown$$00000010)
    .ARM.Collect$$rtentry$$00000000          0x08000194   Section        0  __rtentry.o(.ARM.Collect$$rtentry$$00000000)
    .ARM.Collect$$rtentry$$00000002          0x08000194   Section        0  __rtentry2.o(.ARM.Collect$$rtentry$$00000002)
    .ARM.Collect$$rtentry$$00000004          0x08000194   Section        6  __rtentry4.o(.ARM.Collect$$rtentry$$00000004)
    .ARM.Collect$$rtentry$$00000009          0x0800019a   Section        0  __rtentry2.o(.ARM.Collect$$rtentry$$00000009)
    .ARM.Collect$$rtentry$$0000000A          0x0800019a   Section        4  __rtentry2.o(.ARM.Collect$$rtentry$$0000000A)
    .ARM.Collect$$rtentry$$0000000C          0x0800019e   Section        0  __rtentry2.o(.ARM.Collect$$rtentry$$0000000C)
    .ARM.Collect$$rtentry$$0000000D          0x0800019e   Section        8  __rtentry2.o(.ARM.Collect$$rtentry$$0000000D)
    .ARM.Collect$$rtexit$$00000000           0x080001a6   Section        2  rtexit.o(.ARM.Collect$$rtexit$$00000000)
    .ARM.Collect$$rtexit$$00000002           0x080001a8   Section        0  rtexit2.o(.ARM.Collect$$rtexit$$00000002)
    .ARM.Collect$$rtexit$$00000003           0x080001a8   Section        4  rtexit2.o(.ARM.Collect$$rtexit$$00000003)
    .ARM.Collect$$rtexit$$00000004           0x080001ac   Section        6  rtexit2.o(.ARM.Collect$$rtexit$$00000004)
    .text                                    0x080001b4   Section       64  startup_stm32f103xb.o(.text)
    .text                                    0x080001f4   Section        0  heapauxi.o(.text)
    .text                                    0x080001fa   Section       74  sys_stackheap_outer.o(.text)
    .text                                    0x08000244   Section        0  exit.o(.text)
    .text                                    0x08000258   Section        8  libspace.o(.text)
    .text                                    0x08000260   Section        0  sys_exit.o(.text)
    .text                                    0x0800026c   Section        2  use_no_semi.o(.text)
    .text                                    0x0800026e   Section        0  indicate_semi.o(.text)
    [Anonymous Symbol]                       0x08000270   Section        0  stm32f1xx_it.o(.text.BusFault_Handler)
    [Anonymous Symbol]                       0x08000274   Section        0  stm32f1xx_it.o(.text.DebugMon_Handler)
    [Anonymous Symbol]                       0x08000278   Section        0  stm32f1xx_hal_gpio.o(.text.HAL_GPIO_Init)
    [Anonymous Symbol]                       0x08000488   Section        0  stm32f1xx_hal_gpio.o(.text.HAL_GPIO_TogglePin)
    [Anonymous Symbol]                       0x08000498   Section        0  stm32f1xx_hal_gpio.o(.text.HAL_GPIO_WritePin)
    [Anonymous Symbol]                       0x080004a4   Section        0  stm32f1xx_hal.o(.text.HAL_GetTick)
    [Anonymous Symbol]                       0x080004b0   Section        0  stm32f1xx_hal.o(.text.HAL_IncTick)
    [Anonymous Symbol]                       0x080004cc   Section        0  stm32f1xx_hal.o(.text.HAL_Init)
    [Anonymous Symbol]                       0x080004f4   Section        0  stm32f1xx_hal_timebase_tim.o(.text.HAL_InitTick)
    [Anonymous Symbol]                       0x080005b0   Section        0  stm32f1xx_hal_msp.o(.text.HAL_MspInit)
    [Anonymous Symbol]                       0x08000600   Section        0  stm32f1xx_hal_cortex.o(.text.HAL_NVIC_EnableIRQ)
    [Anonymous Symbol]                       0x08000624   Section        0  stm32f1xx_hal_cortex.o(.text.HAL_NVIC_SetPriority)
    [Anonymous Symbol]                       0x0800067c   Section        0  stm32f1xx_hal_cortex.o(.text.HAL_NVIC_SetPriorityGrouping)
    [Anonymous Symbol]                       0x0800069c   Section        0  stm32f1xx_hal_rcc.o(.text.HAL_RCC_ClockConfig)
    [Anonymous Symbol]                       0x08000860   Section        0  stm32f1xx_hal_rcc.o(.text.HAL_RCC_GetClockConfig)
    [Anonymous Symbol]                       0x080008a4   Section        0  stm32f1xx_hal_rcc.o(.text.HAL_RCC_GetPCLK1Freq)
    [Anonymous Symbol]                       0x080008cc   Section        0  stm32f1xx_hal_rcc.o(.text.HAL_RCC_OscConfig)
    [Anonymous Symbol]                       0x08000ccc   Section        0  stm32f1xx_hal_tim_ex.o(.text.HAL_TIMEx_BreakCallback)
    [Anonymous Symbol]                       0x08000cd0   Section        0  stm32f1xx_hal_tim_ex.o(.text.HAL_TIMEx_CommutCallback)
    [Anonymous Symbol]                       0x08000cd4   Section        0  stm32f1xx_hal_tim.o(.text.HAL_TIM_Base_Init)
    [Anonymous Symbol]                       0x08000dc0   Section        0  stm32f1xx_hal_tim.o(.text.HAL_TIM_Base_MspInit)
    [Anonymous Symbol]                       0x08000dc4   Section        0  stm32f1xx_hal_tim.o(.text.HAL_TIM_Base_Start_IT)
    [Anonymous Symbol]                       0x08000e34   Section        0  stm32f1xx_hal_tim.o(.text.HAL_TIM_IC_CaptureCallback)
    [Anonymous Symbol]                       0x08000e38   Section        0  stm32f1xx_hal_tim.o(.text.HAL_TIM_IRQHandler)
    [Anonymous Symbol]                       0x08000fa8   Section        0  stm32f1xx_hal_tim.o(.text.HAL_TIM_OC_DelayElapsedCallback)
    [Anonymous Symbol]                       0x08000fac   Section        0  stm32f1xx_hal_tim.o(.text.HAL_TIM_PWM_PulseFinishedCallback)
    [Anonymous Symbol]                       0x08000fb0   Section        0  main.o(.text.HAL_TIM_PeriodElapsedCallback)
    [Anonymous Symbol]                       0x08000fc4   Section        0  stm32f1xx_hal_tim.o(.text.HAL_TIM_TriggerCallback)
    [Anonymous Symbol]                       0x08000fc8   Section        0  stm32f1xx_it.o(.text.HardFault_Handler)
    [Anonymous Symbol]                       0x08000fcc   Section        0  freertos.o(.text.MX_FREERTOS_Init)
    [Anonymous Symbol]                       0x0800101c   Section        0  gpio.o(.text.MX_GPIO_Init)
    [Anonymous Symbol]                       0x08001090   Section        0  stm32f1xx_it.o(.text.MemManage_Handler)
    [Anonymous Symbol]                       0x08001094   Section        0  stm32f1xx_it.o(.text.NMI_Handler)
    [Anonymous Symbol]                       0x080010a0   Section        0  port.o(.text.PendSV_Handler)
    pxCurrentTCBConst                        0x080010e0   Number         0  port.o(.text.PendSV_Handler)
    [Anonymous Symbol]                       0x080010f0   Section        0  port.o(.text.SVC_Handler)
    pxCurrentTCBConst2                       0x08001110   Number         0  port.o(.text.SVC_Handler)
    [Anonymous Symbol]                       0x08001114   Section        0  port.o(.text.SysTick_Handler)
    [Anonymous Symbol]                       0x08001144   Section        0  system_stm32f1xx.o(.text.SystemInit)
    [Anonymous Symbol]                       0x08001148   Section        0  stm32f1xx_it.o(.text.TIM4_IRQHandler)
    [Anonymous Symbol]                       0x08001154   Section        0  stm32f1xx_it.o(.text.UsageFault_Handler)
    [Anonymous Symbol]                       0x08001158   Section        0  led_task.o(.text.led_task)
    [Anonymous Symbol]                       0x080011a0   Section        0  main.o(.text.main)
    [Anonymous Symbol]                       0x08001214   Section        0  cmsis_os.o(.text.osKernelStart)
    [Anonymous Symbol]                       0x08001220   Section        0  cmsis_os.o(.text.osThreadCreate)
    prvAddNewTaskToReadyList                 0x0800127d   Thumb Code   252  tasks.o(.text.prvAddNewTaskToReadyList)
    [Anonymous Symbol]                       0x0800127c   Section        0  tasks.o(.text.prvAddNewTaskToReadyList)
    prvIdleTask                              0x08001379   Thumb Code   134  tasks.o(.text.prvIdleTask)
    [Anonymous Symbol]                       0x08001378   Section        0  tasks.o(.text.prvIdleTask)
    prvInitialiseNewTask                     0x08001401   Thumb Code   266  tasks.o(.text.prvInitialiseNewTask)
    [Anonymous Symbol]                       0x08001400   Section        0  tasks.o(.text.prvInitialiseNewTask)
    prvPortStartFirstTask                    0x0800150d   Thumb Code    26  port.o(.text.prvPortStartFirstTask)
    [Anonymous Symbol]                       0x0800150c   Section        0  port.o(.text.prvPortStartFirstTask)
    prvTaskExitError                         0x0800152d   Thumb Code    62  port.o(.text.prvTaskExitError)
    [Anonymous Symbol]                       0x0800152c   Section        0  port.o(.text.prvTaskExitError)
    [Anonymous Symbol]                       0x0800156c   Section        0  heap_4.o(.text.pvPortMalloc)
    [Anonymous Symbol]                       0x08001758   Section        0  port.o(.text.pxPortInitialiseStack)
    [Anonymous Symbol]                       0x08001778   Section        0  startup_main.o(.text.startup_main)
    [Anonymous Symbol]                       0x0800177c   Section        0  list.o(.text.uxListRemove)
    [Anonymous Symbol]                       0x080017a0   Section        0  freertos.o(.text.vApplicationGetIdleTaskMemory)
    [Anonymous Symbol]                       0x080017bc   Section        0  list.o(.text.vListInitialise)
    [Anonymous Symbol]                       0x080017d4   Section        0  list.o(.text.vListInitialiseItem)
    [Anonymous Symbol]                       0x080017dc   Section        0  list.o(.text.vListInsert)
    [Anonymous Symbol]                       0x08001840   Section        0  list.o(.text.vListInsertEnd)
    [Anonymous Symbol]                       0x0800185c   Section        0  port.o(.text.vPortEnterCritical)
    [Anonymous Symbol]                       0x080018a4   Section        0  port.o(.text.vPortExitCritical)
    [Anonymous Symbol]                       0x080018d4   Section        0  heap_4.o(.text.vPortFree)
    [Anonymous Symbol]                       0x080019a0   Section        0  port.o(.text.vPortSetupTimerInterrupt)
    [Anonymous Symbol]                       0x080019d4   Section        0  tasks.o(.text.vTaskDelay)
    [Anonymous Symbol]                       0x08001a74   Section        0  tasks.o(.text.vTaskStartScheduler)
    [Anonymous Symbol]                       0x08001b3c   Section        0  tasks.o(.text.vTaskSuspendAll)
    [Anonymous Symbol]                       0x08001b4c   Section        0  tasks.o(.text.vTaskSwitchContext)
    [Anonymous Symbol]                       0x08001bbc   Section        0  heap_4.o(.text.xPortGetFreeHeapSize)
    [Anonymous Symbol]                       0x08001bc8   Section        0  port.o(.text.xPortStartScheduler)
    [Anonymous Symbol]                       0x08001cf8   Section        0  tasks.o(.text.xTaskCreate)
    [Anonymous Symbol]                       0x08001d58   Section        0  tasks.o(.text.xTaskCreateStatic)
    [Anonymous Symbol]                       0x08001dcc   Section        0  tasks.o(.text.xTaskIncrementTick)
    [Anonymous Symbol]                       0x08001ed4   Section        0  tasks.o(.text.xTaskResumeAll)
    HAL_RCC_GetSysClockFreq.aPredivFactorTable 0x08001fd6   Data           2  stm32f1xx_hal_rcc.o(.rodata.HAL_RCC_GetSysClockFreq.aPredivFactorTable)
    [Anonymous Symbol]                       0x08001fd6   Section        0  stm32f1xx_hal_rcc.o(.rodata.HAL_RCC_GetSysClockFreq.aPredivFactorTable)
    HAL_RCC_GetSysClockFreq.aPLLMULFactorTable 0x08001fd8   Data          16  stm32f1xx_hal_rcc.o(.rodata.cst16)
    [Anonymous Symbol]                       0x08001fd8   Section        0  stm32f1xx_hal_rcc.o(.rodata.cst16)
    [Anonymous Symbol]                       0x08001fe8   Section        0  freertos.o(.rodata.str1.1)
    .L_MergedGlobals                         0x20000000   Data           8  stm32f1xx_hal.o(.data..L_MergedGlobals)
    [Anonymous Symbol]                       0x20000000   Section        0  stm32f1xx_hal.o(.data..L_MergedGlobals)
    uxCriticalNesting                        0x2000000c   Data           4  port.o(.data.uxCriticalNesting)
    [Anonymous Symbol]                       0x2000000c   Section        0  port.o(.data.uxCriticalNesting)
    .bss                                     0x20000010   Section       96  libspace.o(.bss)
    .L_MergedGlobals                         0x20000070   Data         120  tasks.o(.bss..L_MergedGlobals)
    [Anonymous Symbol]                       0x20000070   Section        0  tasks.o(.bss..L_MergedGlobals)
    uxTopReadyPriority                       0x20000074   Data           4  tasks.o(.bss..L_MergedGlobals)
    uxTaskNumber                             0x20000078   Data           4  tasks.o(.bss..L_MergedGlobals)
    uxDeletedTasksWaitingCleanUp             0x2000007c   Data           4  tasks.o(.bss..L_MergedGlobals)
    uxCurrentNumberOfTasks                   0x20000080   Data           4  tasks.o(.bss..L_MergedGlobals)
    xSchedulerRunning                        0x20000084   Data           4  tasks.o(.bss..L_MergedGlobals)
    uxSchedulerSuspended                     0x20000088   Data           4  tasks.o(.bss..L_MergedGlobals)
    xTickCount                               0x2000008c   Data           4  tasks.o(.bss..L_MergedGlobals)
    xIdleTaskHandle                          0x20000090   Data           4  tasks.o(.bss..L_MergedGlobals)
    xNextTaskUnblockTime                     0x20000094   Data           4  tasks.o(.bss..L_MergedGlobals)
    xYieldPending                            0x20000098   Data           4  tasks.o(.bss..L_MergedGlobals)
    uxPendedTicks                            0x2000009c   Data           4  tasks.o(.bss..L_MergedGlobals)
    pxDelayedTaskList                        0x200000a0   Data           4  tasks.o(.bss..L_MergedGlobals)
    pxOverflowDelayedTaskList                0x200000a4   Data           4  tasks.o(.bss..L_MergedGlobals)
    xNumOfOverflows                          0x200000a8   Data           4  tasks.o(.bss..L_MergedGlobals)
    xTasksWaitingTermination                 0x200000ac   Data          20  tasks.o(.bss..L_MergedGlobals)
    xSuspendedTaskList                       0x200000c0   Data          20  tasks.o(.bss..L_MergedGlobals)
    xPendingReadyList                        0x200000d4   Data          20  tasks.o(.bss..L_MergedGlobals)
    .L_MergedGlobals                         0x200000e8   Data          24  heap_4.o(.bss..L_MergedGlobals)
    xBlockAllocatedBit                       0x200000e8   Data           1  heap_4.o(.bss..L_MergedGlobals)
    [Anonymous Symbol]                       0x200000e8   Section        0  heap_4.o(.bss..L_MergedGlobals)
    pxEnd                                    0x200000ec   Data           4  heap_4.o(.bss..L_MergedGlobals)
    xFreeBytesRemaining                      0x200000f0   Data           4  heap_4.o(.bss..L_MergedGlobals)
    xMinimumEverFreeBytesRemaining           0x200000f4   Data           4  heap_4.o(.bss..L_MergedGlobals)
    xStart                                   0x200000f8   Data           8  heap_4.o(.bss..L_MergedGlobals)
    .L_MergedGlobals                         0x20000100   Data           8  port.o(.bss..L_MergedGlobals)
    ucMaxSysCallPriority                     0x20000100   Data           1  port.o(.bss..L_MergedGlobals)
    [Anonymous Symbol]                       0x20000100   Section        0  port.o(.bss..L_MergedGlobals)
    ulMaxPRIGROUPValue                       0x20000104   Data           4  port.o(.bss..L_MergedGlobals)
    .L_MergedGlobals                         0x20000108   Data          12  led_task.o(.bss..L_MergedGlobals)
    [Anonymous Symbol]                       0x20000108   Section        0  led_task.o(.bss..L_MergedGlobals)
    .L_MergedGlobals.2                       0x20000114   Data          40  tasks.o(.bss..L_MergedGlobals.2)
    xDelayedTaskList1                        0x20000114   Data          20  tasks.o(.bss..L_MergedGlobals.2)
    [Anonymous Symbol]                       0x20000114   Section        0  tasks.o(.bss..L_MergedGlobals.2)
    xDelayedTaskList2                        0x20000128   Data          20  tasks.o(.bss..L_MergedGlobals.2)
    pxReadyTasksLists                        0x20000188   Data         140  tasks.o(.bss.pxReadyTasksLists)
    [Anonymous Symbol]                       0x20000188   Section        0  tasks.o(.bss.pxReadyTasksLists)
    ucHeap                                   0x20000214   Data        3072  heap_4.o(.bss.ucHeap)
    [Anonymous Symbol]                       0x20000214   Section        0  heap_4.o(.bss.ucHeap)
    xIdleStack                               0x20000e18   Data         512  freertos.o(.bss.xIdleStack)
    [Anonymous Symbol]                       0x20000e18   Section        0  freertos.o(.bss.xIdleStack)
    xIdleTaskTCBBuffer                       0x20001018   Data          84  freertos.o(.bss.xIdleTaskTCBBuffer)
    [Anonymous Symbol]                       0x20001018   Section        0  freertos.o(.bss.xIdleTaskTCBBuffer)
    Heap_Mem                                 0x20001070   Data         512  startup_stm32f103xb.o(HEAP)
    HEAP                                     0x20001070   Section      512  startup_stm32f103xb.o(HEAP)
    Stack_Mem                                0x20001270   Data        1024  startup_stm32f103xb.o(STACK)
    STACK                                    0x20001270   Section     1024  startup_stm32f103xb.o(STACK)
    __initial_sp                             0x20001670   Data           0  startup_stm32f103xb.o(STACK)

    Global Symbols

    Symbol Name                              Value     Ov Type        Size  Object(Section)

    BuildAttributes$$THM_ISAv4$P$D$K$B$S$PE$A:L22UL41UL21$X:L11$S22US41US21$IEEE1$IW$~IW$USESV6$~STKCKD$USESV7$~SHL$OTIME$ROPI$EBA8$UX$STANDARDLIB$REQ8$PRES8$EABIv2 0x00000000   Number         0  anon$$obj.o ABSOLUTE
    __fp_init_empty                          0x00000000   Number         0  fpinit_empty.o ABSOLUTE
    __ARM_exceptions_init                     - Undefined Weak Reference
    __alloca_initialize                       - Undefined Weak Reference
    __arm_preinit_                            - Undefined Weak Reference
    __arm_relocate_pie_                       - Undefined Weak Reference
    __cpp_initialize__aeabi_                  - Undefined Weak Reference
    __cxa_finalize                            - Undefined Weak Reference
    __rt_locale                               - Undefined Weak Reference
    __sigvec_lookup                           - Undefined Weak Reference
    _atexit_init                              - Undefined Weak Reference
    _call_atexit_fns                          - Undefined Weak Reference
    _clock_init                               - Undefined Weak Reference
    _fp_trap_init                             - Undefined Weak Reference
    _fp_trap_shutdown                         - Undefined Weak Reference
    _get_lc_collate                           - Undefined Weak Reference
    _get_lc_ctype                             - Undefined Weak Reference
    _get_lc_monetary                          - Undefined Weak Reference
    _get_lc_numeric                           - Undefined Weak Reference
    _get_lc_time                              - Undefined Weak Reference
    _getenv_init                              - Undefined Weak Reference
    _handle_redirection                       - Undefined Weak Reference
    _init_alloc                               - Undefined Weak Reference
    _init_user_alloc                          - Undefined Weak Reference
    _initio                                   - Undefined Weak Reference
    _rand_init                                - Undefined Weak Reference
    _signal_finish                            - Undefined Weak Reference
    _signal_init                              - Undefined Weak Reference
    _terminate_alloc                          - Undefined Weak Reference
    _terminate_user_alloc                     - Undefined Weak Reference
    _terminateio                              - Undefined Weak Reference
    __Vectors_Size                           0x000000ec   Number         0  startup_stm32f103xb.o ABSOLUTE
    __Vectors                                0x08000000   Data           4  startup_stm32f103xb.o(RESET)
    __Vectors_End                            0x080000ec   Data           0  startup_stm32f103xb.o(RESET)
    __main                                   0x080000ed   Thumb Code     8  __main.o(!!!main)
    __scatterload                            0x080000f5   Thumb Code     0  __scatter.o(!!!scatter)
    __scatterload_rt2                        0x080000f5   Thumb Code    84  __scatter.o(!!!scatter)
    __scatterload_rt2_thumb_only             0x080000f5   Thumb Code     0  __scatter.o(!!!scatter)
    __scatterload_loop                       0x080000ff   Thumb Code     0  __scatter.o(!!!scatter)
    __scatterload_copy                       0x08000151   Thumb Code    26  __scatter_copy.o(!!handler_copy)
    __scatterload_null                       0x0800016d   Thumb Code     2  __scatter.o(!!handler_null)
    __scatterload_zeroinit                   0x08000171   Thumb Code    28  __scatter_zi.o(!!handler_zi)
    __rt_lib_init                            0x0800018d   Thumb Code     0  libinit.o(.ARM.Collect$$libinit$$00000000)
    __rt_lib_init_alloca_1                   0x0800018f   Thumb Code     0  libinit2.o(.ARM.Collect$$libinit$$00000030)
    __rt_lib_init_argv_1                     0x0800018f   Thumb Code     0  libinit2.o(.ARM.Collect$$libinit$$0000002E)
    __rt_lib_init_atexit_1                   0x0800018f   Thumb Code     0  libinit2.o(.ARM.Collect$$libinit$$0000001D)
    __rt_lib_init_clock_1                    0x0800018f   Thumb Code     0  libinit2.o(.ARM.Collect$$libinit$$00000023)
    __rt_lib_init_cpp_1                      0x0800018f   Thumb Code     0  libinit2.o(.ARM.Collect$$libinit$$00000034)
    __rt_lib_init_exceptions_1               0x0800018f   Thumb Code     0  libinit2.o(.ARM.Collect$$libinit$$00000032)
    __rt_lib_init_fp_1                       0x0800018f   Thumb Code     0  libinit2.o(.ARM.Collect$$libinit$$00000002)
    __rt_lib_init_fp_trap_1                  0x0800018f   Thumb Code     0  libinit2.o(.ARM.Collect$$libinit$$00000021)
    __rt_lib_init_getenv_1                   0x0800018f   Thumb Code     0  libinit2.o(.ARM.Collect$$libinit$$00000025)
    __rt_lib_init_heap_1                     0x0800018f   Thumb Code     0  libinit2.o(.ARM.Collect$$libinit$$0000000C)
    __rt_lib_init_lc_collate_1               0x0800018f   Thumb Code     0  libinit2.o(.ARM.Collect$$libinit$$00000013)
    __rt_lib_init_lc_ctype_1                 0x0800018f   Thumb Code     0  libinit2.o(.ARM.Collect$$libinit$$00000015)
    __rt_lib_init_lc_monetary_1              0x0800018f   Thumb Code     0  libinit2.o(.ARM.Collect$$libinit$$00000017)
    __rt_lib_init_lc_numeric_1               0x0800018f   Thumb Code     0  libinit2.o(.ARM.Collect$$libinit$$00000019)
    __rt_lib_init_lc_time_1                  0x0800018f   Thumb Code     0  libinit2.o(.ARM.Collect$$libinit$$0000001B)
    __rt_lib_init_preinit_1                  0x0800018f   Thumb Code     0  libinit2.o(.ARM.Collect$$libinit$$00000006)
    __rt_lib_init_rand_1                     0x0800018f   Thumb Code     0  libinit2.o(.ARM.Collect$$libinit$$00000010)
    __rt_lib_init_relocate_pie_1             0x0800018f   Thumb Code     0  libinit2.o(.ARM.Collect$$libinit$$00000004)
    __rt_lib_init_return                     0x0800018f   Thumb Code     0  libinit2.o(.ARM.Collect$$libinit$$00000035)
    __rt_lib_init_signal_1                   0x0800018f   Thumb Code     0  libinit2.o(.ARM.Collect$$libinit$$0000001F)
    __rt_lib_init_stdio_1                    0x0800018f   Thumb Code     0  libinit2.o(.ARM.Collect$$libinit$$00000027)
    __rt_lib_init_user_alloc_1               0x0800018f   Thumb Code     0  libinit2.o(.ARM.Collect$$libinit$$0000000E)
    __rt_lib_shutdown                        0x08000191   Thumb Code     0  libshutdown.o(.ARM.Collect$$libshutdown$$00000000)
    __rt_lib_shutdown_cpp_1                  0x08000193   Thumb Code     0  libshutdown2.o(.ARM.Collect$$libshutdown$$00000002)
    __rt_lib_shutdown_fp_trap_1              0x08000193   Thumb Code     0  libshutdown2.o(.ARM.Collect$$libshutdown$$00000007)
    __rt_lib_shutdown_heap_1                 0x08000193   Thumb Code     0  libshutdown2.o(.ARM.Collect$$libshutdown$$0000000F)
    __rt_lib_shutdown_return                 0x08000193   Thumb Code     0  libshutdown2.o(.ARM.Collect$$libshutdown$$00000010)
    __rt_lib_shutdown_signal_1               0x08000193   Thumb Code     0  libshutdown2.o(.ARM.Collect$$libshutdown$$0000000A)
    __rt_lib_shutdown_stdio_1                0x08000193   Thumb Code     0  libshutdown2.o(.ARM.Collect$$libshutdown$$00000004)
    __rt_lib_shutdown_user_alloc_1           0x08000193   Thumb Code     0  libshutdown2.o(.ARM.Collect$$libshutdown$$0000000C)
    __rt_entry                               0x08000195   Thumb Code     0  __rtentry.o(.ARM.Collect$$rtentry$$00000000)
    __rt_entry_presh_1                       0x08000195   Thumb Code     0  __rtentry2.o(.ARM.Collect$$rtentry$$00000002)
    __rt_entry_sh                            0x08000195   Thumb Code     0  __rtentry4.o(.ARM.Collect$$rtentry$$00000004)
    __rt_entry_li                            0x0800019b   Thumb Code     0  __rtentry2.o(.ARM.Collect$$rtentry$$0000000A)
    __rt_entry_postsh_1                      0x0800019b   Thumb Code     0  __rtentry2.o(.ARM.Collect$$rtentry$$00000009)
    __rt_entry_main                          0x0800019f   Thumb Code     0  __rtentry2.o(.ARM.Collect$$rtentry$$0000000D)
    __rt_entry_postli_1                      0x0800019f   Thumb Code     0  __rtentry2.o(.ARM.Collect$$rtentry$$0000000C)
    __rt_exit                                0x080001a7   Thumb Code     0  rtexit.o(.ARM.Collect$$rtexit$$00000000)
    __rt_exit_ls                             0x080001a9   Thumb Code     0  rtexit2.o(.ARM.Collect$$rtexit$$00000003)
    __rt_exit_prels_1                        0x080001a9   Thumb Code     0  rtexit2.o(.ARM.Collect$$rtexit$$00000002)
    __rt_exit_exit                           0x080001ad   Thumb Code     0  rtexit2.o(.ARM.Collect$$rtexit$$00000004)
    Reset_Handler                            0x080001b5   Thumb Code     8  startup_stm32f103xb.o(.text)
    ADC1_2_IRQHandler                        0x080001cf   Thumb Code     0  startup_stm32f103xb.o(.text)
    CAN1_RX1_IRQHandler                      0x080001cf   Thumb Code     0  startup_stm32f103xb.o(.text)
    CAN1_SCE_IRQHandler                      0x080001cf   Thumb Code     0  startup_stm32f103xb.o(.text)
    DMA1_Channel1_IRQHandler                 0x080001cf   Thumb Code     0  startup_stm32f103xb.o(.text)
    DMA1_Channel2_IRQHandler                 0x080001cf   Thumb Code     0  startup_stm32f103xb.o(.text)
    DMA1_Channel3_IRQHandler                 0x080001cf   Thumb Code     0  startup_stm32f103xb.o(.text)
    DMA1_Channel4_IRQHandler                 0x080001cf   Thumb Code     0  startup_stm32f103xb.o(.text)
    DMA1_Channel5_IRQHandler                 0x080001cf   Thumb Code     0  startup_stm32f103xb.o(.text)
    DMA1_Channel6_IRQHandler                 0x080001cf   Thumb Code     0  startup_stm32f103xb.o(.text)
    DMA1_Channel7_IRQHandler                 0x080001cf   Thumb Code     0  startup_stm32f103xb.o(.text)
    EXTI0_IRQHandler                         0x080001cf   Thumb Code     0  startup_stm32f103xb.o(.text)
    EXTI15_10_IRQHandler                     0x080001cf   Thumb Code     0  startup_stm32f103xb.o(.text)
    EXTI1_IRQHandler                         0x080001cf   Thumb Code     0  startup_stm32f103xb.o(.text)
    EXTI2_IRQHandler                         0x080001cf   Thumb Code     0  startup_stm32f103xb.o(.text)
    EXTI3_IRQHandler                         0x080001cf   Thumb Code     0  startup_stm32f103xb.o(.text)
    EXTI4_IRQHandler                         0x080001cf   Thumb Code     0  startup_stm32f103xb.o(.text)
    EXTI9_5_IRQHandler                       0x080001cf   Thumb Code     0  startup_stm32f103xb.o(.text)
    FLASH_IRQHandler                         0x080001cf   Thumb Code     0  startup_stm32f103xb.o(.text)
    I2C1_ER_IRQHandler                       0x080001cf   Thumb Code     0  startup_stm32f103xb.o(.text)
    I2C1_EV_IRQHandler                       0x080001cf   Thumb Code     0  startup_stm32f103xb.o(.text)
    I2C2_ER_IRQHandler                       0x080001cf   Thumb Code     0  startup_stm32f103xb.o(.text)
    I2C2_EV_IRQHandler                       0x080001cf   Thumb Code     0  startup_stm32f103xb.o(.text)
    PVD_IRQHandler                           0x080001cf   Thumb Code     0  startup_stm32f103xb.o(.text)
    RCC_IRQHandler                           0x080001cf   Thumb Code     0  startup_stm32f103xb.o(.text)
    RTC_Alarm_IRQHandler                     0x080001cf   Thumb Code     0  startup_stm32f103xb.o(.text)
    RTC_IRQHandler                           0x080001cf   Thumb Code     0  startup_stm32f103xb.o(.text)
    SPI1_IRQHandler                          0x080001cf   Thumb Code     0  startup_stm32f103xb.o(.text)
    SPI2_IRQHandler                          0x080001cf   Thumb Code     0  startup_stm32f103xb.o(.text)
    TAMPER_IRQHandler                        0x080001cf   Thumb Code     0  startup_stm32f103xb.o(.text)
    TIM1_BRK_IRQHandler                      0x080001cf   Thumb Code     0  startup_stm32f103xb.o(.text)
    TIM1_CC_IRQHandler                       0x080001cf   Thumb Code     0  startup_stm32f103xb.o(.text)
    TIM1_TRG_COM_IRQHandler                  0x080001cf   Thumb Code     0  startup_stm32f103xb.o(.text)
    TIM1_UP_IRQHandler                       0x080001cf   Thumb Code     0  startup_stm32f103xb.o(.text)
    TIM2_IRQHandler                          0x080001cf   Thumb Code     0  startup_stm32f103xb.o(.text)
    TIM3_IRQHandler                          0x080001cf   Thumb Code     0  startup_stm32f103xb.o(.text)
    USART1_IRQHandler                        0x080001cf   Thumb Code     0  startup_stm32f103xb.o(.text)
    USART2_IRQHandler                        0x080001cf   Thumb Code     0  startup_stm32f103xb.o(.text)
    USART3_IRQHandler                        0x080001cf   Thumb Code     0  startup_stm32f103xb.o(.text)
    USBWakeUp_IRQHandler                     0x080001cf   Thumb Code     0  startup_stm32f103xb.o(.text)
    USB_HP_CAN1_TX_IRQHandler                0x080001cf   Thumb Code     0  startup_stm32f103xb.o(.text)
    USB_LP_CAN1_RX0_IRQHandler               0x080001cf   Thumb Code     0  startup_stm32f103xb.o(.text)
    WWDG_IRQHandler                          0x080001cf   Thumb Code     0  startup_stm32f103xb.o(.text)
    __user_initial_stackheap                 0x080001d1   Thumb Code     0  startup_stm32f103xb.o(.text)
    __use_two_region_memory                  0x080001f5   Thumb Code     2  heapauxi.o(.text)
    __rt_heap_escrow$2region                 0x080001f7   Thumb Code     2  heapauxi.o(.text)
    __rt_heap_expand$2region                 0x080001f9   Thumb Code     2  heapauxi.o(.text)
    __user_setup_stackheap                   0x080001fb   Thumb Code    74  sys_stackheap_outer.o(.text)
    exit                                     0x08000245   Thumb Code    18  exit.o(.text)
    __user_libspace                          0x08000259   Thumb Code     8  libspace.o(.text)
    __user_perproc_libspace                  0x08000259   Thumb Code     0  libspace.o(.text)
    __user_perthread_libspace                0x08000259   Thumb Code     0  libspace.o(.text)
    _sys_exit                                0x08000261   Thumb Code     8  sys_exit.o(.text)
    __I$use$semihosting                      0x0800026d   Thumb Code     0  use_no_semi.o(.text)
    __use_no_semihosting_swi                 0x0800026d   Thumb Code     2  use_no_semi.o(.text)
    __semihosting_library_function           0x0800026f   Thumb Code     0  indicate_semi.o(.text)
    BusFault_Handler                         0x08000271   Thumb Code     2  stm32f1xx_it.o(.text.BusFault_Handler)
    DebugMon_Handler                         0x08000275   Thumb Code     2  stm32f1xx_it.o(.text.DebugMon_Handler)
    HAL_GPIO_Init                            0x08000279   Thumb Code   526  stm32f1xx_hal_gpio.o(.text.HAL_GPIO_Init)
    HAL_GPIO_TogglePin                       0x08000489   Thumb Code    16  stm32f1xx_hal_gpio.o(.text.HAL_GPIO_TogglePin)
    HAL_GPIO_WritePin                        0x08000499   Thumb Code    10  stm32f1xx_hal_gpio.o(.text.HAL_GPIO_WritePin)
    HAL_GetTick                              0x080004a5   Thumb Code    12  stm32f1xx_hal.o(.text.HAL_GetTick)
    HAL_IncTick                              0x080004b1   Thumb Code    26  stm32f1xx_hal.o(.text.HAL_IncTick)
    HAL_Init                                 0x080004cd   Thumb Code    38  stm32f1xx_hal.o(.text.HAL_Init)
    HAL_InitTick                             0x080004f5   Thumb Code   188  stm32f1xx_hal_timebase_tim.o(.text.HAL_InitTick)
    HAL_MspInit                              0x080005b1   Thumb Code    80  stm32f1xx_hal_msp.o(.text.HAL_MspInit)
    HAL_NVIC_EnableIRQ                       0x08000601   Thumb Code    34  stm32f1xx_hal_cortex.o(.text.HAL_NVIC_EnableIRQ)
    HAL_NVIC_SetPriority                     0x08000625   Thumb Code    86  stm32f1xx_hal_cortex.o(.text.HAL_NVIC_SetPriority)
    HAL_NVIC_SetPriorityGrouping             0x0800067d   Thumb Code    32  stm32f1xx_hal_cortex.o(.text.HAL_NVIC_SetPriorityGrouping)
    HAL_RCC_ClockConfig                      0x0800069d   Thumb Code   450  stm32f1xx_hal_rcc.o(.text.HAL_RCC_ClockConfig)
    HAL_RCC_GetClockConfig                   0x08000861   Thumb Code    66  stm32f1xx_hal_rcc.o(.text.HAL_RCC_GetClockConfig)
    HAL_RCC_GetPCLK1Freq                     0x080008a5   Thumb Code    38  stm32f1xx_hal_rcc.o(.text.HAL_RCC_GetPCLK1Freq)
    HAL_RCC_OscConfig                        0x080008cd   Thumb Code  1024  stm32f1xx_hal_rcc.o(.text.HAL_RCC_OscConfig)
    HAL_TIMEx_BreakCallback                  0x08000ccd   Thumb Code     2  stm32f1xx_hal_tim_ex.o(.text.HAL_TIMEx_BreakCallback)
    HAL_TIMEx_CommutCallback                 0x08000cd1   Thumb Code     2  stm32f1xx_hal_tim_ex.o(.text.HAL_TIMEx_CommutCallback)
    HAL_TIM_Base_Init                        0x08000cd5   Thumb Code   236  stm32f1xx_hal_tim.o(.text.HAL_TIM_Base_Init)
    HAL_TIM_Base_MspInit                     0x08000dc1   Thumb Code     2  stm32f1xx_hal_tim.o(.text.HAL_TIM_Base_MspInit)
    HAL_TIM_Base_Start_IT                    0x08000dc5   Thumb Code   110  stm32f1xx_hal_tim.o(.text.HAL_TIM_Base_Start_IT)
    HAL_TIM_IC_CaptureCallback               0x08000e35   Thumb Code     2  stm32f1xx_hal_tim.o(.text.HAL_TIM_IC_CaptureCallback)
    HAL_TIM_IRQHandler                       0x08000e39   Thumb Code   368  stm32f1xx_hal_tim.o(.text.HAL_TIM_IRQHandler)
    HAL_TIM_OC_DelayElapsedCallback          0x08000fa9   Thumb Code     2  stm32f1xx_hal_tim.o(.text.HAL_TIM_OC_DelayElapsedCallback)
    HAL_TIM_PWM_PulseFinishedCallback        0x08000fad   Thumb Code     2  stm32f1xx_hal_tim.o(.text.HAL_TIM_PWM_PulseFinishedCallback)
    HAL_TIM_PeriodElapsedCallback            0x08000fb1   Thumb Code    20  main.o(.text.HAL_TIM_PeriodElapsedCallback)
    HAL_TIM_TriggerCallback                  0x08000fc5   Thumb Code     2  stm32f1xx_hal_tim.o(.text.HAL_TIM_TriggerCallback)
    HardFault_Handler                        0x08000fc9   Thumb Code     2  stm32f1xx_it.o(.text.HardFault_Handler)
    MX_FREERTOS_Init                         0x08000fcd   Thumb Code    52  freertos.o(.text.MX_FREERTOS_Init)
    MX_GPIO_Init                             0x0800101d   Thumb Code   116  gpio.o(.text.MX_GPIO_Init)
    MemManage_Handler                        0x08001091   Thumb Code     2  stm32f1xx_it.o(.text.MemManage_Handler)
    NMI_Handler                              0x08001095   Thumb Code     2  stm32f1xx_it.o(.text.NMI_Handler)
    PendSV_Handler                           0x080010a1   Thumb Code    68  port.o(.text.PendSV_Handler)
    SVC_Handler                              0x080010f1   Thumb Code    36  port.o(.text.SVC_Handler)
    SysTick_Handler                          0x08001115   Thumb Code    46  port.o(.text.SysTick_Handler)
    SystemInit                               0x08001145   Thumb Code     2  system_stm32f1xx.o(.text.SystemInit)
    TIM4_IRQHandler                          0x08001149   Thumb Code    12  stm32f1xx_it.o(.text.TIM4_IRQHandler)
    UsageFault_Handler                       0x08001155   Thumb Code     2  stm32f1xx_it.o(.text.UsageFault_Handler)
    led_task                                 0x08001159   Thumb Code    72  led_task.o(.text.led_task)
    main                                     0x080011a1   Thumb Code   114  main.o(.text.main)
    osKernelStart                            0x08001215   Thumb Code    10  cmsis_os.o(.text.osKernelStart)
    osThreadCreate                           0x08001221   Thumb Code    92  cmsis_os.o(.text.osThreadCreate)
    pvPortMalloc                             0x0800156d   Thumb Code   492  heap_4.o(.text.pvPortMalloc)
    pxPortInitialiseStack                    0x08001759   Thumb Code    32  port.o(.text.pxPortInitialiseStack)
    startup_main                             0x08001779   Thumb Code     2  startup_main.o(.text.startup_main)
    uxListRemove                             0x0800177d   Thumb Code    36  list.o(.text.uxListRemove)
    vApplicationGetIdleTaskMemory            0x080017a1   Thumb Code    26  freertos.o(.text.vApplicationGetIdleTaskMemory)
    vListInitialise                          0x080017bd   Thumb Code    22  list.o(.text.vListInitialise)
    vListInitialiseItem                      0x080017d5   Thumb Code     6  list.o(.text.vListInitialiseItem)
    vListInsert                              0x080017dd   Thumb Code    98  list.o(.text.vListInsert)
    vListInsertEnd                           0x08001841   Thumb Code    28  list.o(.text.vListInsertEnd)
    vPortEnterCritical                       0x0800185d   Thumb Code    70  port.o(.text.vPortEnterCritical)
    vPortExitCritical                        0x080018a5   Thumb Code    46  port.o(.text.vPortExitCritical)
    vPortFree                                0x080018d5   Thumb Code   204  heap_4.o(.text.vPortFree)
    vPortSetupTimerInterrupt                 0x080019a1   Thumb Code    52  port.o(.text.vPortSetupTimerInterrupt)
    vTaskDelay                               0x080019d5   Thumb Code   158  tasks.o(.text.vTaskDelay)
    vTaskStartScheduler                      0x08001a75   Thumb Code   192  tasks.o(.text.vTaskStartScheduler)
    vTaskSuspendAll                          0x08001b3d   Thumb Code    16  tasks.o(.text.vTaskSuspendAll)
    vTaskSwitchContext                       0x08001b4d   Thumb Code   110  tasks.o(.text.vTaskSwitchContext)
    xPortGetFreeHeapSize                     0x08001bbd   Thumb Code    12  heap_4.o(.text.xPortGetFreeHeapSize)
    xPortStartScheduler                      0x08001bc9   Thumb Code   304  port.o(.text.xPortStartScheduler)
    xTaskCreate                              0x08001cf9   Thumb Code    96  tasks.o(.text.xTaskCreate)
    xTaskCreateStatic                        0x08001d59   Thumb Code   114  tasks.o(.text.xTaskCreateStatic)
    xTaskIncrementTick                       0x08001dcd   Thumb Code   262  tasks.o(.text.xTaskIncrementTick)
    xTaskResumeAll                           0x08001ed5   Thumb Code   234  tasks.o(.text.xTaskResumeAll)
    AHBPrescTable                            0x08001fbe   Data          16  system_stm32f1xx.o(.rodata.AHBPrescTable)
    APBPrescTable                            0x08001fce   Data           8  system_stm32f1xx.o(.rodata.APBPrescTable)
    Region$$Table$$Base                      0x08001ff4   Number         0  anon$$obj.o(Region$$Table)
    Region$$Table$$Limit                     0x08002014   Number         0  anon$$obj.o(Region$$Table)
    uwTickFreq                               0x20000000   Data           1  stm32f1xx_hal.o(.data..L_MergedGlobals)
    uwTickPrio                               0x20000004   Data           4  stm32f1xx_hal.o(.data..L_MergedGlobals)
    SystemCoreClock                          0x20000008   Data           4  system_stm32f1xx.o(.data.SystemCoreClock)
    __libspace_start                         0x20000010   Data          96  libspace.o(.bss)
    __temporary_stack_top$libspace           0x20000070   Data           0  libspace.o(.bss)
    pxCurrentTCB                             0x20000070   Data           4  tasks.o(.bss..L_MergedGlobals)
    pre_heapsize                             0x20000108   Data           4  led_task.o(.bss..L_MergedGlobals)
    heapsize                                 0x2000010c   Data           4  led_task.o(.bss..L_MergedGlobals)
    after_heapsize                           0x20000110   Data           4  led_task.o(.bss..L_MergedGlobals)
    LED_TASKHandle                           0x2000013c   Data           4  freertos.o(.bss.LED_TASKHandle)
    htim4                                    0x20000140   Data          72  stm32f1xx_hal_timebase_tim.o(.bss.htim4)
    uwTick                                   0x20000e14   Data           4  stm32f1xx_hal.o(.bss.uwTick)



==============================================================================

Memory Map of the image

  Image Entry point : 0x080000ed

  Load Region LR_IROM1 (Base: 0x08000000, Size: 0x00002028, Max: 0x00010000, ABSOLUTE)

    Execution Region ER_IROM1 (Exec base: 0x08000000, Load base: 0x08000000, Size: 0x00002014, Max: 0x00010000, ABSOLUTE)

    Exec Addr    Load Addr    Size         Type   Attr      Idx    E Section Name        Object

    0x08000000   0x08000000   0x000000ec   Data   RO            3    RESET               startup_stm32f103xb.o
    0x080000ec   0x080000ec   0x00000008   Code   RO         1248  * !!!main             c_w.l(__main.o)
    0x080000f4   0x080000f4   0x0000005c   Code   RO         1419    !!!scatter          c_w.l(__scatter.o)
    0x08000150   0x08000150   0x0000001a   Code   RO         1423    !!handler_copy      c_w.l(__scatter_copy.o)
    0x0800016a   0x0800016a   0x00000002   PAD
    0x0800016c   0x0800016c   0x00000002   Code   RO         1420    !!handler_null      c_w.l(__scatter.o)
    0x0800016e   0x0800016e   0x00000002   PAD
    0x08000170   0x08000170   0x0000001c   Code   RO         1425    !!handler_zi        c_w.l(__scatter_zi.o)
    0x0800018c   0x0800018c   0x00000002   Code   RO         1281    .ARM.Collect$$libinit$$00000000  c_w.l(libinit.o)
    0x0800018e   0x0800018e   0x00000000   Code   RO         1288    .ARM.Collect$$libinit$$00000002  c_w.l(libinit2.o)
    0x0800018e   0x0800018e   0x00000000   Code   RO         1290    .ARM.Collect$$libinit$$00000004  c_w.l(libinit2.o)
    0x0800018e   0x0800018e   0x00000000   Code   RO         1292    .ARM.Collect$$libinit$$00000006  c_w.l(libinit2.o)
    0x0800018e   0x0800018e   0x00000000   Code   RO         1295    .ARM.Collect$$libinit$$0000000C  c_w.l(libinit2.o)
    0x0800018e   0x0800018e   0x00000000   Code   RO         1297    .ARM.Collect$$libinit$$0000000E  c_w.l(libinit2.o)
    0x0800018e   0x0800018e   0x00000000   Code   RO         1299    .ARM.Collect$$libinit$$00000010  c_w.l(libinit2.o)
    0x0800018e   0x0800018e   0x00000000   Code   RO         1302    .ARM.Collect$$libinit$$00000013  c_w.l(libinit2.o)
    0x0800018e   0x0800018e   0x00000000   Code   RO         1304    .ARM.Collect$$libinit$$00000015  c_w.l(libinit2.o)
    0x0800018e   0x0800018e   0x00000000   Code   RO         1306    .ARM.Collect$$libinit$$00000017  c_w.l(libinit2.o)
    0x0800018e   0x0800018e   0x00000000   Code   RO         1308    .ARM.Collect$$libinit$$00000019  c_w.l(libinit2.o)
    0x0800018e   0x0800018e   0x00000000   Code   RO         1310    .ARM.Collect$$libinit$$0000001B  c_w.l(libinit2.o)
    0x0800018e   0x0800018e   0x00000000   Code   RO         1312    .ARM.Collect$$libinit$$0000001D  c_w.l(libinit2.o)
    0x0800018e   0x0800018e   0x00000000   Code   RO         1314    .ARM.Collect$$libinit$$0000001F  c_w.l(libinit2.o)
    0x0800018e   0x0800018e   0x00000000   Code   RO         1316    .ARM.Collect$$libinit$$00000021  c_w.l(libinit2.o)
    0x0800018e   0x0800018e   0x00000000   Code   RO         1318    .ARM.Collect$$libinit$$00000023  c_w.l(libinit2.o)
    0x0800018e   0x0800018e   0x00000000   Code   RO         1320    .ARM.Collect$$libinit$$00000025  c_w.l(libinit2.o)
    0x0800018e   0x0800018e   0x00000000   Code   RO         1322    .ARM.Collect$$libinit$$00000027  c_w.l(libinit2.o)
    0x0800018e   0x0800018e   0x00000000   Code   RO         1326    .ARM.Collect$$libinit$$0000002E  c_w.l(libinit2.o)
    0x0800018e   0x0800018e   0x00000000   Code   RO         1328    .ARM.Collect$$libinit$$00000030  c_w.l(libinit2.o)
    0x0800018e   0x0800018e   0x00000000   Code   RO         1330    .ARM.Collect$$libinit$$00000032  c_w.l(libinit2.o)
    0x0800018e   0x0800018e   0x00000000   Code   RO         1332    .ARM.Collect$$libinit$$00000034  c_w.l(libinit2.o)
    0x0800018e   0x0800018e   0x00000002   Code   RO         1333    .ARM.Collect$$libinit$$00000035  c_w.l(libinit2.o)
    0x08000190   0x08000190   0x00000002   Code   RO         1355    .ARM.Collect$$libshutdown$$00000000  c_w.l(libshutdown.o)
    0x08000192   0x08000192   0x00000000   Code   RO         1370    .ARM.Collect$$libshutdown$$00000002  c_w.l(libshutdown2.o)
    0x08000192   0x08000192   0x00000000   Code   RO         1372    .ARM.Collect$$libshutdown$$00000004  c_w.l(libshutdown2.o)
    0x08000192   0x08000192   0x00000000   Code   RO         1375    .ARM.Collect$$libshutdown$$00000007  c_w.l(libshutdown2.o)
    0x08000192   0x08000192   0x00000000   Code   RO         1378    .ARM.Collect$$libshutdown$$0000000A  c_w.l(libshutdown2.o)
    0x08000192   0x08000192   0x00000000   Code   RO         1380    .ARM.Collect$$libshutdown$$0000000C  c_w.l(libshutdown2.o)
    0x08000192   0x08000192   0x00000000   Code   RO         1383    .ARM.Collect$$libshutdown$$0000000F  c_w.l(libshutdown2.o)
    0x08000192   0x08000192   0x00000002   Code   RO         1384    .ARM.Collect$$libshutdown$$00000010  c_w.l(libshutdown2.o)
    0x08000194   0x08000194   0x00000000   Code   RO         1250    .ARM.Collect$$rtentry$$00000000  c_w.l(__rtentry.o)
    0x08000194   0x08000194   0x00000000   Code   RO         1256    .ARM.Collect$$rtentry$$00000002  c_w.l(__rtentry2.o)
    0x08000194   0x08000194   0x00000006   Code   RO         1268    .ARM.Collect$$rtentry$$00000004  c_w.l(__rtentry4.o)
    0x0800019a   0x0800019a   0x00000000   Code   RO         1258    .ARM.Collect$$rtentry$$00000009  c_w.l(__rtentry2.o)
    0x0800019a   0x0800019a   0x00000004   Code   RO         1259    .ARM.Collect$$rtentry$$0000000A  c_w.l(__rtentry2.o)
    0x0800019e   0x0800019e   0x00000000   Code   RO         1261    .ARM.Collect$$rtentry$$0000000C  c_w.l(__rtentry2.o)
    0x0800019e   0x0800019e   0x00000008   Code   RO         1262    .ARM.Collect$$rtentry$$0000000D  c_w.l(__rtentry2.o)
    0x080001a6   0x080001a6   0x00000002   Code   RO         1285    .ARM.Collect$$rtexit$$00000000  c_w.l(rtexit.o)
    0x080001a8   0x080001a8   0x00000000   Code   RO         1335    .ARM.Collect$$rtexit$$00000002  c_w.l(rtexit2.o)
    0x080001a8   0x080001a8   0x00000004   Code   RO         1336    .ARM.Collect$$rtexit$$00000003  c_w.l(rtexit2.o)
    0x080001ac   0x080001ac   0x00000006   Code   RO         1337    .ARM.Collect$$rtexit$$00000004  c_w.l(rtexit2.o)
    0x080001b2   0x080001b2   0x00000002   PAD
    0x080001b4   0x080001b4   0x00000040   Code   RO            4    .text               startup_stm32f103xb.o
    0x080001f4   0x080001f4   0x00000006   Code   RO         1246    .text               c_w.l(heapauxi.o)
    0x080001fa   0x080001fa   0x0000004a   Code   RO         1272    .text               c_w.l(sys_stackheap_outer.o)
    0x08000244   0x08000244   0x00000012   Code   RO         1274    .text               c_w.l(exit.o)
    0x08000256   0x08000256   0x00000002   PAD
    0x08000258   0x08000258   0x00000008   Code   RO         1282    .text               c_w.l(libspace.o)
    0x08000260   0x08000260   0x0000000c   Code   RO         1345    .text               c_w.l(sys_exit.o)
    0x0800026c   0x0800026c   0x00000002   Code   RO         1360    .text               c_w.l(use_no_semi.o)
    0x0800026e   0x0800026e   0x00000000   Code   RO         1362    .text               c_w.l(indicate_semi.o)
    0x0800026e   0x0800026e   0x00000002   PAD
    0x08000270   0x08000270   0x00000002   Code   RO           70    .text.BusFault_Handler  stm32f1xx_it.o
    0x08000272   0x08000272   0x00000002   PAD
    0x08000274   0x08000274   0x00000002   Code   RO           74    .text.DebugMon_Handler  stm32f1xx_it.o
    0x08000276   0x08000276   0x00000002   PAD
    0x08000278   0x08000278   0x0000020e   Code   RO          236    .text.HAL_GPIO_Init  stm32f1xx_hal_gpio.o
    0x08000486   0x08000486   0x00000002   PAD
    0x08000488   0x08000488   0x00000010   Code   RO          244    .text.HAL_GPIO_TogglePin  stm32f1xx_hal_gpio.o
    0x08000498   0x08000498   0x0000000a   Code   RO          242    .text.HAL_GPIO_WritePin  stm32f1xx_hal_gpio.o
    0x080004a2   0x080004a2   0x00000002   PAD
    0x080004a4   0x080004a4   0x0000000c   Code   RO          136    .text.HAL_GetTick   stm32f1xx_hal.o
    0x080004b0   0x080004b0   0x0000001a   Code   RO          134    .text.HAL_IncTick   stm32f1xx_hal.o
    0x080004ca   0x080004ca   0x00000002   PAD
    0x080004cc   0x080004cc   0x00000026   Code   RO          124    .text.HAL_Init      stm32f1xx_hal.o
    0x080004f2   0x080004f2   0x00000002   PAD
    0x080004f4   0x080004f4   0x000000bc   Code   RO           95    .text.HAL_InitTick  stm32f1xx_hal_timebase_tim.o
    0x080005b0   0x080005b0   0x00000050   Code   RO           85    .text.HAL_MspInit   stm32f1xx_hal_msp.o
    0x08000600   0x08000600   0x00000022   Code   RO          296    .text.HAL_NVIC_EnableIRQ  stm32f1xx_hal_cortex.o
    0x08000622   0x08000622   0x00000002   PAD
    0x08000624   0x08000624   0x00000056   Code   RO          294    .text.HAL_NVIC_SetPriority  stm32f1xx_hal_cortex.o
    0x0800067a   0x0800067a   0x00000002   PAD
    0x0800067c   0x0800067c   0x00000020   Code   RO          292    .text.HAL_NVIC_SetPriorityGrouping  stm32f1xx_hal_cortex.o
    0x0800069c   0x0800069c   0x000001c2   Code   RO          188    .text.HAL_RCC_ClockConfig  stm32f1xx_hal_rcc.o
    0x0800085e   0x0800085e   0x00000002   PAD
    0x08000860   0x08000860   0x00000042   Code   RO          206    .text.HAL_RCC_GetClockConfig  stm32f1xx_hal_rcc.o
    0x080008a2   0x080008a2   0x00000002   PAD
    0x080008a4   0x080008a4   0x00000026   Code   RO          200    .text.HAL_RCC_GetPCLK1Freq  stm32f1xx_hal_rcc.o
    0x080008ca   0x080008ca   0x00000002   PAD
    0x080008cc   0x080008cc   0x00000400   Code   RO          186    .text.HAL_RCC_OscConfig  stm32f1xx_hal_rcc.o
    0x08000ccc   0x08000ccc   0x00000002   Code   RO          762    .text.HAL_TIMEx_BreakCallback  stm32f1xx_hal_tim_ex.o
    0x08000cce   0x08000cce   0x00000002   PAD
    0x08000cd0   0x08000cd0   0x00000002   Code   RO          758    .text.HAL_TIMEx_CommutCallback  stm32f1xx_hal_tim_ex.o
    0x08000cd2   0x08000cd2   0x00000002   PAD
    0x08000cd4   0x08000cd4   0x000000ec   Code   RO          457    .text.HAL_TIM_Base_Init  stm32f1xx_hal_tim.o
    0x08000dc0   0x08000dc0   0x00000002   Code   RO          459    .text.HAL_TIM_Base_MspInit  stm32f1xx_hal_tim.o
    0x08000dc2   0x08000dc2   0x00000002   PAD
    0x08000dc4   0x08000dc4   0x0000006e   Code   RO          471    .text.HAL_TIM_Base_Start_IT  stm32f1xx_hal_tim.o
    0x08000e32   0x08000e32   0x00000002   PAD
    0x08000e34   0x08000e34   0x00000002   Code   RO          593    .text.HAL_TIM_IC_CaptureCallback  stm32f1xx_hal_tim.o
    0x08000e36   0x08000e36   0x00000002   PAD
    0x08000e38   0x08000e38   0x00000170   Code   RO          591    .text.HAL_TIM_IRQHandler  stm32f1xx_hal_tim.o
    0x08000fa8   0x08000fa8   0x00000002   Code   RO          595    .text.HAL_TIM_OC_DelayElapsedCallback  stm32f1xx_hal_tim.o
    0x08000faa   0x08000faa   0x00000002   PAD
    0x08000fac   0x08000fac   0x00000002   Code   RO          597    .text.HAL_TIM_PWM_PulseFinishedCallback  stm32f1xx_hal_tim.o
    0x08000fae   0x08000fae   0x00000002   PAD
    0x08000fb0   0x08000fb0   0x00000014   Code   RO           25    .text.HAL_TIM_PeriodElapsedCallback  main.o
    0x08000fc4   0x08000fc4   0x00000002   Code   RO          601    .text.HAL_TIM_TriggerCallback  stm32f1xx_hal_tim.o
    0x08000fc6   0x08000fc6   0x00000002   PAD
    0x08000fc8   0x08000fc8   0x00000002   Code   RO           66    .text.HardFault_Handler  stm32f1xx_it.o
    0x08000fca   0x08000fca   0x00000002   PAD
    0x08000fcc   0x08000fcc   0x00000050   Code   RO           48    .text.MX_FREERTOS_Init  freertos.o
    0x0800101c   0x0800101c   0x00000074   Code   RO           36    .text.MX_GPIO_Init  gpio.o
    0x08001090   0x08001090   0x00000002   Code   RO           68    .text.MemManage_Handler  stm32f1xx_it.o
    0x08001092   0x08001092   0x00000002   PAD
    0x08001094   0x08001094   0x00000002   Code   RO           64    .text.NMI_Handler   stm32f1xx_it.o
    0x08001096   0x08001096   0x0000000a   PAD
    0x080010a0   0x080010a0   0x00000044   Code   RO         1189    .text.PendSV_Handler  port.o
    0x080010e4   0x080010e4   0x0000000c   PAD
    0x080010f0   0x080010f0   0x00000024   Code   RO         1175    .text.SVC_Handler   port.o
    0x08001114   0x08001114   0x0000002e   Code   RO         1191    .text.SysTick_Handler  port.o
    0x08001142   0x08001142   0x00000002   PAD
    0x08001144   0x08001144   0x00000002   Code   RO          776    .text.SystemInit    system_stm32f1xx.o
    0x08001146   0x08001146   0x00000002   PAD
    0x08001148   0x08001148   0x0000000c   Code   RO           76    .text.TIM4_IRQHandler  stm32f1xx_it.o
    0x08001154   0x08001154   0x00000002   Code   RO           72    .text.UsageFault_Handler  stm32f1xx_it.o
    0x08001156   0x08001156   0x00000002   PAD
    0x08001158   0x08001158   0x00000048   Code   RO         1205    .text.led_task      led_task.o
    0x080011a0   0x080011a0   0x00000072   Code   RO           19    .text.main          main.o
    0x08001212   0x08001212   0x00000002   PAD
    0x08001214   0x08001214   0x0000000a   Code   RO         1037    .text.osKernelStart  cmsis_os.o
    0x0800121e   0x0800121e   0x00000002   PAD
    0x08001220   0x08001220   0x0000005c   Code   RO         1043    .text.osThreadCreate  cmsis_os.o
    0x0800127c   0x0800127c   0x000000fc   Code   RO          937    .text.prvAddNewTaskToReadyList  tasks.o
    0x08001378   0x08001378   0x00000086   Code   RO          969    .text.prvIdleTask   tasks.o
    0x080013fe   0x080013fe   0x00000002   PAD
    0x08001400   0x08001400   0x0000010a   Code   RO          935    .text.prvInitialiseNewTask  tasks.o
    0x0800150a   0x0800150a   0x00000002   PAD
    0x0800150c   0x0800150c   0x00000020   Code   RO         1181    .text.prvPortStartFirstTask  port.o
    0x0800152c   0x0800152c   0x0000003e   Code   RO         1173    .text.prvTaskExitError  port.o
    0x0800156a   0x0800156a   0x00000002   PAD
    0x0800156c   0x0800156c   0x000001ec   Code   RO         1151    .text.pvPortMalloc  heap_4.o
    0x08001758   0x08001758   0x00000020   Code   RO         1171    .text.pxPortInitialiseStack  port.o
    0x08001778   0x08001778   0x00000002   Code   RO           11    .text.startup_main  startup_main.o
    0x0800177a   0x0800177a   0x00000002   PAD
    0x0800177c   0x0800177c   0x00000024   Code   RO          828    .text.uxListRemove  list.o
    0x080017a0   0x080017a0   0x0000001a   Code   RO           46    .text.vApplicationGetIdleTaskMemory  freertos.o
    0x080017ba   0x080017ba   0x00000002   PAD
    0x080017bc   0x080017bc   0x00000016   Code   RO          820    .text.vListInitialise  list.o
    0x080017d2   0x080017d2   0x00000002   PAD
    0x080017d4   0x080017d4   0x00000006   Code   RO          822    .text.vListInitialiseItem  list.o
    0x080017da   0x080017da   0x00000002   PAD
    0x080017dc   0x080017dc   0x00000062   Code   RO          826    .text.vListInsert   list.o
    0x0800183e   0x0800183e   0x00000002   PAD
    0x08001840   0x08001840   0x0000001c   Code   RO          824    .text.vListInsertEnd  list.o
    0x0800185c   0x0800185c   0x00000046   Code   RO         1185    .text.vPortEnterCritical  port.o
    0x080018a2   0x080018a2   0x00000002   PAD
    0x080018a4   0x080018a4   0x0000002e   Code   RO         1187    .text.vPortExitCritical  port.o
    0x080018d2   0x080018d2   0x00000002   PAD
    0x080018d4   0x080018d4   0x000000cc   Code   RO         1153    .text.vPortFree     heap_4.o
    0x080019a0   0x080019a0   0x00000034   Code   RO         1179    .text.vPortSetupTimerInterrupt  port.o
    0x080019d4   0x080019d4   0x0000009e   Code   RO          951    .text.vTaskDelay    tasks.o
    0x08001a72   0x08001a72   0x00000002   PAD
    0x08001a74   0x08001a74   0x000000c8   Code   RO          967    .text.vTaskStartScheduler  tasks.o
    0x08001b3c   0x08001b3c   0x00000010   Code   RO          945    .text.vTaskSuspendAll  tasks.o
    0x08001b4c   0x08001b4c   0x0000006e   Code   RO          961    .text.vTaskSwitchContext  tasks.o
    0x08001bba   0x08001bba   0x00000002   PAD
    0x08001bbc   0x08001bbc   0x0000000c   Code   RO         1155    .text.xPortGetFreeHeapSize  heap_4.o
    0x08001bc8   0x08001bc8   0x00000130   Code   RO         1177    .text.xPortStartScheduler  port.o
    0x08001cf8   0x08001cf8   0x00000060   Code   RO          939    .text.xTaskCreate   tasks.o
    0x08001d58   0x08001d58   0x00000072   Code   RO          933    .text.xTaskCreateStatic  tasks.o
    0x08001dca   0x08001dca   0x00000002   PAD
    0x08001dcc   0x08001dcc   0x00000106   Code   RO          973    .text.xTaskIncrementTick  tasks.o
    0x08001ed2   0x08001ed2   0x00000002   PAD
    0x08001ed4   0x08001ed4   0x000000ea   Code   RO          949    .text.xTaskResumeAll  tasks.o
    0x08001fbe   0x08001fbe   0x00000010   Data   RO          781    .rodata.AHBPrescTable  system_stm32f1xx.o
    0x08001fce   0x08001fce   0x00000008   Data   RO          782    .rodata.APBPrescTable  system_stm32f1xx.o
    0x08001fd6   0x08001fd6   0x00000002   Data   RO          213    .rodata.HAL_RCC_GetSysClockFreq.aPredivFactorTable  stm32f1xx_hal_rcc.o
    0x08001fd8   0x08001fd8   0x00000010   Data   RO          212    .rodata.cst16       stm32f1xx_hal_rcc.o
    0x08001fe8   0x08001fe8   0x00000009   Data   RO           54    .rodata.str1.1      freertos.o
    0x08001ff1   0x08001ff1   0x00000003   PAD
    0x08001ff4   0x08001ff4   0x00000020   Data   RO         1418    Region$$Table       anon$$obj.o


    Execution Region RW_IRAM1 (Exec base: 0x20000000, Load base: 0x08002018, Size: 0x00001670, Max: 0x00005000, ABSOLUTE)

    Exec Addr    Load Addr    Size         Type   Attr      Idx    E Section Name        Object

    0x20000000   0x08002018   0x00000008   Data   RW          175    .data..L_MergedGlobals  stm32f1xx_hal.o
    0x20000008   0x08002020   0x00000004   Data   RW          780    .data.SystemCoreClock  system_stm32f1xx.o
    0x2000000c   0x08002024   0x00000004   Data   RW         1195    .data.uxCriticalNesting  port.o
    0x20000010        -       0x00000060   Zero   RW         1283    .bss                c_w.l(libspace.o)
    0x20000070        -       0x00000078   Zero   RW         1026    .bss..L_MergedGlobals  tasks.o
    0x200000e8        -       0x00000018   Zero   RW         1162    .bss..L_MergedGlobals  heap_4.o
    0x20000100        -       0x00000008   Zero   RW         1196    .bss..L_MergedGlobals  port.o
    0x20000108        -       0x0000000c   Zero   RW         1207    .bss..L_MergedGlobals  led_task.o
    0x20000114        -       0x00000028   Zero   RW         1027    .bss..L_MergedGlobals.2  tasks.o
    0x2000013c        -       0x00000004   Zero   RW           55    .bss.LED_TASKHandle  freertos.o
    0x20000140        -       0x00000048   Zero   RW          101    .bss.htim4          stm32f1xx_hal_timebase_tim.o
    0x20000188        -       0x0000008c   Zero   RW         1025    .bss.pxReadyTasksLists  tasks.o
    0x20000214        -       0x00000c00   Zero   RW         1161    .bss.ucHeap         heap_4.o
    0x20000e14        -       0x00000004   Zero   RW          174    .bss.uwTick         stm32f1xx_hal.o
    0x20000e18        -       0x00000200   Zero   RW           53    .bss.xIdleStack     freertos.o
    0x20001018        -       0x00000054   Zero   RW           52    .bss.xIdleTaskTCBBuffer  freertos.o
    0x2000106c   0x08002028   0x00000004   PAD
    0x20001070        -       0x00000200   Zero   RW            2    HEAP                startup_stm32f103xb.o
    0x20001270        -       0x00000400   Zero   RW            1    STACK               startup_stm32f103xb.o


==============================================================================

Image component sizes


      Code (inc. data)   RO Data    RW Data    ZI Data      Debug   Object Name

       102          0          0          0          0      24997   cmsis_os.o
       106         28          9          0        600       3150   freertos.o
       116          0          0          0          0       1708   gpio.o
       708          0          0          0       3096       4652   heap_4.o
        72          0          0          0         12       2130   led_task.o
       190          0          0          0          0       2379   list.o
       134          0          0          0          0       6228   main.o
       748         12          0          4          8       4202   port.o
         2          0          0          0          0       1658   startup_main.o
        64         26        236          0       1536        836   startup_stm32f103xb.o
        76          0          0          8          4       5816   stm32f1xx_hal.o
       152          0          0          0          0       8507   stm32f1xx_hal_cortex.o
       552         20          0          0          0       4689   stm32f1xx_hal_gpio.o
        80          0          0          0          0       2441   stm32f1xx_hal_msp.o
      1578          0         18          0          0       7997   stm32f1xx_hal_rcc.o
       724          0          0          0          0      55817   stm32f1xx_hal_tim.o
         4          0          0          0          0      20611   stm32f1xx_hal_tim_ex.o
       188          0          0          0         72       5889   stm32f1xx_hal_timebase_tim.o
        24          0          0          0          0       4030   stm32f1xx_it.o
         2          0         24          4          0       1654   system_stm32f1xx.o
      1842          8          0          0        300      28534   tasks.o

    ----------------------------------------------------------------------
      7566        106        322         16       5632     197925   Object Totals
         0          0         32          0          0          0   (incl. Generated)
       102         12          3          0          4          0   (incl. Padding)

    ----------------------------------------------------------------------

      Code (inc. data)   RO Data    RW Data    ZI Data      Debug   Library Member Name

         8          0          0          0          0         68   __main.o
         0          0          0          0          0          0   __rtentry.o
        12          0          0          0          0          0   __rtentry2.o
         6          0          0          0          0          0   __rtentry4.o
        94          8          0          0          0          0   __scatter.o
        26          0          0          0          0          0   __scatter_copy.o
        28          0          0          0          0          0   __scatter_zi.o
        18          0          0          0          0         80   exit.o
         6          0          0          0          0        152   heapauxi.o
         0          0          0          0          0          0   indicate_semi.o
         2          0          0          0          0          0   libinit.o
         2          0          0          0          0          0   libinit2.o
         2          0          0          0          0          0   libshutdown.o
         2          0          0          0          0          0   libshutdown2.o
         8          4          0          0         96         68   libspace.o
         2          0          0          0          0          0   rtexit.o
        10          0          0          0          0          0   rtexit2.o
        12          4          0          0          0         68   sys_exit.o
        74          0          0          0          0         80   sys_stackheap_outer.o
         2          0          0          0          0         68   use_no_semi.o

    ----------------------------------------------------------------------
       324         16          0          0         96        584   Library Totals
        10          0          0          0          0          0   (incl. Padding)

    ----------------------------------------------------------------------

      Code (inc. data)   RO Data    RW Data    ZI Data      Debug   Library Name

       314         16          0          0         96        584   c_w.l

    ----------------------------------------------------------------------
       324         16          0          0         96        584   Library Totals

    ----------------------------------------------------------------------

==============================================================================


      Code (inc. data)   RO Data    RW Data    ZI Data      Debug   

      7890        122        322         16       5728     198089   Grand Totals
      7890        122        322         16       5728     198089   ELF Image Totals
      7890        122        322         16          0          0   ROM Totals

==============================================================================

    Total RO  Size (Code + RO Data)                 8212 (   8.02kB)
    Total RW  Size (RW Data + ZI Data)              5744 (   5.61kB)
    Total ROM Size (Code + RO Data + RW Data)       8228 (   8.04kB)

==============================================================================

